Archive member included to satisfy reference by file (symbol)

C:/ST/STM32CubeIDE_1.14.1/STM32CubeIDE/plugins/com.st.stm32cube.ide.mcu.externaltools.gnu-tools-for-stm32.13.3.rel1.win32_1.0.0.202411081344/tools/bin/../lib/gcc/arm-none-eabi/13.3.1/../../../../arm-none-eabi/lib/thumb/v7e-m+fp/hard\libc_nano.a(libc_a-exit.o)
                              C:/ST/STM32CubeIDE_1.14.1/STM32CubeIDE/plugins/com.st.stm32cube.ide.mcu.externaltools.gnu-tools-for-stm32.13.3.rel1.win32_1.0.0.202411081344/tools/bin/../lib/gcc/arm-none-eabi/13.3.1/../../../../arm-none-eabi/lib/thumb/v7e-m+fp/hard/crt0.o (exit)
C:/ST/STM32CubeIDE_1.14.1/STM32CubeIDE/plugins/com.st.stm32cube.ide.mcu.externaltools.gnu-tools-for-stm32.13.3.rel1.win32_1.0.0.202411081344/tools/bin/../lib/gcc/arm-none-eabi/13.3.1/../../../../arm-none-eabi/lib/thumb/v7e-m+fp/hard\libc_nano.a(libc_a-nano-vfprintf_float.o)
                              (_printf_float)
C:/ST/STM32CubeIDE_1.14.1/STM32CubeIDE/plugins/com.st.stm32cube.ide.mcu.externaltools.gnu-tools-for-stm32.13.3.rel1.win32_1.0.0.202411081344/tools/bin/../lib/gcc/arm-none-eabi/13.3.1/../../../../arm-none-eabi/lib/thumb/v7e-m+fp/hard\libc_nano.a(libc_a-nano-vfprintf_i.o)
                              C:/ST/STM32CubeIDE_1.14.1/STM32CubeIDE/plugins/com.st.stm32cube.ide.mcu.externaltools.gnu-tools-for-stm32.13.3.rel1.win32_1.0.0.202411081344/tools/bin/../lib/gcc/arm-none-eabi/13.3.1/../../../../arm-none-eabi/lib/thumb/v7e-m+fp/hard\libc_nano.a(libc_a-nano-vfprintf_float.o) (_printf_common)
C:/ST/STM32CubeIDE_1.14.1/STM32CubeIDE/plugins/com.st.stm32cube.ide.mcu.externaltools.gnu-tools-for-stm32.13.3.rel1.win32_1.0.0.202411081344/tools/bin/../lib/gcc/arm-none-eabi/13.3.1/../../../../arm-none-eabi/lib/thumb/v7e-m+fp/hard\libc_nano.a(libc_a-nano-vfscanf_float.o)
                              (_scanf_float)
C:/ST/STM32CubeIDE_1.14.1/STM32CubeIDE/plugins/com.st.stm32cube.ide.mcu.externaltools.gnu-tools-for-stm32.13.3.rel1.win32_1.0.0.202411081344/tools/bin/../lib/gcc/arm-none-eabi/13.3.1/../../../../arm-none-eabi/lib/thumb/v7e-m+fp/hard\libc_nano.a(libc_a-findfp.o)
                              C:/ST/STM32CubeIDE_1.14.1/STM32CubeIDE/plugins/com.st.stm32cube.ide.mcu.externaltools.gnu-tools-for-stm32.13.3.rel1.win32_1.0.0.202411081344/tools/bin/../lib/gcc/arm-none-eabi/13.3.1/../../../../arm-none-eabi/lib/thumb/v7e-m+fp/hard\libc_nano.a(libc_a-exit.o) (__stdio_exit_handler)
C:/ST/STM32CubeIDE_1.14.1/STM32CubeIDE/plugins/com.st.stm32cube.ide.mcu.externaltools.gnu-tools-for-stm32.13.3.rel1.win32_1.0.0.202411081344/tools/bin/../lib/gcc/arm-none-eabi/13.3.1/../../../../arm-none-eabi/lib/thumb/v7e-m+fp/hard\libc_nano.a(libc_a-fwalk.o)
                              C:/ST/STM32CubeIDE_1.14.1/STM32CubeIDE/plugins/com.st.stm32cube.ide.mcu.externaltools.gnu-tools-for-stm32.13.3.rel1.win32_1.0.0.202411081344/tools/bin/../lib/gcc/arm-none-eabi/13.3.1/../../../../arm-none-eabi/lib/thumb/v7e-m+fp/hard\libc_nano.a(libc_a-findfp.o) (_fwalk_sglue)
C:/ST/STM32CubeIDE_1.14.1/STM32CubeIDE/plugins/com.st.stm32cube.ide.mcu.externaltools.gnu-tools-for-stm32.13.3.rel1.win32_1.0.0.202411081344/tools/bin/../lib/gcc/arm-none-eabi/13.3.1/../../../../arm-none-eabi/lib/thumb/v7e-m+fp/hard\libc_nano.a(libc_a-sprintf.o)
                              ./Core/Src/main.o (sprintf)
C:/ST/STM32CubeIDE_1.14.1/STM32CubeIDE/plugins/com.st.stm32cube.ide.mcu.externaltools.gnu-tools-for-stm32.13.3.rel1.win32_1.0.0.202411081344/tools/bin/../lib/gcc/arm-none-eabi/13.3.1/../../../../arm-none-eabi/lib/thumb/v7e-m+fp/hard\libc_nano.a(libc_a-stdio.o)
                              C:/ST/STM32CubeIDE_1.14.1/STM32CubeIDE/plugins/com.st.stm32cube.ide.mcu.externaltools.gnu-tools-for-stm32.13.3.rel1.win32_1.0.0.202411081344/tools/bin/../lib/gcc/arm-none-eabi/13.3.1/../../../../arm-none-eabi/lib/thumb/v7e-m+fp/hard\libc_nano.a(libc_a-findfp.o) (__sread)
C:/ST/STM32CubeIDE_1.14.1/STM32CubeIDE/plugins/com.st.stm32cube.ide.mcu.externaltools.gnu-tools-for-stm32.13.3.rel1.win32_1.0.0.202411081344/tools/bin/../lib/gcc/arm-none-eabi/13.3.1/../../../../arm-none-eabi/lib/thumb/v7e-m+fp/hard\libc_nano.a(libc_a-memset.o)
                              C:/ST/STM32CubeIDE_1.14.1/STM32CubeIDE/plugins/com.st.stm32cube.ide.mcu.externaltools.gnu-tools-for-stm32.13.3.rel1.win32_1.0.0.202411081344/tools/bin/../lib/gcc/arm-none-eabi/13.3.1/../../../../arm-none-eabi/lib/thumb/v7e-m+fp/hard/crt0.o (memset)
C:/ST/STM32CubeIDE_1.14.1/STM32CubeIDE/plugins/com.st.stm32cube.ide.mcu.externaltools.gnu-tools-for-stm32.13.3.rel1.win32_1.0.0.202411081344/tools/bin/../lib/gcc/arm-none-eabi/13.3.1/../../../../arm-none-eabi/lib/thumb/v7e-m+fp/hard\libc_nano.a(libc_a-localeconv.o)
                              C:/ST/STM32CubeIDE_1.14.1/STM32CubeIDE/plugins/com.st.stm32cube.ide.mcu.externaltools.gnu-tools-for-stm32.13.3.rel1.win32_1.0.0.202411081344/tools/bin/../lib/gcc/arm-none-eabi/13.3.1/../../../../arm-none-eabi/lib/thumb/v7e-m+fp/hard\libc_nano.a(libc_a-nano-vfprintf_float.o) (_localeconv_r)
[...]
Memory Configuration

Name             Origin             Length             Attributes
CCMRAM           0x10000000         0x00010000         xrw
RAM              0x20000000         0x00020000         xrw
FLASH            0x08000000         0x00080000         xr
*default*        0x00000000         0xffffffff

Linker script and memory map

LOAD C:/ST/STM32CubeIDE_1.14.1/STM32CubeIDE/plugins/com.st.stm32cube.ide.mcu.externaltools.gnu-tools-for-stm32.13.3.rel1.win32_1.0.0.202411081344/tools/bin/../lib/gcc/arm-none-eabi/13.3.1/thumb/v7e-m+fp/hard/crti.o
LOAD C:/ST/STM32CubeIDE_1.14.1/STM32CubeIDE/plugins/com.st.stm32cube.ide.mcu.externaltools.gnu-tools-for-stm32.13.3.rel1.win32_1.0.0.202411081344/tools/bin/../lib/gcc/arm-none-eabi/13.3.1/thumb/v7e-m+fp/hard/crtbegin.o
LOAD C:/ST/STM32CubeIDE_1.14.1/STM32CubeIDE/plugins/com.st.stm32cube.ide.mcu.externaltools.gnu-tools-for-stm32.13.3.rel1.win32_1.0.0.202411081344/tools/bin/../lib/gcc/arm-none-eabi/13.3.1/../../../../arm-none-eabi/lib/thumb/v7e-m+fp/hard/crt0.o
LOAD ./Core/Src/SR04.o
LOAD ./Core/Src/font.o
LOAD ./Core/Src/freertos.o
LOAD ./Core/Src/main.o
LOAD ./Core/Src/mpu6050.o
LOAD ./Core/Src/st7789.o
LOAD ./Core/Src/stm32f4xx_hal_msp.o
LOAD ./Core/Src/stm32f4xx_it.o
LOAD ./Core/Src/syscalls.o
LOAD ./Core/Src/sysmem.o
LOAD ./Core/Src/system_stm32f4xx.o
LOAD ./Core/Startup/startup_stm32f407vetx.o
LOAD ./Drivers/STM32F4xx_HAL_Driver/Src/stm32f4xx_hal.o
LOAD ./Drivers/STM32F4xx_HAL_Driver/Src/stm32f4xx_hal_cortex.o
LOAD ./Drivers/STM32F4xx_HAL_Driver/Src/stm32f4xx_hal_dma.o
LOAD ./Drivers/STM32F4xx_HAL_Driver/Src/stm32f4xx_hal_dma_ex.o
LOAD ./Drivers/STM32F4xx_HAL_Driver/Src/stm32f4xx_hal_exti.o
LOAD ./Drivers/STM32F4xx_HAL_Driver/Src/stm32f4xx_hal_flash.o
LOAD ./Drivers/STM32F4xx_HAL_Driver/Src/stm32f4xx_hal_flash_ex.o
LOAD ./Drivers/STM32F4xx_HAL_Driver/Src/stm32f4xx_hal_flash_ramfunc.o
LOAD ./Drivers/STM32F4xx_HAL_Driver/Src/stm32f4xx_hal_gpio.o
LOAD ./Drivers/STM32F4xx_HAL_Driver/Src/stm32f4xx_hal_i2c.o
LOAD ./Drivers/STM32F4xx_HAL_Driver/Src/stm32f4xx_hal_i2c_ex.o
LOAD ./Drivers/STM32F4xx_HAL_Driver/Src/stm32f4xx_hal_mmc.o
LOAD ./Drivers/STM32F4xx_HAL_Driver/Src/stm32f4xx_hal_pwr.o
LOAD ./Drivers/STM32F4xx_HAL_Driver/Src/stm32f4xx_hal_pwr_ex.o
LOAD ./Drivers/STM32F4xx_HAL_Driver/Src/stm32f4xx_hal_rcc.o
LOAD ./Drivers/STM32F4xx_HAL_Driver/Src/stm32f4xx_hal_rcc_ex.o
LOAD ./Drivers/STM32F4xx_HAL_Driver/Src/stm32f4xx_hal_sd.o
LOAD ./Drivers/STM32F4xx_HAL_Driver/Src/stm32f4xx_hal_spi.o
LOAD ./Drivers/STM32F4xx_HAL_Driver/Src/stm32f4xx_hal_tim.o
LOAD ./Drivers/STM32F4xx_HAL_Driver/Src/stm32f4xx_hal_tim_ex.o
LOAD ./Drivers/STM32F4xx_HAL_Driver/Src/stm32f4xx_hal_uart.o
LOAD ./Drivers/STM32F4xx_HAL_Driver/Src/stm32f4xx_ll_sdmmc.o
LOAD ./FATFS/App/fatfs.o
LOAD ./FATFS/Target/bsp_driver_sd.o
LOAD ./FATFS/Target/sd_diskio.o
LOAD ./Middlewares/Third_Party/FatFs/src/diskio.o
LOAD ./Middlewares/Third_Party/FatFs/src/ff.o
LOAD ./Middlewares/Third_Party/FatFs/src/ff_gen_drv.o
LOAD ./Middlewares/Third_Party/FatFs/src/option/ccsbcs.o
LOAD ./Middlewares/Third_Party/FatFs/src/option/syscall.o
LOAD ./Middlewares/Third_Party/FreeRTOS/Source/CMSIS_RTOS/cmsis_os.o
LOAD ./Middlewares/Third_Party/FreeRTOS/Source/croutine.o
LOAD ./Middlewares/Third_Party/FreeRTOS/Source/event_groups.o
LOAD ./Middlewares/Third_Party/FreeRTOS/Source/list.o
LOAD ./Middlewares/Third_Party/FreeRTOS/Source/queue.o
LOAD ./Middlewares/Third_Party/FreeRTOS/Source/stream_buffer.o
LOAD ./Middlewares/Third_Party/FreeRTOS/Source/tasks.o
LOAD ./Middlewares/Third_Party/FreeRTOS/Source/timers.o
LOAD ./Middlewares/Third_Party/FreeRTOS/Source/portable/GCC/ARM_CM4F/port.o
LOAD ./Middlewares/Third_Party/FreeRTOS/Source/portable/MemMang/heap_4.o
START GROUP
LOAD C:/ST/STM32CubeIDE_1.14.1/STM32CubeIDE/plugins/com.st.stm32cube.ide.mcu.externaltools.gnu-tools-for-stm32.13.3.rel1.win32_1.0.0.202411081344/tools/bin/../lib/gcc/arm-none-eabi/13.3.1/../../../../arm-none-eabi/lib/thumb/v7e-m+fp/hard\libc_nano.a
LOAD C:/ST/STM32CubeIDE_1.14.1/STM32CubeIDE/plugins/com.st.stm32cube.ide.mcu.externaltools.gnu-tools-for-stm32.13.3.rel1.win32_1.0.0.202411081344/tools/bin/../lib/gcc/arm-none-eabi/13.3.1/../../../../arm-none-eabi/lib/thumb/v7e-m+fp/hard\libm.a
END GROUP
START GROUP
LOAD C:/ST/STM32CubeIDE_1.14.1/STM32CubeIDE/plugins/com.st.stm32cube.ide.mcu.externaltools.gnu-tools-for-stm32.13.3.rel1.win32_1.0.0.202411081344/tools/bin/../lib/gcc/arm-none-eabi/13.3.1/thumb/v7e-m+fp/hard\libgcc.a
LOAD C:/ST/STM32CubeIDE_1.14.1/STM32CubeIDE/plugins/com.st.stm32cube.ide.mcu.externaltools.gnu-tools-for-stm32.13.3.rel1.win32_1.0.0.202411081344/tools/bin/../lib/gcc/arm-none-eabi/13.3.1/../../../../arm-none-eabi/lib/thumb/v7e-m+fp/hard\libc_nano.a
END GROUP
START GROUP
LOAD C:/ST/STM32CubeIDE_1.14.1/STM32CubeIDE/plugins/com.st.stm32cube.ide.mcu.externaltools.gnu-tools-for-stm32.13.3.rel1.win32_1.0.0.202411081344/tools/bin/../lib/gcc/arm-none-eabi/13.3.1/thumb/v7e-m+fp/hard\libgcc.a
LOAD C:/ST/STM32CubeIDE_1.14.1/STM32CubeIDE/plugins/com.st.stm32cube.ide.mcu.externaltools.gnu-tools-for-stm32.13.3.rel1.win32_1.0.0.202411081344/tools/bin/../lib/gcc/arm-none-eabi/13.3.1/../../../../arm-none-eabi/lib/thumb/v7e-m+fp/hard\libc_nano.a
LOAD C:/ST/STM32CubeIDE_1.14.1/STM32CubeIDE/plugins/com.st.stm32cube.ide.mcu.externaltools.gnu-tools-for-stm32.13.3.rel1.win32_1.0.0.202411081344/tools/bin/../lib/gcc/arm-none-eabi/13.3.1/../../../../arm-none-eabi/lib/thumb/v7e-m+fp/hard\libnosys.a
END GROUP
START GROUP
LOAD C:/ST/STM32CubeIDE_1.14.1/STM32CubeIDE/plugins/com.st.stm32cube.ide.mcu.externaltools.gnu-tools-for-stm32.13.3.rel1.win32_1.0.0.202411081344/tools/bin/../lib/gcc/arm-none-eabi/13.3.1/thumb/v7e-m+fp/hard\libgcc.a
LOAD C:/ST/STM32CubeIDE_1.14.1/STM32CubeIDE/plugins/com.st.stm32cube.ide.mcu.externaltools.gnu-tools-for-stm32.13.3.rel1.win32_1.0.0.202411081344/tools/bin/../lib/gcc/arm-none-eabi/13.3.1/../../../../arm-none-eabi/lib/thumb/v7e-m+fp/hard\libc_nano.a
LOAD C:/ST/STM32CubeIDE_1.14.1/STM32CubeIDE/plugins/com.st.stm32cube.ide.mcu.externaltools.gnu-tools-for-stm32.13.3.rel1.win32_1.0.0.202411081344/tools/bin/../lib/gcc/arm-none-eabi/13.3.1/../../../../arm-none-eabi/lib/thumb/v7e-m+fp/hard\libnosys.a
END GROUP
LOAD C:/ST/STM32CubeIDE_1.14.1/STM32CubeIDE/plugins/com.st.stm32cube.ide.mcu.externaltools.gnu-tools-for-stm32.13.3.rel1.win32_1.0.0.202411081344/tools/bin/../lib/gcc/arm-none-eabi/13.3.1/thumb/v7e-m+fp/hard/crtend.o
LOAD C:/ST/STM32CubeIDE_1.14.1/STM32CubeIDE/plugins/com.st.stm32cube.ide.mcu.externaltools.gnu-tools-for-stm32.13.3.rel1.win32_1.0.0.202411081344/tools/bin/../lib/gcc/arm-none-eabi/13.3.1/thumb/v7e-m+fp/hard/crtn.o
                0x20020000                        _estack = (ORIGIN (RAM) + LENGTH (RAM))
                0x00000200                        _Min_Heap_Size = 0x200
                0x00000400                        _Min_Stack_Size = 0x400

.isr_vector     0x08000000      0x188
                0x08000000                        . = ALIGN (0x4)
 *(.isr_vector)
 .isr_vector    0x08000000      0x188 ./Core/Startup/startup_stm32f407vetx.o
                0x08000000                g_pfnVectors
                0x08000188                        . = ALIGN (0x4)

.text           0x08000190    0x139ec
                0x08000190                        . = ALIGN (0x4)
 *(.text)
 .text          0x08000190       0x40 C:/ST/STM32CubeIDE_1.14.1/STM32CubeIDE/plugins/com.st.stm32cube.ide.mcu.externaltools.gnu-tools-for-stm32.13.3.rel1.win32_1.0.0.202411081344/tools/bin/../lib/gcc/arm-none-eabi/13.3.1/thumb/v7e-m+fp/hard/crtbegin.o
 .text          0x080001d0       0xa0 C:/ST/STM32CubeIDE_1.14.1/STM32CubeIDE/plugins/com.st.stm32cube.ide.mcu.externaltools.gnu-tools-for-stm32.13.3.rel1.win32_1.0.0.202411081344/tools/bin/../lib/gcc/arm-none-eabi/13.3.1/../../../../arm-none-eabi/lib/thumb/v7e-m+fp/hard\libc_nano.a(libc_a-memchr.o)
                0x080001d0                memchr
 .text          0x08000270       0x10 C:/ST/STM32CubeIDE_1.14.1/STM32CubeIDE/plugins/com.st.stm32cube.ide.mcu.externaltools.gnu-tools-for-stm32.13.3.rel1.win32_1.0.0.202411081344/tools/bin/../lib/gcc/arm-none-eabi/13.3.1/../../../../arm-none-eabi/lib/thumb/v7e-m+fp/hard\libc_nano.a(libc_a-strlen.o)
                0x08000270                strlen
 .text          0x08000280      0x378 C:/ST/STM32CubeIDE_1.14.1/STM32CubeIDE/plugins/com.st.stm32cube.ide.mcu.externaltools.gnu-tools-for-stm32.13.3.rel1.win32_1.0.0.202411081344/tools/bin/../lib/gcc/arm-none-eabi/13.3.1/thumb/v7e-m+fp/hard\libgcc.a(_arm_addsubdf3.o)
                0x08000280                __aeabi_drsub
                0x08000288                __aeabi_dsub
                0x08000288                __subdf3
                0x0800028c                __aeabi_dadd
                0x0800028c                __adddf3
                0x08000504                __floatunsidf
                0x08000504                __aeabi_ui2d
                0x08000524                __floatsidf
                0x08000524                __aeabi_i2d
                0x08000548                __aeabi_f2d
                0x08000548                __extendsfdf2
                0x0800058c                __floatundidf
                0x0800058c                __aeabi_ul2d
                0x0800059c                __floatdidf
                0x0800059c                __aeabi_l2d
 .text          0x080005f8      0x424 C:/ST/STM32CubeIDE_1.14.1/STM32CubeIDE/plugins/com.st.stm32cube.ide.mcu.externaltools.gnu-tools-for-stm32.13.3.rel1.win32_1.0.0.202411081344/tools/bin/../lib/gcc/arm-none-eabi/13.3.1/thumb/v7e-m+fp/hard\libgcc.a(_arm_muldivdf3.o)
                0x080005f8                __aeabi_dmul
                0x080005f8                __muldf3
                0x0800084c                __divdf3
                0x0800084c                __aeabi_ddiv
 .text          0x08000a1c      0x110 C:/ST/STM32CubeIDE_1.14.1/STM32CubeIDE/plugins/com.st.stm32cube.ide.mcu.externaltools.gnu-tools-for-stm32.13.3.rel1.win32_1.0.0.202411081344/tools/bin/../lib/gcc/arm-none-eabi/13.3.1/thumb/v7e-m+fp/hard\libgcc.a(_arm_cmpdf2.o)
                0x08000a1c                __gtdf2
                0x08000a1c                __gedf2
                0x08000a24                __ltdf2
                0x08000a24                __ledf2
                0x08000a2c                __nedf2
                0x08000a2c                __eqdf2
                0x08000a2c                __cmpdf2
                0x08000aa8                __aeabi_cdrcmple
                0x08000ab8                __aeabi_cdcmpeq
                0x08000ab8                __aeabi_cdcmple
                0x08000ac8                __aeabi_dcmpeq
                0x08000adc                __aeabi_dcmplt
                0x08000af0                __aeabi_dcmple
                0x08000b04                __aeabi_dcmpge
                0x08000b18                __aeabi_dcmpgt
 .text          0x08000b2c       0x2c C:/ST/STM32CubeIDE_1.14.1/STM32CubeIDE/plugins/com.st.stm32cube.ide.mcu.externaltools.gnu-tools-for-stm32.13.3.rel1.win32_1.0.0.202411081344/tools/bin/../lib/gcc/arm-none-eabi/13.3.1/thumb/v7e-m+fp/hard\libgcc.a(_arm_unorddf2.o)
                0x08000b2c                __unorddf2
                0x08000b2c                __aeabi_dcmpun
 .text          0x08000b58       0x50 C:/ST/STM32CubeIDE_1.14.1/STM32CubeIDE/plugins/com.st.stm32cube.ide.mcu.externaltools.gnu-tools-for-stm32.13.3.rel1.win32_1.0.0.202411081344/tools/bin/../lib/gcc/arm-none-eabi/13.3.1/thumb/v7e-m+fp/hard\libgcc.a(_arm_fixdfsi.o)
                0x08000b58                __aeabi_d2iz
                0x08000b58                __fixdfsi
 .text          0x08000ba8       0x40 C:/ST/STM32CubeIDE_1.14.1/STM32CubeIDE/plugins/com.st.stm32cube.ide.mcu.externaltools.gnu-tools-for-stm32.13.3.rel1.win32_1.0.0.202411081344/tools/bin/../lib/gcc/arm-none-eabi/13.3.1/thumb/v7e-m+fp/hard\libgcc.a(_arm_fixunsdfsi.o)
                0x08000ba8                __aeabi_d2uiz
                0x08000ba8                __fixunsdfsi
 .text          0x08000be8       0xa0 C:/ST/STM32CubeIDE_1.14.1/STM32CubeIDE/plugins/com.st.stm32cube.ide.mcu.externaltools.gnu-tools-for-stm32.13.3.rel1.win32_1.0.0.202411081344/tools/bin/../lib/gcc/arm-none-eabi/13.3.1/thumb/v7e-m+fp/hard\libgcc.a(_arm_truncdfsf2.o)
                0x08000be8                __truncdfsf2
                0x08000be8                __aeabi_d2f
 .text          0x08000c88       0x30 C:/ST/STM32CubeIDE_1.14.1/STM32CubeIDE/plugins/com.st.stm32cube.ide.mcu.externaltools.gnu-tools-for-stm32.13.3.rel1.win32_1.0.0.202411081344/tools/bin/../lib/gcc/arm-none-eabi/13.3.1/thumb/v7e-m+fp/hard\libgcc.a(_aeabi_uldivmod.o)
                0x08000c88                __aeabi_uldivmod
 .text          0x08000cb8       0x30 C:/ST/STM32CubeIDE_1.14.1/STM32CubeIDE/plugins/com.st.stm32cube.ide.mcu.externaltools.gnu-tools-for-stm32.13.3.rel1.win32_1.0.0.202411081344/tools/bin/../lib/gcc/arm-none-eabi/13.3.1/thumb/v7e-m+fp/hard\libgcc.a(_fixdfdi.o)
                0x08000cb8                __fixdfdi
                0x08000cb8                __aeabi_d2lz
 .text          0x08000ce8       0x3c C:/ST/STM32CubeIDE_1.14.1/STM32CubeIDE/plugins/com.st.stm32cube.ide.mcu.externaltools.gnu-tools-for-stm32.13.3.rel1.win32_1.0.0.202411081344/tools/bin/../lib/gcc/arm-none-eabi/13.3.1/thumb/v7e-m+fp/hard\libgcc.a(_fixunsdfdi.o)
                0x08000ce8                __fixunsdfdi
                0x08000ce8                __aeabi_d2ulz
 .text          0x08000d24      0x2f8 C:/ST/STM32CubeIDE_1.14.1/STM32CubeIDE/plugins/com.st.stm32cube.ide.mcu.externaltools.gnu-tools-for-stm32.13.3.rel1.win32_1.0.0.202411081344/tools/bin/../lib/gcc/arm-none-eabi/13.3.1/thumb/v7e-m+fp/hard\libgcc.a(_udivmoddi4.o)
                0x08000d24                __udivmoddi4
 .text          0x0800101c        0x4 C:/ST/STM32CubeIDE_1.14.1/STM32CubeIDE/plugins/com.st.stm32cube.ide.mcu.externaltools.gnu-tools-for-stm32.13.3.rel1.win32_1.0.0.202411081344/tools/bin/../lib/gcc/arm-none-eabi/13.3.1/thumb/v7e-m+fp/hard\libgcc.a(_dvmd_tls.o)
                0x0800101c                __aeabi_idiv0
                0x0800101c                __aeabi_ldiv0
 *(.text*)
 .text.sr04_init
                0x08001020      0x10c ./Core/Src/SR04.o
                0x08001020                sr04_init
 .text.sr04_trigger
                0x0800112c       0x44 ./Core/Src/SR04.o
                0x0800112c                sr04_trigger
 .text.sr04_read_distance
                0x08001170      0x314 ./Core/Src/SR04.o
                0x08001170                sr04_read_distance
 .text.vApplicationGetIdleTaskMemory
                0x08001484       0x34 ./Core/Src/freertos.o
                0x08001484                vApplicationGetIdleTaskMemory
 .text.mpu6050_accel_g
                0x080014b8       0x34 ./Core/Src/main.o
 .text.mpu6050_gyro_dps
                0x080014ec       0x34 ./Core/Src/main.o
 .text.main     0x08001520      0x24c ./Core/Src/main.o
                0x08001520                main
 .text.SystemClock_Config
                0x0800176c       0xd4 ./Core/Src/main.o
                0x0800176c                SystemClock_Config
 .text.MX_I2C1_Init
                0x08001840       0x5c ./Core/Src/main.o
 .text.MX_SDIO_SD_Init
                0x0800189c       0x44 ./Core/Src/main.o
 .text.MX_SPI1_Init
                0x080018e0       0x6c ./Core/Src/main.o
 .text.MX_TIM1_Init
                0x0800194c       0xe8 ./Core/Src/main.o
 .text.MX_USART1_UART_Init
                0x08001a34       0x54 ./Core/Src/main.o
 .text.MX_DMA_Init
                0x08001a88       0x50 ./Core/Src/main.o
 .text.MX_GPIO_Init
                0x08001ad8      0x16c ./Core/Src/main.o
 .text.HAL_TIM_IC_CaptureCallback
                0x08001c44       0x28 ./Core/Src/main.o
                0x08001c44                HAL_TIM_IC_CaptureCallback
 .text.StartEventDetectTask
                0x08001c6c       0xec ./Core/Src/main.o
                0x08001c6c                StartEventDetectTask
 .text.StartDisplayTask
                0x08001d58      0x190 ./Core/Src/main.o
                0x08001d58                StartDisplayTask
 .text.StartSensorsTask
                0x08001ee8      0x134 ./Core/Src/main.o
                0x08001ee8                StartSensorsTask
 .text.StartSDCardTask
                0x0800201c       0xf0 ./Core/Src/main.o
                0x0800201c                StartSDCardTask
 .text.Error_Handler
                0x0800210c        0xc ./Core/Src/main.o
                0x0800210c                Error_Handler
 .text.mpu6050_init
                0x08002118      0x130 ./Core/Src/mpu6050.o
                0x08002118                mpu6050_init
 .text.mpu6050_read_all
                0x08002248       0xd0 ./Core/Src/mpu6050.o
                0x08002248                mpu6050_read_all
 .text.ST7789_Select
                0x08002318       0x18 ./Core/Src/st7789.o
 .text.ST7789_Unselect
                0x08002330       0x18 ./Core/Src/st7789.o
 .text.ST7789_Reset
                0x08002348       0x2c ./Core/Src/st7789.o
 .text.ST7789_WriteCommand
                0x08002374       0x3c ./Core/Src/st7789.o
 .text.ST7789_WriteData
                0x080023b0       0x3c ./Core/Src/st7789.o
 .text.ST7789_SetAddressWindow
                0x080023ec       0x90 ./Core/Src/st7789.o
 .text.ST7789_Init
                0x0800247c       0x5e ./Core/Src/st7789.o
                0x0800247c                ST7789_Init
 .text.ST7789_DrawPixel
                0x080024da       0x50 ./Core/Src/st7789.o
                0x080024da                ST7789_DrawPixel
 *fill*         0x0800252a        0x2 
 .text.ST7789_FillRectangle
                0x0800252c       0xdc ./Core/Src/st7789.o
                0x0800252c                ST7789_FillRectangle
 .text.ST7789_FillScreen
                0x08002608       0x22 ./Core/Src/st7789.o
                0x08002608                ST7789_FillScreen
 *fill*         0x0800262a        0x2 
 .text.ST7789_DrawChar
                0x0800262c      0x150 ./Core/Src/st7789.o
                0x0800262c                ST7789_DrawChar
 .text.ST7789_DrawText
                0x0800277c       0x76 ./Core/Src/st7789.o
                0x0800277c                ST7789_DrawText
 *fill*         0x080027f2        0x2 
 .text.HAL_MspInit
                0x080027f4       0x58 ./Core/Src/stm32f4xx_hal_msp.o
                0x080027f4                HAL_MspInit
 .text.HAL_I2C_MspInit
                0x0800284c       0x90 ./Core/Src/stm32f4xx_hal_msp.o
                0x0800284c                HAL_I2C_MspInit
 .text.HAL_SD_MspInit
                0x080028dc      0x1d0 ./Core/Src/stm32f4xx_hal_msp.o
                0x080028dc                HAL_SD_MspInit
 .text.HAL_SPI_MspInit
                0x08002aac       0x90 ./Core/Src/stm32f4xx_hal_msp.o
                0x08002aac                HAL_SPI_MspInit
 .text.HAL_TIM_Base_MspInit
                0x08002b3c       0xa0 ./Core/Src/stm32f4xx_hal_msp.o
                0x08002b3c                HAL_TIM_Base_MspInit
 .text.HAL_UART_MspInit
                0x08002bdc       0x90 ./Core/Src/stm32f4xx_hal_msp.o
                0x08002bdc                HAL_UART_MspInit
 .text.NMI_Handler
                0x08002c6c        0x8 ./Core/Src/stm32f4xx_it.o
                0x08002c6c                NMI_Handler
 .text.HardFault_Handler
                0x08002c74        0x8 ./Core/Src/stm32f4xx_it.o
                0x08002c74                HardFault_Handler
 .text.MemManage_Handler
                0x08002c7c        0x8 ./Core/Src/stm32f4xx_it.o
                0x08002c7c                MemManage_Handler
 .text.BusFault_Handler
                0x08002c84        0x8 ./Core/Src/stm32f4xx_it.o
                0x08002c84                BusFault_Handler
 .text.UsageFault_Handler
                0x08002c8c        0x8 ./Core/Src/stm32f4xx_it.o
                0x08002c8c                UsageFault_Handler
 .text.DebugMon_Handler
                0x08002c94        0xe ./Core/Src/stm32f4xx_it.o
                0x08002c94                DebugMon_Handler
 .text.SysTick_Handler
                0x08002ca2       0x1a ./Core/Src/stm32f4xx_it.o
                0x08002ca2                SysTick_Handler
 .text.TIM1_CC_IRQHandler
                0x08002cbc       0x14 ./Core/Src/stm32f4xx_it.o
                0x08002cbc                TIM1_CC_IRQHandler
 .text.DMA2_Stream3_IRQHandler
                0x08002cd0       0x14 ./Core/Src/stm32f4xx_it.o
                0x08002cd0                DMA2_Stream3_IRQHandler
 .text.DMA2_Stream6_IRQHandler
                0x08002ce4       0x14 ./Core/Src/stm32f4xx_it.o
                0x08002ce4                DMA2_Stream6_IRQHandler
 .text._getpid  0x08002cf8       0x10 ./Core/Src/syscalls.o
                0x08002cf8                _getpid
 .text._kill    0x08002d08       0x20 ./Core/Src/syscalls.o
                0x08002d08                _kill
 .text._exit    0x08002d28       0x16 ./Core/Src/syscalls.o
                0x08002d28                _exit
 .text._read    0x08002d3e       0x3a ./Core/Src/syscalls.o
                0x08002d3e                _read
 .text._write   0x08002d78       0x38 ./Core/Src/syscalls.o
                0x08002d78                _write
 .text._close   0x08002db0       0x18 ./Core/Src/syscalls.o
                0x08002db0                _close
 .text._fstat   0x08002dc8       0x20 ./Core/Src/syscalls.o
                0x08002dc8                _fstat
 .text._isatty  0x08002de8       0x16 ./Core/Src/syscalls.o
                0x08002de8                _isatty
 .text._lseek   0x08002dfe       0x1a ./Core/Src/syscalls.o
                0x08002dfe                _lseek
 .text._sbrk    0x08002e18       0x6c ./Core/Src/sysmem.o
                0x08002e18                _sbrk
 .text.SystemInit
                0x08002e84       0x24 ./Core/Src/system_stm32f4xx.o
                0x08002e84                SystemInit
 .text.Reset_Handler
                0x08002ea8       0x50 ./Core/Startup/startup_stm32f407vetx.o
                0x08002ea8                Reset_Handler
 .text.Default_Handler
                0x08002ef8        0x2 ./Core/Startup/startup_stm32f407vetx.o
                0x08002ef8                RTC_Alarm_IRQHandler
                0x08002ef8                HASH_RNG_IRQHandler
                0x08002ef8                EXTI2_IRQHandler
                0x08002ef8                TIM8_CC_IRQHandler
                0x08002ef8                DMA2_Stream5_IRQHandler
                0x08002ef8                DMA1_Stream5_IRQHandler
                0x08002ef8                PVD_IRQHandler
                0x08002ef8                SDIO_IRQHandler
                0x08002ef8                TAMP_STAMP_IRQHandler
                0x08002ef8                CAN2_RX1_IRQHandler
                0x08002ef8                EXTI3_IRQHandler
                0x08002ef8                TIM8_TRG_COM_TIM14_IRQHandler
                0x08002ef8                TIM1_UP_TIM10_IRQHandler
                0x08002ef8                TIM8_UP_TIM13_IRQHandler
                0x08002ef8                I2C3_ER_IRQHandler
                0x08002ef8                EXTI0_IRQHandler
                0x08002ef8                I2C2_EV_IRQHandler
                0x08002ef8                DMA1_Stream2_IRQHandler
                0x08002ef8                CAN1_RX0_IRQHandler
                0x08002ef8                FPU_IRQHandler
                0x08002ef8                OTG_HS_WKUP_IRQHandler
                0x08002ef8                CAN2_SCE_IRQHandler
                0x08002ef8                DMA2_Stream2_IRQHandler
                0x08002ef8                SPI1_IRQHandler
                0x08002ef8                TIM6_DAC_IRQHandler
                0x08002ef8                TIM1_BRK_TIM9_IRQHandler
                0x08002ef8                DCMI_IRQHandler
                0x08002ef8                CAN2_RX0_IRQHandler
                0x08002ef8                USART6_IRQHandler
                0x08002ef8                USART3_IRQHandler
                0x08002ef8                CAN1_RX1_IRQHandler
                0x08002ef8                UART5_IRQHandler
                0x08002ef8                DMA2_Stream0_IRQHandler
                0x08002ef8                TIM4_IRQHandler
                0x08002ef8                I2C1_EV_IRQHandler
                0x08002ef8                DMA1_Stream6_IRQHandler
                0x08002ef8                DMA1_Stream1_IRQHandler
                0x08002ef8                UART4_IRQHandler
                0x08002ef8                TIM3_IRQHandler
                0x08002ef8                RCC_IRQHandler
                0x08002ef8                TIM8_BRK_TIM12_IRQHandler
                0x08002ef8                Default_Handler
                0x08002ef8                EXTI15_10_IRQHandler
                0x08002ef8                ADC_IRQHandler
                0x08002ef8                DMA1_Stream7_IRQHandler
                0x08002ef8                TIM7_IRQHandler
                0x08002ef8                CAN2_TX_IRQHandler
                0x08002ef8                TIM5_IRQHandler
                0x08002ef8                DMA2_Stream7_IRQHandler
                0x08002ef8                I2C3_EV_IRQHandler
                0x08002ef8                EXTI9_5_IRQHandler
                0x08002ef8                RTC_WKUP_IRQHandler
                0x08002ef8                ETH_WKUP_IRQHandler
                0x08002ef8                SPI2_IRQHandler
                0x08002ef8                OTG_HS_EP1_IN_IRQHandler
                0x08002ef8                DMA1_Stream0_IRQHandler
                0x08002ef8                CAN1_TX_IRQHandler
                0x08002ef8                EXTI4_IRQHandler
                0x08002ef8                FSMC_IRQHandler
                0x08002ef8                ETH_IRQHandler
                0x08002ef8                OTG_HS_EP1_OUT_IRQHandler
                0x08002ef8                WWDG_IRQHandler
                0x08002ef8                TIM2_IRQHandler
                0x08002ef8                OTG_FS_WKUP_IRQHandler
                0x08002ef8                TIM1_TRG_COM_TIM11_IRQHandler
                0x08002ef8                OTG_HS_IRQHandler
                0x08002ef8                EXTI1_IRQHandler
                0x08002ef8                USART2_IRQHandler
                0x08002ef8                I2C2_ER_IRQHandler
                0x08002ef8                DMA2_Stream1_IRQHandler
                0x08002ef8                CAN1_SCE_IRQHandler
                0x08002ef8                FLASH_IRQHandler
                0x08002ef8                DMA2_Stream4_IRQHandler
                0x08002ef8                USART1_IRQHandler
                0x08002ef8                OTG_FS_IRQHandler
                0x08002ef8                SPI3_IRQHandler
                0x08002ef8                DMA1_Stream4_IRQHandler
                0x08002ef8                I2C1_ER_IRQHandler
                0x08002ef8                DMA1_Stream3_IRQHandler
 *fill*         0x08002efa        0x2 
 .text.HAL_Init
                0x08002efc       0x44 ./Drivers/STM32F4xx_HAL_Driver/Src/stm32f4xx_hal.o
                0x08002efc                HAL_Init
 .text.HAL_InitTick
                0x08002f40       0x60 ./Drivers/STM32F4xx_HAL_Driver/Src/stm32f4xx_hal.o
                0x08002f40                HAL_InitTick
 .text.HAL_IncTick
                0x08002fa0       0x28 ./Drivers/STM32F4xx_HAL_Driver/Src/stm32f4xx_hal.o
                0x08002fa0                HAL_IncTick
 .text.HAL_GetTick
                0x08002fc8       0x18 ./Drivers/STM32F4xx_HAL_Driver/Src/stm32f4xx_hal.o
                0x08002fc8                HAL_GetTick
 .text.HAL_Delay
                0x08002fe0       0x48 ./Drivers/STM32F4xx_HAL_Driver/Src/stm32f4xx_hal.o
                0x08002fe0                HAL_Delay
 .text.__NVIC_SetPriorityGrouping
                0x08003028       0x48 ./Drivers/STM32F4xx_HAL_Driver/Src/stm32f4xx_hal_cortex.o
 .text.__NVIC_GetPriorityGrouping
                0x08003070       0x1c ./Drivers/STM32F4xx_HAL_Driver/Src/stm32f4xx_hal_cortex.o
 .text.__NVIC_EnableIRQ
                0x0800308c       0x3c ./Drivers/STM32F4xx_HAL_Driver/Src/stm32f4xx_hal_cortex.o
 .text.__NVIC_SetPriority
                0x080030c8       0x54 ./Drivers/STM32F4xx_HAL_Driver/Src/stm32f4xx_hal_cortex.o
 .text.NVIC_EncodePriority
                0x0800311c       0x66 ./Drivers/STM32F4xx_HAL_Driver/Src/stm32f4xx_hal_cortex.o
 *fill*         0x08003182        0x2 
 .text.SysTick_Config
                0x08003184       0x44 ./Drivers/STM32F4xx_HAL_Driver/Src/stm32f4xx_hal_cortex.o
 .text.HAL_NVIC_SetPriorityGrouping
                0x080031c8       0x16 ./Drivers/STM32F4xx_HAL_Driver/Src/stm32f4xx_hal_cortex.o
                0x080031c8                HAL_NVIC_SetPriorityGrouping
 .text.HAL_NVIC_SetPriority
                0x080031de       0x38 ./Drivers/STM32F4xx_HAL_Driver/Src/stm32f4xx_hal_cortex.o
                0x080031de                HAL_NVIC_SetPriority
 .text.HAL_NVIC_EnableIRQ
                0x08003216       0x1c ./Drivers/STM32F4xx_HAL_Driver/Src/stm32f4xx_hal_cortex.o
                0x08003216                HAL_NVIC_EnableIRQ
 .text.HAL_SYSTICK_Config
                0x08003232       0x18 ./Drivers/STM32F4xx_HAL_Driver/Src/stm32f4xx_hal_cortex.o
                0x08003232                HAL_SYSTICK_Config
 *fill*         0x0800324a        0x2 
 .text.HAL_DMA_Init
                0x0800324c      0x15c ./Drivers/STM32F4xx_HAL_Driver/Src/stm32f4xx_hal_dma.o
                0x0800324c                HAL_DMA_Init
 .text.HAL_DMA_Start_IT
                0x080033a8       0xb0 ./Drivers/STM32F4xx_HAL_Driver/Src/stm32f4xx_hal_dma.o
                0x080033a8                HAL_DMA_Start_IT
 .text.HAL_DMA_IRQHandler
                0x08003458      0x314 ./Drivers/STM32F4xx_HAL_Driver/Src/stm32f4xx_hal_dma.o
                0x08003458                HAL_DMA_IRQHandler
 .text.HAL_DMA_GetError
                0x0800376c       0x18 ./Drivers/STM32F4xx_HAL_Driver/Src/stm32f4xx_hal_dma.o
                0x0800376c                HAL_DMA_GetError
 .text.DMA_SetConfig
                0x08003784       0x5c ./Drivers/STM32F4xx_HAL_Driver/Src/stm32f4xx_hal_dma.o
 .text.DMA_CalcBaseAndBitshift
                0x080037e0       0x6c ./Drivers/STM32F4xx_HAL_Driver/Src/stm32f4xx_hal_dma.o
 .text.DMA_CheckFifoParam
                0x0800384c       0xf8 ./Drivers/STM32F4xx_HAL_Driver/Src/stm32f4xx_hal_dma.o
 .text.HAL_GPIO_Init
                0x08003944      0x338 ./Drivers/STM32F4xx_HAL_Driver/Src/stm32f4xx_hal_gpio.o
                0x08003944                HAL_GPIO_Init
 .text.HAL_GPIO_WritePin
                0x08003c7c       0x32 ./Drivers/STM32F4xx_HAL_Driver/Src/stm32f4xx_hal_gpio.o
                0x08003c7c                HAL_GPIO_WritePin
 .text.HAL_GPIO_TogglePin
                0x08003cae       0x34 ./Drivers/STM32F4xx_HAL_Driver/Src/stm32f4xx_hal_gpio.o
                0x08003cae                HAL_GPIO_TogglePin
 *fill*         0x08003ce2        0x2 
 .text.HAL_I2C_Init
                0x08003ce4      0x288 ./Drivers/STM32F4xx_HAL_Driver/Src/stm32f4xx_hal_i2c.o
                0x08003ce4                HAL_I2C_Init
 .text.HAL_I2C_Mem_Write
                0x08003f6c      0x1f4 ./Drivers/STM32F4xx_HAL_Driver/Src/stm32f4xx_hal_i2c.o
                0x08003f6c                HAL_I2C_Mem_Write
 .text.HAL_I2C_Mem_Read
                0x08004160      0x464 ./Drivers/STM32F4xx_HAL_Driver/Src/stm32f4xx_hal_i2c.o
                0x08004160                HAL_I2C_Mem_Read
 .text.HAL_I2C_IsDeviceReady
                0x080045c4      0x25c ./Drivers/STM32F4xx_HAL_Driver/Src/stm32f4xx_hal_i2c.o
                0x080045c4                HAL_I2C_IsDeviceReady
 .text.I2C_RequestMemoryWrite
                0x08004820      0x12c ./Drivers/STM32F4xx_HAL_Driver/Src/stm32f4xx_hal_i2c.o
 .text.I2C_RequestMemoryRead
                0x0800494c      0x1d0 ./Drivers/STM32F4xx_HAL_Driver/Src/stm32f4xx_hal_i2c.o
 .text.I2C_WaitOnFlagUntilTimeout
                0x08004b1c       0xf4 ./Drivers/STM32F4xx_HAL_Driver/Src/stm32f4xx_hal_i2c.o
 .text.I2C_WaitOnMasterAddressFlagUntilTimeout
                0x08004c10      0x140 ./Drivers/STM32F4xx_HAL_Driver/Src/stm32f4xx_hal_i2c.o
 .text.I2C_WaitOnTXEFlagUntilTimeout
                0x08004d50       0x90 ./Drivers/STM32F4xx_HAL_Driver/Src/stm32f4xx_hal_i2c.o
 .text.I2C_WaitOnBTFFlagUntilTimeout
                0x08004de0       0x90 ./Drivers/STM32F4xx_HAL_Driver/Src/stm32f4xx_hal_i2c.o
 .text.I2C_WaitOnRXNEFlagUntilTimeout
                0x08004e70       0xba ./Drivers/STM32F4xx_HAL_Driver/Src/stm32f4xx_hal_i2c.o
 .text.I2C_IsAcknowledgeFailed
                0x08004f2a       0x5e ./Drivers/STM32F4xx_HAL_Driver/Src/stm32f4xx_hal_i2c.o
 .text.HAL_RCC_OscConfig
                0x08004f88      0x4f0 ./Drivers/STM32F4xx_HAL_Driver/Src/stm32f4xx_hal_rcc.o
                0x08004f88                HAL_RCC_OscConfig
 .text.HAL_RCC_ClockConfig
                0x08005478      0x1cc ./Drivers/STM32F4xx_HAL_Driver/Src/stm32f4xx_hal_rcc.o
                0x08005478                HAL_RCC_ClockConfig
 .text.HAL_RCC_GetSysClockFreq
                0x08005644      0x20c ./Drivers/STM32F4xx_HAL_Driver/Src/stm32f4xx_hal_rcc.o
                0x08005644                HAL_RCC_GetSysClockFreq
 .text.HAL_RCC_GetHCLKFreq
                0x08005850       0x18 ./Drivers/STM32F4xx_HAL_Driver/Src/stm32f4xx_hal_rcc.o
                0x08005850                HAL_RCC_GetHCLKFreq
 .text.HAL_RCC_GetPCLK1Freq
                0x08005868       0x28 ./Drivers/STM32F4xx_HAL_Driver/Src/stm32f4xx_hal_rcc.o
                0x08005868                HAL_RCC_GetPCLK1Freq
 .text.HAL_RCC_GetPCLK2Freq
                0x08005890       0x28 ./Drivers/STM32F4xx_HAL_Driver/Src/stm32f4xx_hal_rcc.o
                0x08005890                HAL_RCC_GetPCLK2Freq
 .text.HAL_SD_Init
                0x080058b8       0x60 ./Drivers/STM32F4xx_HAL_Driver/Src/stm32f4xx_hal_sd.o
                0x080058b8                HAL_SD_Init
 .text.HAL_SD_InitCard
                0x08005918       0xf0 ./Drivers/STM32F4xx_HAL_Driver/Src/stm32f4xx_hal_sd.o
                0x08005918                HAL_SD_InitCard
 .text.HAL_SD_ReadBlocks_DMA
                0x08005a08      0x1c4 ./Drivers/STM32F4xx_HAL_Driver/Src/stm32f4xx_hal_sd.o
                0x08005a08                HAL_SD_ReadBlocks_DMA
 .text.HAL_SD_WriteBlocks_DMA
                0x08005bcc      0x1cc ./Drivers/STM32F4xx_HAL_Driver/Src/stm32f4xx_hal_sd.o
                0x08005bcc                HAL_SD_WriteBlocks_DMA
 .text.HAL_SD_ErrorCallback
                0x08005d98       0x14 ./Drivers/STM32F4xx_HAL_Driver/Src/stm32f4xx_hal_sd.o
                0x08005d98                HAL_SD_ErrorCallback
 .text.HAL_SD_GetCardCSD
                0x08005dac      0x348 ./Drivers/STM32F4xx_HAL_Driver/Src/stm32f4xx_hal_sd.o
                0x08005dac                HAL_SD_GetCardCSD
 .text.HAL_SD_GetCardInfo
                0x080060f4       0x58 ./Drivers/STM32F4xx_HAL_Driver/Src/stm32f4xx_hal_sd.o
                0x080060f4                HAL_SD_GetCardInfo
 .text.HAL_SD_ConfigWideBusOperation
                0x0800614c      0x134 ./Drivers/STM32F4xx_HAL_Driver/Src/stm32f4xx_hal_sd.o
                0x0800614c                HAL_SD_ConfigWideBusOperation
 .text.HAL_SD_GetCardState
                0x08006280       0x40 ./Drivers/STM32F4xx_HAL_Driver/Src/stm32f4xx_hal_sd.o
                0x08006280                HAL_SD_GetCardState
 .text.SD_DMATransmitCplt
                0x080062c0       0x2a ./Drivers/STM32F4xx_HAL_Driver/Src/stm32f4xx_hal_sd.o
 .text.SD_DMAReceiveCplt
                0x080062ea       0x70 ./Drivers/STM32F4xx_HAL_Driver/Src/stm32f4xx_hal_sd.o
 *fill*         0x0800635a        0x2 
 .text.SD_DMAError
                0x0800635c       0xa4 ./Drivers/STM32F4xx_HAL_Driver/Src/stm32f4xx_hal_sd.o
 .text.SD_InitCard
                0x08006400      0x19c ./Drivers/STM32F4xx_HAL_Driver/Src/stm32f4xx_hal_sd.o
 .text.SD_PowerON
                0x0800659c      0x11c ./Drivers/STM32F4xx_HAL_Driver/Src/stm32f4xx_hal_sd.o
 .text.SD_SendStatus
                0x080066b8       0x50 ./Drivers/STM32F4xx_HAL_Driver/Src/stm32f4xx_hal_sd.o
 .text.SD_WideBus_Enable
                0x08006708       0x96 ./Drivers/STM32F4xx_HAL_Driver/Src/stm32f4xx_hal_sd.o
 .text.SD_WideBus_Disable
                0x0800679e       0x96 ./Drivers/STM32F4xx_HAL_Driver/Src/stm32f4xx_hal_sd.o
 .text.SD_FindSCR
                0x08006834      0x1b4 ./Drivers/STM32F4xx_HAL_Driver/Src/stm32f4xx_hal_sd.o
 .text.HAL_SPI_Init
                0x080069e8      0x112 ./Drivers/STM32F4xx_HAL_Driver/Src/stm32f4xx_hal_spi.o
                0x080069e8                HAL_SPI_Init
 .text.HAL_SPI_Transmit
                0x08006afa      0x288 ./Drivers/STM32F4xx_HAL_Driver/Src/stm32f4xx_hal_spi.o
                0x08006afa                HAL_SPI_Transmit
 *fill*         0x08006d82        0x2 
 .text.SPI_WaitFlagStateUntilTimeout
                0x08006d84      0x110 ./Drivers/STM32F4xx_HAL_Driver/Src/stm32f4xx_hal_spi.o
 .text.SPI_EndRxTxTransaction
                0x08006e94       0xa8 ./Drivers/STM32F4xx_HAL_Driver/Src/stm32f4xx_hal_spi.o
 .text.HAL_TIM_Base_Init
                0x08006f3c       0x9e ./Drivers/STM32F4xx_HAL_Driver/Src/stm32f4xx_hal_tim.o
                0x08006f3c                HAL_TIM_Base_Init
 *fill*         0x08006fda        0x2 
 .text.HAL_TIM_Base_Start_IT
                0x08006fdc       0xe0 ./Drivers/STM32F4xx_HAL_Driver/Src/stm32f4xx_hal_tim.o
                0x08006fdc                HAL_TIM_Base_Start_IT
 .text.HAL_TIM_IC_Init
                0x080070bc       0x9e ./Drivers/STM32F4xx_HAL_Driver/Src/stm32f4xx_hal_tim.o
                0x080070bc                HAL_TIM_IC_Init
 .text.HAL_TIM_IC_MspInit
                0x0800715a       0x14 ./Drivers/STM32F4xx_HAL_Driver/Src/stm32f4xx_hal_tim.o
                0x0800715a                HAL_TIM_IC_MspInit
 *fill*         0x0800716e        0x2 
 .text.HAL_TIM_IC_Start_IT
                0x08007170      0x250 ./Drivers/STM32F4xx_HAL_Driver/Src/stm32f4xx_hal_tim.o
                0x08007170                HAL_TIM_IC_Start_IT
 .text.HAL_TIM_IRQHandler
                0x080073c0      0x1e0 ./Drivers/STM32F4xx_HAL_Driver/Src/stm32f4xx_hal_tim.o
                0x080073c0                HAL_TIM_IRQHandler
 .text.HAL_TIM_IC_ConfigChannel
                0x080075a0      0x138 ./Drivers/STM32F4xx_HAL_Driver/Src/stm32f4xx_hal_tim.o
                0x080075a0                HAL_TIM_IC_ConfigChannel
 .text.HAL_TIM_ConfigClockSource
                0x080076d8      0x18e ./Drivers/STM32F4xx_HAL_Driver/Src/stm32f4xx_hal_tim.o
                0x080076d8                HAL_TIM_ConfigClockSource
 *fill*         0x08007866        0x2 
 .text.HAL_TIM_ReadCapturedValue
                0x08007868       0x88 ./Drivers/STM32F4xx_HAL_Driver/Src/stm32f4xx_hal_tim.o
                0x08007868                HAL_TIM_ReadCapturedValue
 .text.HAL_TIM_PeriodElapsedCallback
                0x080078f0       0x14 ./Drivers/STM32F4xx_HAL_Driver/Src/stm32f4xx_hal_tim.o
                0x080078f0                HAL_TIM_PeriodElapsedCallback
 .text.HAL_TIM_OC_DelayElapsedCallback
                0x08007904       0x14 ./Drivers/STM32F4xx_HAL_Driver/Src/stm32f4xx_hal_tim.o
                0x08007904                HAL_TIM_OC_DelayElapsedCallback
 .text.HAL_TIM_PWM_PulseFinishedCallback
                0x08007918       0x14 ./Drivers/STM32F4xx_HAL_Driver/Src/stm32f4xx_hal_tim.o
                0x08007918                HAL_TIM_PWM_PulseFinishedCallback
 .text.HAL_TIM_TriggerCallback
                0x0800792c       0x14 ./Drivers/STM32F4xx_HAL_Driver/Src/stm32f4xx_hal_tim.o
                0x0800792c                HAL_TIM_TriggerCallback
 .text.TIM_Base_SetConfig
                0x08007940      0x14c ./Drivers/STM32F4xx_HAL_Driver/Src/stm32f4xx_hal_tim.o
                0x08007940                TIM_Base_SetConfig
 .text.TIM_TI1_SetConfig
                0x08007a8c       0xe8 ./Drivers/STM32F4xx_HAL_Driver/Src/stm32f4xx_hal_tim.o
                0x08007a8c                TIM_TI1_SetConfig
 .text.TIM_TI1_ConfigInputStage
                0x08007b74       0x5e ./Drivers/STM32F4xx_HAL_Driver/Src/stm32f4xx_hal_tim.o
 .text.TIM_TI2_SetConfig
                0x08007bd2       0x7a ./Drivers/STM32F4xx_HAL_Driver/Src/stm32f4xx_hal_tim.o
 .text.TIM_TI2_ConfigInputStage
                0x08007c4c       0x60 ./Drivers/STM32F4xx_HAL_Driver/Src/stm32f4xx_hal_tim.o
 .text.TIM_TI3_SetConfig
                0x08007cac       0x78 ./Drivers/STM32F4xx_HAL_Driver/Src/stm32f4xx_hal_tim.o
 .text.TIM_TI4_SetConfig
                0x08007d24       0x7a ./Drivers/STM32F4xx_HAL_Driver/Src/stm32f4xx_hal_tim.o
 .text.TIM_ITRx_SetConfig
                0x08007d9e       0x36 ./Drivers/STM32F4xx_HAL_Driver/Src/stm32f4xx_hal_tim.o
 .text.TIM_ETR_SetConfig
                0x08007dd4       0x40 ./Drivers/STM32F4xx_HAL_Driver/Src/stm32f4xx_hal_tim.o
                0x08007dd4                TIM_ETR_SetConfig
 .text.TIM_CCxChannelCmd
                0x08007e14       0x4a ./Drivers/STM32F4xx_HAL_Driver/Src/stm32f4xx_hal_tim.o
                0x08007e14                TIM_CCxChannelCmd
 *fill*         0x08007e5e        0x2 
 .text.HAL_TIMEx_MasterConfigSynchronization
                0x08007e60       0xf8 ./Drivers/STM32F4xx_HAL_Driver/Src/stm32f4xx_hal_tim_ex.o
                0x08007e60                HAL_TIMEx_MasterConfigSynchronization
 .text.HAL_TIMEx_CommutCallback
                0x08007f58       0x14 ./Drivers/STM32F4xx_HAL_Driver/Src/stm32f4xx_hal_tim_ex.o
                0x08007f58                HAL_TIMEx_CommutCallback
 .text.HAL_TIMEx_BreakCallback
                0x08007f6c       0x14 ./Drivers/STM32F4xx_HAL_Driver/Src/stm32f4xx_hal_tim_ex.o
                0x08007f6c                HAL_TIMEx_BreakCallback
 .text.HAL_UART_Init
                0x08007f80       0xa0 ./Drivers/STM32F4xx_HAL_Driver/Src/stm32f4xx_hal_uart.o
                0x08007f80                HAL_UART_Init
 .text.HAL_UART_Transmit
                0x08008020      0x116 ./Drivers/STM32F4xx_HAL_Driver/Src/stm32f4xx_hal_uart.o
                0x08008020                HAL_UART_Transmit
 .text.UART_WaitOnFlagUntilTimeout
                0x08008136       0xb2 ./Drivers/STM32F4xx_HAL_Driver/Src/stm32f4xx_hal_uart.o
 .text.UART_EndRxTransfer
                0x080081e8       0xc6 ./Drivers/STM32F4xx_HAL_Driver/Src/stm32f4xx_hal_uart.o
 *fill*         0x080082ae        0x2 
 .text.UART_SetConfig
                0x080082b0      0x4e8 ./Drivers/STM32F4xx_HAL_Driver/Src/stm32f4xx_hal_uart.o
 .text.SDIO_Init
                0x08008798       0x56 ./Drivers/STM32F4xx_HAL_Driver/Src/stm32f4xx_ll_sdmmc.o
                0x08008798                SDIO_Init
 .text.SDIO_ReadFIFO
                0x080087ee       0x1a ./Drivers/STM32F4xx_HAL_Driver/Src/stm32f4xx_ll_sdmmc.o
                0x080087ee                SDIO_ReadFIFO
 .text.SDIO_PowerState_ON
                0x08008808       0x1c ./Drivers/STM32F4xx_HAL_Driver/Src/stm32f4xx_ll_sdmmc.o
                0x08008808                SDIO_PowerState_ON
 .text.SDIO_GetPowerState
                0x08008824       0x1c ./Drivers/STM32F4xx_HAL_Driver/Src/stm32f4xx_ll_sdmmc.o
                0x08008824                SDIO_GetPowerState
 .text.SDIO_SendCommand
                0x08008840       0x54 ./Drivers/STM32F4xx_HAL_Driver/Src/stm32f4xx_ll_sdmmc.o
                0x08008840                SDIO_SendCommand
 .text.SDIO_GetCommandResponse
                0x08008894       0x1a ./Drivers/STM32F4xx_HAL_Driver/Src/stm32f4xx_ll_sdmmc.o
                0x08008894                SDIO_GetCommandResponse
 .text.SDIO_GetResponse
                0x080088ae       0x26 ./Drivers/STM32F4xx_HAL_Driver/Src/stm32f4xx_ll_sdmmc.o
                0x080088ae                SDIO_GetResponse
 .text.SDIO_ConfigData
                0x080088d4       0x58 ./Drivers/STM32F4xx_HAL_Driver/Src/stm32f4xx_ll_sdmmc.o
                0x080088d4                SDIO_ConfigData
 .text.SDMMC_CmdBlockLength
                0x0800892c       0x44 ./Drivers/STM32F4xx_HAL_Driver/Src/stm32f4xx_ll_sdmmc.o
                0x0800892c                SDMMC_CmdBlockLength
 .text.SDMMC_CmdReadSingleBlock
                0x08008970       0x44 ./Drivers/STM32F4xx_HAL_Driver/Src/stm32f4xx_ll_sdmmc.o
                0x08008970                SDMMC_CmdReadSingleBlock
 .text.SDMMC_CmdReadMultiBlock
                0x080089b4       0x44 ./Drivers/STM32F4xx_HAL_Driver/Src/stm32f4xx_ll_sdmmc.o
                0x080089b4                SDMMC_CmdReadMultiBlock
 .text.SDMMC_CmdWriteSingleBlock
                0x080089f8       0x44 ./Drivers/STM32F4xx_HAL_Driver/Src/stm32f4xx_ll_sdmmc.o
                0x080089f8                SDMMC_CmdWriteSingleBlock
 .text.SDMMC_CmdWriteMultiBlock
                0x08008a3c       0x44 ./Drivers/STM32F4xx_HAL_Driver/Src/stm32f4xx_ll_sdmmc.o
                0x08008a3c                SDMMC_CmdWriteMultiBlock
 .text.SDMMC_CmdStopTransfer
                0x08008a80       0x44 ./Drivers/STM32F4xx_HAL_Driver/Src/stm32f4xx_ll_sdmmc.o
                0x08008a80                SDMMC_CmdStopTransfer
 .text.SDMMC_CmdSelDesel
                0x08008ac4       0x46 ./Drivers/STM32F4xx_HAL_Driver/Src/stm32f4xx_ll_sdmmc.o
                0x08008ac4                SDMMC_CmdSelDesel
 .text.SDMMC_CmdGoIdleState
                0x08008b0a       0x3c ./Drivers/STM32F4xx_HAL_Driver/Src/stm32f4xx_ll_sdmmc.o
                0x08008b0a                SDMMC_CmdGoIdleState
 .text.SDMMC_CmdOperCond
                0x08008b46       0x3e ./Drivers/STM32F4xx_HAL_Driver/Src/stm32f4xx_ll_sdmmc.o
                0x08008b46                SDMMC_CmdOperCond
 .text.SDMMC_CmdAppCommand
                0x08008b84       0x44 ./Drivers/STM32F4xx_HAL_Driver/Src/stm32f4xx_ll_sdmmc.o
                0x08008b84                SDMMC_CmdAppCommand
 .text.SDMMC_CmdAppOperCommand
                0x08008bc8       0x46 ./Drivers/STM32F4xx_HAL_Driver/Src/stm32f4xx_ll_sdmmc.o
                0x08008bc8                SDMMC_CmdAppOperCommand
 .text.SDMMC_CmdBusWidth
                0x08008c0e       0x44 ./Drivers/STM32F4xx_HAL_Driver/Src/stm32f4xx_ll_sdmmc.o
                0x08008c0e                SDMMC_CmdBusWidth
 .text.SDMMC_CmdSendSCR
                0x08008c52       0x42 ./Drivers/STM32F4xx_HAL_Driver/Src/stm32f4xx_ll_sdmmc.o
                0x08008c52                SDMMC_CmdSendSCR
 .text.SDMMC_CmdSendCID
                0x08008c94       0x3c ./Drivers/STM32F4xx_HAL_Driver/Src/stm32f4xx_ll_sdmmc.o
                0x08008c94                SDMMC_CmdSendCID
 .text.SDMMC_CmdSendCSD
                0x08008cd0       0x3e ./Drivers/STM32F4xx_HAL_Driver/Src/stm32f4xx_ll_sdmmc.o
                0x08008cd0                SDMMC_CmdSendCSD
 .text.SDMMC_CmdSetRelAdd
                0x08008d0e       0x42 ./Drivers/STM32F4xx_HAL_Driver/Src/stm32f4xx_ll_sdmmc.o
                0x08008d0e                SDMMC_CmdSetRelAdd
 .text.SDMMC_CmdSendStatus
                0x08008d50       0x44 ./Drivers/STM32F4xx_HAL_Driver/Src/stm32f4xx_ll_sdmmc.o
                0x08008d50                SDMMC_CmdSendStatus
 .text.SDMMC_GetCmdResp1
                0x08008d94      0x1dc ./Drivers/STM32F4xx_HAL_Driver/Src/stm32f4xx_ll_sdmmc.o
                0x08008d94                SDMMC_GetCmdResp1
 .text.SDMMC_GetCmdResp2
                0x08008f70       0x90 ./Drivers/STM32F4xx_HAL_Driver/Src/stm32f4xx_ll_sdmmc.o
                0x08008f70                SDMMC_GetCmdResp2
 .text.SDMMC_GetCmdResp3
                0x08009000       0x7c ./Drivers/STM32F4xx_HAL_Driver/Src/stm32f4xx_ll_sdmmc.o
                0x08009000                SDMMC_GetCmdResp3
 .text.SDMMC_GetCmdResp6
                0x0800907c       0xec ./Drivers/STM32F4xx_HAL_Driver/Src/stm32f4xx_ll_sdmmc.o
                0x0800907c                SDMMC_GetCmdResp6
 .text.SDMMC_GetCmdResp7
                0x08009168       0x9c ./Drivers/STM32F4xx_HAL_Driver/Src/stm32f4xx_ll_sdmmc.o
                0x08009168                SDMMC_GetCmdResp7
 .text.SDMMC_GetCmdError
                0x08009204       0x58 ./Drivers/STM32F4xx_HAL_Driver/Src/stm32f4xx_ll_sdmmc.o
 .text.MX_FATFS_Init
                0x0800925c       0x24 ./FATFS/App/fatfs.o
                0x0800925c                MX_FATFS_Init
 .text.get_fattime
                0x08009280       0x10 ./FATFS/App/fatfs.o
                0x08009280                get_fattime
 .text.BSP_SD_Init
                0x08009290       0x4c ./FATFS/Target/bsp_driver_sd.o
                0x08009290                BSP_SD_Init
 .text.BSP_SD_ReadBlocks_DMA
                0x080092dc       0x34 ./FATFS/Target/bsp_driver_sd.o
                0x080092dc                BSP_SD_ReadBlocks_DMA
 .text.BSP_SD_WriteBlocks_DMA
                0x08009310       0x34 ./FATFS/Target/bsp_driver_sd.o
                0x08009310                BSP_SD_WriteBlocks_DMA
 .text.BSP_SD_GetCardState
                0x08009344       0x20 ./FATFS/Target/bsp_driver_sd.o
                0x08009344                BSP_SD_GetCardState
 .text.BSP_SD_GetCardInfo
                0x08009364       0x1c ./FATFS/Target/bsp_driver_sd.o
                0x08009364                BSP_SD_GetCardInfo
 .text.HAL_SD_RxCpltCallback
                0x08009380       0x14 ./FATFS/Target/bsp_driver_sd.o
                0x08009380                HAL_SD_RxCpltCallback
 .text.BSP_SD_IsDetected
                0x08009394       0x1a ./FATFS/Target/bsp_driver_sd.o
                0x08009394                BSP_SD_IsDetected
 .text.SD_CheckStatusWithTimeout
                0x080093ae       0x3a ./FATFS/Target/sd_diskio.o
 .text.SD_CheckStatus
                0x080093e8       0x3c ./FATFS/Target/sd_diskio.o
 .text.SD_initialize
                0x08009424       0x98 ./FATFS/Target/sd_diskio.o
                0x08009424                SD_initialize
 .text.SD_status
                0x080094bc       0x1c ./FATFS/Target/sd_diskio.o
                0x080094bc                SD_status
 .text.SD_read  0x080094d8       0x9c ./FATFS/Target/sd_diskio.o
                0x080094d8                SD_read
 .text.SD_write
                0x08009574       0x94 ./FATFS/Target/sd_diskio.o
                0x08009574                SD_write
 .text.SD_ioctl
                0x08009608       0xb0 ./FATFS/Target/sd_diskio.o
                0x08009608                SD_ioctl
 .text.BSP_SD_ReadCpltCallback
                0x080096b8       0x1c ./FATFS/Target/sd_diskio.o
                0x080096b8                BSP_SD_ReadCpltCallback
 .text.disk_status
                0x080096d4       0x34 ./Middlewares/Third_Party/FatFs/src/diskio.o
                0x080096d4                disk_status
 .text.disk_initialize
                0x08009708       0x50 ./Middlewares/Third_Party/FatFs/src/diskio.o
                0x08009708                disk_initialize
 .text.disk_read
                0x08009758       0x40 ./Middlewares/Third_Party/FatFs/src/diskio.o
                0x08009758                disk_read
 .text.disk_write
                0x08009798       0x40 ./Middlewares/Third_Party/FatFs/src/diskio.o
                0x08009798                disk_write
 .text.disk_ioctl
                0x080097d8       0x3c ./Middlewares/Third_Party/FatFs/src/diskio.o
                0x080097d8                disk_ioctl
 .text.ld_word  0x08009814       0x32 ./Middlewares/Third_Party/FatFs/src/ff.o
 .text.ld_dword
                0x08009846       0x46 ./Middlewares/Third_Party/FatFs/src/ff.o
 .text.st_word  0x0800988c       0x36 ./Middlewares/Third_Party/FatFs/src/ff.o
 .text.st_dword
                0x080098c2       0x58 ./Middlewares/Third_Party/FatFs/src/ff.o
 .text.mem_cpy  0x0800991a       0x42 ./Middlewares/Third_Party/FatFs/src/ff.o
 .text.mem_set  0x0800995c       0x36 ./Middlewares/Third_Party/FatFs/src/ff.o
 .text.mem_cmp  0x08009992       0x4e ./Middlewares/Third_Party/FatFs/src/ff.o
 .text.chk_chr  0x080099e0       0x36 ./Middlewares/Third_Party/FatFs/src/ff.o
 .text.lock_fs  0x08009a16       0x2c ./Middlewares/Third_Party/FatFs/src/ff.o
 .text.unlock_fs
                0x08009a42       0x36 ./Middlewares/Third_Party/FatFs/src/ff.o
 .text.chk_lock
                0x08009a78       0xb8 ./Middlewares/Third_Party/FatFs/src/ff.o
 .text.enq_lock
                0x08009b30       0x44 ./Middlewares/Third_Party/FatFs/src/ff.o
 .text.inc_lock
                0x08009b74      0x11c ./Middlewares/Third_Party/FatFs/src/ff.o
 .text.dec_lock
                0x08009c90       0x78 ./Middlewares/Third_Party/FatFs/src/ff.o
 .text.clear_lock
                0x08009d08       0x48 ./Middlewares/Third_Party/FatFs/src/ff.o
 .text.sync_window
                0x08009d50       0x88 ./Middlewares/Third_Party/FatFs/src/ff.o
 .text.move_window
                0x08009dd8       0x5a ./Middlewares/Third_Party/FatFs/src/ff.o
 *fill*         0x08009e32        0x2 
 .text.sync_fs  0x08009e34       0xdc ./Middlewares/Third_Party/FatFs/src/ff.o
 .text.clust2sect
                0x08009f10       0x3e ./Middlewares/Third_Party/FatFs/src/ff.o
 .text.get_fat  0x08009f4e      0x14e ./Middlewares/Third_Party/FatFs/src/ff.o
 .text.put_fat  0x0800a09c      0x1d4 ./Middlewares/Third_Party/FatFs/src/ff.o
 .text.remove_chain
                0x0800a270       0xca ./Middlewares/Third_Party/FatFs/src/ff.o
 .text.create_chain
                0x0800a33a      0x130 ./Middlewares/Third_Party/FatFs/src/ff.o
 .text.clmt_clust
                0x0800a46a       0x68 ./Middlewares/Third_Party/FatFs/src/ff.o
 .text.dir_sdi  0x0800a4d2       0xf6 ./Middlewares/Third_Party/FatFs/src/ff.o
 .text.dir_next
                0x0800a5c8      0x18a ./Middlewares/Third_Party/FatFs/src/ff.o
 .text.dir_alloc
                0x0800a752       0x8e ./Middlewares/Third_Party/FatFs/src/ff.o
 .text.ld_clust
                0x0800a7e0       0x3e ./Middlewares/Third_Party/FatFs/src/ff.o
 .text.st_clust
                0x0800a81e       0x40 ./Middlewares/Third_Party/FatFs/src/ff.o
 *fill*         0x0800a85e        0x2 
 .text.cmp_lfn  0x0800a860       0xe0 ./Middlewares/Third_Party/FatFs/src/ff.o
 .text.put_lfn  0x0800a940       0xd0 ./Middlewares/Third_Party/FatFs/src/ff.o
 .text.gen_numname
                0x0800aa10      0x11c ./Middlewares/Third_Party/FatFs/src/ff.o
 .text.sum_sfn  0x0800ab2c       0x42 ./Middlewares/Third_Party/FatFs/src/ff.o
 .text.dir_find
                0x0800ab6e      0x180 ./Middlewares/Third_Party/FatFs/src/ff.o
 *fill*         0x0800acee        0x2 
 .text.dir_register
                0x0800acf0      0x1f0 ./Middlewares/Third_Party/FatFs/src/ff.o
 .text.create_name
                0x0800aee0      0x370 ./Middlewares/Third_Party/FatFs/src/ff.o
 .text.follow_path
                0x0800b250       0xe2 ./Middlewares/Third_Party/FatFs/src/ff.o
 .text.get_ldnumber
                0x0800b332       0x88 ./Middlewares/Third_Party/FatFs/src/ff.o
 *fill*         0x0800b3ba        0x2 
 .text.check_fs
                0x0800b3bc       0xac ./Middlewares/Third_Party/FatFs/src/ff.o
 .text.find_volume
                0x0800b468      0x4a8 ./Middlewares/Third_Party/FatFs/src/ff.o
 .text.validate
                0x0800b910       0x8e ./Middlewares/Third_Party/FatFs/src/ff.o
 *fill*         0x0800b99e        0x2 
 .text.f_mount  0x0800b9a0       0xc8 ./Middlewares/Third_Party/FatFs/src/ff.o
                0x0800b9a0                f_mount
 .text.f_open   0x0800ba68      0x3ac ./Middlewares/Third_Party/FatFs/src/ff.o
                0x0800ba68                f_open
 .text.f_write  0x0800be14      0x348 ./Middlewares/Third_Party/FatFs/src/ff.o
                0x0800be14                f_write
 .text.f_sync   0x0800c15c      0x112 ./Middlewares/Third_Party/FatFs/src/ff.o
                0x0800c15c                f_sync
 .text.f_close  0x0800c26e       0x5e ./Middlewares/Third_Party/FatFs/src/ff.o
                0x0800c26e                f_close
 .text.FATFS_LinkDriverEx
                0x0800c2cc       0x98 ./Middlewares/Third_Party/FatFs/src/ff_gen_drv.o
                0x0800c2cc                FATFS_LinkDriverEx
 .text.FATFS_LinkDriver
                0x0800c364       0x1e ./Middlewares/Third_Party/FatFs/src/ff_gen_drv.o
                0x0800c364                FATFS_LinkDriver
 *fill*         0x0800c382        0x2 
 .text.ff_convert
                0x0800c384       0x78 ./Middlewares/Third_Party/FatFs/src/option/ccsbcs.o
                0x0800c384                ff_convert
 .text.ff_wtoupper
                0x0800c3fc      0x114 ./Middlewares/Third_Party/FatFs/src/option/ccsbcs.o
                0x0800c3fc                ff_wtoupper
 .text.ff_cre_syncobj
                0x0800c510       0x40 ./Middlewares/Third_Party/FatFs/src/option/syscall.o
                0x0800c510                ff_cre_syncobj
 .text.ff_del_syncobj
                0x0800c550       0x18 ./Middlewares/Third_Party/FatFs/src/option/syscall.o
                0x0800c550                ff_del_syncobj
 .text.ff_req_grant
                0x0800c568       0x2a ./Middlewares/Third_Party/FatFs/src/option/syscall.o
                0x0800c568                ff_req_grant
 .text.ff_rel_grant
                0x0800c592       0x16 ./Middlewares/Third_Party/FatFs/src/option/syscall.o
                0x0800c592                ff_rel_grant
 .text.ff_memalloc
                0x0800c5a8       0x18 ./Middlewares/Third_Party/FatFs/src/option/syscall.o
                0x0800c5a8                ff_memalloc
 .text.ff_memfree
                0x0800c5c0       0x16 ./Middlewares/Third_Party/FatFs/src/option/syscall.o
                0x0800c5c0                ff_memfree
 .text.makeFreeRtosPriority
                0x0800c5d6       0x30 ./Middlewares/Third_Party/FreeRTOS/Source/CMSIS_RTOS/cmsis_os.o
 .text.inHandlerMode
                0x0800c606       0x24 ./Middlewares/Third_Party/FreeRTOS/Source/CMSIS_RTOS/cmsis_os.o
 .text.osKernelStart
                0x0800c62a        0xe ./Middlewares/Third_Party/FreeRTOS/Source/CMSIS_RTOS/cmsis_os.o
                0x0800c62a                osKernelStart
 .text.osKernelRunning
                0x0800c638       0x18 ./Middlewares/Third_Party/FreeRTOS/Source/CMSIS_RTOS/cmsis_os.o
                0x0800c638                osKernelRunning
 .text.osKernelSysTick
                0x0800c650       0x20 ./Middlewares/Third_Party/FreeRTOS/Source/CMSIS_RTOS/cmsis_os.o
                0x0800c650                osKernelSysTick
 .text.osThreadCreate
                0x0800c670       0x98 ./Middlewares/Third_Party/FreeRTOS/Source/CMSIS_RTOS/cmsis_os.o
                0x0800c670                osThreadCreate
 .text.osDelay  0x0800c708       0x28 ./Middlewares/Third_Party/FreeRTOS/Source/CMSIS_RTOS/cmsis_os.o
                0x0800c708                osDelay
 .text.osSemaphoreCreate
                0x0800c730       0x64 ./Middlewares/Third_Party/FreeRTOS/Source/CMSIS_RTOS/cmsis_os.o
                0x0800c730                osSemaphoreCreate
 .text.osSemaphoreWait
                0x0800c794       0x9c ./Middlewares/Third_Party/FreeRTOS/Source/CMSIS_RTOS/cmsis_os.o
                0x0800c794                osSemaphoreWait
 .text.osSemaphoreRelease
                0x0800c830       0x6c ./Middlewares/Third_Party/FreeRTOS/Source/CMSIS_RTOS/cmsis_os.o
                0x0800c830                osSemaphoreRelease
 .text.osSemaphoreDelete
                0x0800c89c       0x26 ./Middlewares/Third_Party/FreeRTOS/Source/CMSIS_RTOS/cmsis_os.o
                0x0800c89c                osSemaphoreDelete
 .text.osMessageCreate
                0x0800c8c2       0x50 ./Middlewares/Third_Party/FreeRTOS/Source/CMSIS_RTOS/cmsis_os.o
                0x0800c8c2                osMessageCreate
 *fill*         0x0800c912        0x2 
 .text.osMessagePut
                0x0800c914       0x80 ./Middlewares/Third_Party/FreeRTOS/Source/CMSIS_RTOS/cmsis_os.o
                0x0800c914                osMessagePut
 .text.osMessageGet
                0x0800c994       0xe8 ./Middlewares/Third_Party/FreeRTOS/Source/CMSIS_RTOS/cmsis_os.o
                0x0800c994                osMessageGet
 .text.osThreadSuspend
                0x0800ca7c       0x18 ./Middlewares/Third_Party/FreeRTOS/Source/CMSIS_RTOS/cmsis_os.o
                0x0800ca7c                osThreadSuspend
 .text.vListInitialise
                0x0800ca94       0x40 ./Middlewares/Third_Party/FreeRTOS/Source/list.o
                0x0800ca94                vListInitialise
 .text.vListInitialiseItem
                0x0800cad4       0x1a ./Middlewares/Third_Party/FreeRTOS/Source/list.o
                0x0800cad4                vListInitialiseItem
 .text.vListInsertEnd
                0x0800caee       0x48 ./Middlewares/Third_Party/FreeRTOS/Source/list.o
                0x0800caee                vListInsertEnd
 .text.vListInsert
                0x0800cb36       0x72 ./Middlewares/Third_Party/FreeRTOS/Source/list.o
                0x0800cb36                vListInsert
 .text.uxListRemove
                0x0800cba8       0x54 ./Middlewares/Third_Party/FreeRTOS/Source/list.o
                0x0800cba8                uxListRemove
 .text.xQueueGenericReset
                0x0800cbfc       0xd4 ./Middlewares/Third_Party/FreeRTOS/Source/queue.o
                0x0800cbfc                xQueueGenericReset
 .text.xQueueGenericCreateStatic
                0x0800ccd0       0xfa ./Middlewares/Third_Party/FreeRTOS/Source/queue.o
                0x0800ccd0                xQueueGenericCreateStatic
 .text.xQueueGenericCreate
                0x0800cdca       0x76 ./Middlewares/Third_Party/FreeRTOS/Source/queue.o
                0x0800cdca                xQueueGenericCreate
 .text.prvInitialiseNewQueue
                0x0800ce40       0x3e ./Middlewares/Third_Party/FreeRTOS/Source/queue.o
 *fill*         0x0800ce7e        0x2 
 .text.xQueueGenericSend
                0x0800ce80      0x204 ./Middlewares/Third_Party/FreeRTOS/Source/queue.o
                0x0800ce80                xQueueGenericSend
 .text.xQueueGenericSendFromISR
                0x0800d084      0x13c ./Middlewares/Third_Party/FreeRTOS/Source/queue.o
                0x0800d084                xQueueGenericSendFromISR
 .text.xQueueGiveFromISR
                0x0800d1c0      0x120 ./Middlewares/Third_Party/FreeRTOS/Source/queue.o
                0x0800d1c0                xQueueGiveFromISR
 .text.xQueueReceive
                0x0800d2e0      0x1c4 ./Middlewares/Third_Party/FreeRTOS/Source/queue.o
                0x0800d2e0                xQueueReceive
 .text.xQueueSemaphoreTake
                0x0800d4a4      0x220 ./Middlewares/Third_Party/FreeRTOS/Source/queue.o
                0x0800d4a4                xQueueSemaphoreTake
 .text.xQueueReceiveFromISR
                0x0800d6c4      0x104 ./Middlewares/Third_Party/FreeRTOS/Source/queue.o
                0x0800d6c4                xQueueReceiveFromISR
 .text.vQueueDelete
                0x0800d7c8       0x48 ./Middlewares/Third_Party/FreeRTOS/Source/queue.o
                0x0800d7c8                vQueueDelete
 .text.prvGetDisinheritPriorityAfterTimeout
                0x0800d810       0x30 ./Middlewares/Third_Party/FreeRTOS/Source/queue.o
 .text.prvCopyDataToQueue
                0x0800d840       0xd4 ./Middlewares/Third_Party/FreeRTOS/Source/queue.o
 .text.prvCopyDataFromQueue
                0x0800d914       0x4c ./Middlewares/Third_Party/FreeRTOS/Source/queue.o
 .text.prvUnlockQueue
                0x0800d960       0xa4 ./Middlewares/Third_Party/FreeRTOS/Source/queue.o
 .text.prvIsQueueEmpty
                0x0800da04       0x2c ./Middlewares/Third_Party/FreeRTOS/Source/queue.o
 .text.prvIsQueueFull
                0x0800da30       0x30 ./Middlewares/Third_Party/FreeRTOS/Source/queue.o
 .text.vQueueUnregisterQueue
                0x0800da60       0x54 ./Middlewares/Third_Party/FreeRTOS/Source/queue.o
                0x0800da60                vQueueUnregisterQueue
 .text.xTaskCreateStatic
                0x0800dab4       0xc0 ./Middlewares/Third_Party/FreeRTOS/Source/tasks.o
                0x0800dab4                xTaskCreateStatic
 .text.xTaskCreate
                0x0800db74       0x8a ./Middlewares/Third_Party/FreeRTOS/Source/tasks.o
                0x0800db74                xTaskCreate
 .text.prvInitialiseNewTask
                0x0800dbfe      0x110 ./Middlewares/Third_Party/FreeRTOS/Source/tasks.o
 *fill*         0x0800dd0e        0x2 
 .text.prvAddNewTaskToReadyList
                0x0800dd10       0xd4 ./Middlewares/Third_Party/FreeRTOS/Source/tasks.o
 .text.vTaskDelay
                0x0800dde4       0x6c ./Middlewares/Third_Party/FreeRTOS/Source/tasks.o
                0x0800dde4                vTaskDelay
 .text.vTaskSuspend
                0x0800de50      0x128 ./Middlewares/Third_Party/FreeRTOS/Source/tasks.o
                0x0800de50                vTaskSuspend
 .text.vTaskStartScheduler
                0x0800df78       0xc4 ./Middlewares/Third_Party/FreeRTOS/Source/tasks.o
                0x0800df78                vTaskStartScheduler
 .text.vTaskSuspendAll
                0x0800e03c       0x1c ./Middlewares/Third_Party/FreeRTOS/Source/tasks.o
                0x0800e03c                vTaskSuspendAll
 .text.xTaskResumeAll
                0x0800e058      0x13c ./Middlewares/Third_Party/FreeRTOS/Source/tasks.o
                0x0800e058                xTaskResumeAll
 .text.xTaskGetTickCount
                0x0800e194       0x20 ./Middlewares/Third_Party/FreeRTOS/Source/tasks.o
                0x0800e194                xTaskGetTickCount
 .text.xTaskGetTickCountFromISR
                0x0800e1b4       0x24 ./Middlewares/Third_Party/FreeRTOS/Source/tasks.o
                0x0800e1b4                xTaskGetTickCountFromISR
 .text.xTaskIncrementTick
                0x0800e1d8      0x174 ./Middlewares/Third_Party/FreeRTOS/Source/tasks.o
                0x0800e1d8                xTaskIncrementTick
 .text.vTaskSwitchContext
                0x0800e34c       0xb8 ./Middlewares/Third_Party/FreeRTOS/Source/tasks.o
                0x0800e34c                vTaskSwitchContext
 .text.vTaskPlaceOnEventList
                0x0800e404       0x4c ./Middlewares/Third_Party/FreeRTOS/Source/tasks.o
                0x0800e404                vTaskPlaceOnEventList
 .text.xTaskRemoveFromEventList
                0x0800e450       0xc8 ./Middlewares/Third_Party/FreeRTOS/Source/tasks.o
                0x0800e450                xTaskRemoveFromEventList
 .text.vTaskInternalSetTimeOutState
                0x0800e518       0x2c ./Middlewares/Third_Party/FreeRTOS/Source/tasks.o
                0x0800e518                vTaskInternalSetTimeOutState
 .text.xTaskCheckForTimeOut
                0x0800e544       0xc8 ./Middlewares/Third_Party/FreeRTOS/Source/tasks.o
                0x0800e544                xTaskCheckForTimeOut
 .text.vTaskMissedYield
                0x0800e60c       0x18 ./Middlewares/Third_Party/FreeRTOS/Source/tasks.o
                0x0800e60c                vTaskMissedYield
 .text.prvIdleTask
                0x0800e624       0x30 ./Middlewares/Third_Party/FreeRTOS/Source/tasks.o
 .text.prvInitialiseTaskLists
                0x0800e654       0x80 ./Middlewares/Third_Party/FreeRTOS/Source/tasks.o
 .text.prvCheckTasksWaitingTermination
                0x0800e6d4       0x5c ./Middlewares/Third_Party/FreeRTOS/Source/tasks.o
 .text.prvDeleteTCB
                0x0800e730       0x60 ./Middlewares/Third_Party/FreeRTOS/Source/tasks.o
 .text.prvResetNextTaskUnblockTime
                0x0800e790       0x40 ./Middlewares/Third_Party/FreeRTOS/Source/tasks.o
 .text.xTaskGetSchedulerState
                0x0800e7d0       0x3c ./Middlewares/Third_Party/FreeRTOS/Source/tasks.o
                0x0800e7d0                xTaskGetSchedulerState
 .text.xTaskPriorityInherit
                0x0800e80c       0xec ./Middlewares/Third_Party/FreeRTOS/Source/tasks.o
                0x0800e80c                xTaskPriorityInherit
 .text.xTaskPriorityDisinherit
                0x0800e8f8      0x110 ./Middlewares/Third_Party/FreeRTOS/Source/tasks.o
                0x0800e8f8                xTaskPriorityDisinherit
 .text.vTaskPriorityDisinheritAfterTimeout
                0x0800ea08      0x120 ./Middlewares/Third_Party/FreeRTOS/Source/tasks.o
                0x0800ea08                vTaskPriorityDisinheritAfterTimeout
 .text.pvTaskIncrementMutexHeldCount
                0x0800eb28       0x28 ./Middlewares/Third_Party/FreeRTOS/Source/tasks.o
                0x0800eb28                pvTaskIncrementMutexHeldCount
 .text.prvAddCurrentTaskToDelayedList
                0x0800eb50       0xcc ./Middlewares/Third_Party/FreeRTOS/Source/tasks.o
 .text.pxPortInitialiseStack
                0x0800ec1c       0x68 ./Middlewares/Third_Party/FreeRTOS/Source/portable/GCC/ARM_CM4F/port.o
                0x0800ec1c                pxPortInitialiseStack
 .text.prvTaskExitError
                0x0800ec84       0x5c ./Middlewares/Third_Party/FreeRTOS/Source/portable/GCC/ARM_CM4F/port.o
 .text.SVC_Handler
                0x0800ece0       0x28 ./Middlewares/Third_Party/FreeRTOS/Source/portable/GCC/ARM_CM4F/port.o
                0x0800ece0                SVC_Handler
 .text.prvPortStartFirstTask
                0x0800ed08       0x28 ./Middlewares/Third_Party/FreeRTOS/Source/portable/GCC/ARM_CM4F/port.o
 .text.xPortStartScheduler
                0x0800ed30      0x148 ./Middlewares/Third_Party/FreeRTOS/Source/portable/GCC/ARM_CM4F/port.o
                0x0800ed30                xPortStartScheduler
 .text.vPortEnterCritical
                0x0800ee78       0x64 ./Middlewares/Third_Party/FreeRTOS/Source/portable/GCC/ARM_CM4F/port.o
                0x0800ee78                vPortEnterCritical
 .text.vPortExitCritical
                0x0800eedc       0x54 ./Middlewares/Third_Party/FreeRTOS/Source/portable/GCC/ARM_CM4F/port.o
                0x0800eedc                vPortExitCritical
 .text.PendSV_Handler
                0x0800ef30       0x68 ./Middlewares/Third_Party/FreeRTOS/Source/portable/GCC/ARM_CM4F/port.o
                0x0800ef30                PendSV_Handler
 .text.xPortSysTickHandler
                0x0800ef98       0x44 ./Middlewares/Third_Party/FreeRTOS/Source/portable/GCC/ARM_CM4F/port.o
                0x0800ef98                xPortSysTickHandler
 .text.vPortSetupTimerInterrupt
                0x0800efdc       0x48 ./Middlewares/Third_Party/FreeRTOS/Source/portable/GCC/ARM_CM4F/port.o
                0x0800efdc                vPortSetupTimerInterrupt
 .text.vPortEnableVFP
                0x0800f024       0x14 ./Middlewares/Third_Party/FreeRTOS/Source/portable/GCC/ARM_CM4F/port.o
 .text.vPortValidateInterruptPriority
                0x0800f038       0x84 ./Middlewares/Third_Party/FreeRTOS/Source/portable/GCC/ARM_CM4F/port.o
                0x0800f038                vPortValidateInterruptPriority
 .text.pvPortMalloc
                0x0800f0bc      0x19c ./Middlewares/Third_Party/FreeRTOS/Source/portable/MemMang/heap_4.o
                0x0800f0bc                pvPortMalloc
 .text.vPortFree
                0x0800f258       0xc8 ./Middlewares/Third_Party/FreeRTOS/Source/portable/MemMang/heap_4.o
                0x0800f258                vPortFree
 .text.prvHeapInit
                0x0800f320       0xc4 ./Middlewares/Third_Party/FreeRTOS/Source/portable/MemMang/heap_4.o
 .text.prvInsertBlockIntoFreeList
                0x0800f3e4       0xb4 ./Middlewares/Third_Party/FreeRTOS/Source/portable/MemMang/heap_4.o
 .text.__cvt    0x0800f498       0xca C:/ST/STM32CubeIDE_1.14.1/STM32CubeIDE/plugins/com.st.stm32cube.ide.mcu.externaltools.gnu-tools-for-stm32.13.3.rel1.win32_1.0.0.202411081344/tools/bin/../lib/gcc/arm-none-eabi/13.3.1/../../../../arm-none-eabi/lib/thumb/v7e-m+fp/hard\libc_nano.a(libc_a-nano-vfprintf_float.o)
                0x0800f498                __cvt
 .text.__exponent
                0x0800f562       0x74 C:/ST/STM32CubeIDE_1.14.1/STM32CubeIDE/plugins/com.st.stm32cube.ide.mcu.externaltools.gnu-tools-for-stm32.13.3.rel1.win32_1.0.0.202411081344/tools/bin/../lib/gcc/arm-none-eabi/13.3.1/../../../../arm-none-eabi/lib/thumb/v7e-m+fp/hard\libc_nano.a(libc_a-nano-vfprintf_float.o)
                0x0800f562                __exponent
 *fill*         0x0800f5d6        0x2 
 .text._printf_float
                0x0800f5d8      0x454 C:/ST/STM32CubeIDE_1.14.1/STM32CubeIDE/plugins/com.st.stm32cube.ide.mcu.externaltools.gnu-tools-for-stm32.13.3.rel1.win32_1.0.0.202411081344/tools/bin/../lib/gcc/arm-none-eabi/13.3.1/../../../../arm-none-eabi/lib/thumb/v7e-m+fp/hard\libc_nano.a(libc_a-nano-vfprintf_float.o)
                0x0800f5d8                _printf_float
 .text._printf_common
                0x0800fa2c       0xda C:/ST/STM32CubeIDE_1.14.1/STM32CubeIDE/plugins/com.st.stm32cube.ide.mcu.externaltools.gnu-tools-for-stm32.13.3.rel1.win32_1.0.0.202411081344/tools/bin/../lib/gcc/arm-none-eabi/13.3.1/../../../../arm-none-eabi/lib/thumb/v7e-m+fp/hard\libc_nano.a(libc_a-nano-vfprintf_i.o)
                0x0800fa2c                _printf_common
 *fill*         0x0800fb06        0x2 
 .text._printf_i
                0x0800fb08      0x23c C:/ST/STM32CubeIDE_1.14.1/STM32CubeIDE/plugins/com.st.stm32cube.ide.mcu.externaltools.gnu-tools-for-stm32.13.3.rel1.win32_1.0.0.202411081344/tools/bin/../lib/gcc/arm-none-eabi/13.3.1/../../../../arm-none-eabi/lib/thumb/v7e-m+fp/hard\libc_nano.a(libc_a-nano-vfprintf_i.o)
                0x0800fb08                _printf_i
 .text._scanf_float
                0x0800fd44      0x41c C:/ST/STM32CubeIDE_1.14.1/STM32CubeIDE/plugins/com.st.stm32cube.ide.mcu.externaltools.gnu-tools-for-stm32.13.3.rel1.win32_1.0.0.202411081344/tools/bin/../lib/gcc/arm-none-eabi/13.3.1/../../../../arm-none-eabi/lib/thumb/v7e-m+fp/hard\libc_nano.a(libc_a-nano-vfscanf_float.o)
                0x0800fd44                _scanf_float
 .text.std      0x08010160       0x6c C:/ST/STM32CubeIDE_1.14.1/STM32CubeIDE/plugins/com.st.stm32cube.ide.mcu.externaltools.gnu-tools-for-stm32.13.3.rel1.win32_1.0.0.202411081344/tools/bin/../lib/gcc/arm-none-eabi/13.3.1/../../../../arm-none-eabi/lib/thumb/v7e-m+fp/hard\libc_nano.a(libc_a-findfp.o)
 .text.stdio_exit_handler
                0x080101cc       0x18 C:/ST/STM32CubeIDE_1.14.1/STM32CubeIDE/plugins/com.st.stm32cube.ide.mcu.externaltools.gnu-tools-for-stm32.13.3.rel1.win32_1.0.0.202411081344/tools/bin/../lib/gcc/arm-none-eabi/13.3.1/../../../../arm-none-eabi/lib/thumb/v7e-m+fp/hard\libc_nano.a(libc_a-findfp.o)
 .text.cleanup_stdio
                0x080101e4       0x40 C:/ST/STM32CubeIDE_1.14.1/STM32CubeIDE/plugins/com.st.stm32cube.ide.mcu.externaltools.gnu-tools-for-stm32.13.3.rel1.win32_1.0.0.202411081344/tools/bin/../lib/gcc/arm-none-eabi/13.3.1/../../../../arm-none-eabi/lib/thumb/v7e-m+fp/hard\libc_nano.a(libc_a-findfp.o)
 .text.global_stdio_init.part.0
                0x08010224       0x3c C:/ST/STM32CubeIDE_1.14.1/STM32CubeIDE/plugins/com.st.stm32cube.ide.mcu.externaltools.gnu-tools-for-stm32.13.3.rel1.win32_1.0.0.202411081344/tools/bin/../lib/gcc/arm-none-eabi/13.3.1/../../../../arm-none-eabi/lib/thumb/v7e-m+fp/hard\libc_nano.a(libc_a-findfp.o)
 .text.__sfp_lock_acquire
                0x08010260        0xc C:/ST/STM32CubeIDE_1.14.1/STM32CubeIDE/plugins/com.st.stm32cube.ide.mcu.externaltools.gnu-tools-for-stm32.13.3.rel1.win32_1.0.0.202411081344/tools/bin/../lib/gcc/arm-none-eabi/13.3.1/../../../../arm-none-eabi/lib/thumb/v7e-m+fp/hard\libc_nano.a(libc_a-findfp.o)
                0x08010260                __sfp_lock_acquire
 .text.__sfp_lock_release
                0x0801026c        0xc C:/ST/STM32CubeIDE_1.14.1/STM32CubeIDE/plugins/com.st.stm32cube.ide.mcu.externaltools.gnu-tools-for-stm32.13.3.rel1.win32_1.0.0.202411081344/tools/bin/../lib/gcc/arm-none-eabi/13.3.1/../../../../arm-none-eabi/lib/thumb/v7e-m+fp/hard\libc_nano.a(libc_a-findfp.o)
                0x0801026c                __sfp_lock_release
 .text.__sinit  0x08010278       0x30 C:/ST/STM32CubeIDE_1.14.1/STM32CubeIDE/plugins/com.st.stm32cube.ide.mcu.externaltools.gnu-tools-for-stm32.13.3.rel1.win32_1.0.0.202411081344/tools/bin/../lib/gcc/arm-none-eabi/13.3.1/../../../../arm-none-eabi/lib/thumb/v7e-m+fp/hard\libc_nano.a(libc_a-findfp.o)
                0x08010278                __sinit
 .text._fwalk_sglue
                0x080102a8       0x3c C:/ST/STM32CubeIDE_1.14.1/STM32CubeIDE/plugins/com.st.stm32cube.ide.mcu.externaltools.gnu-tools-for-stm32.13.3.rel1.win32_1.0.0.202411081344/tools/bin/../lib/gcc/arm-none-eabi/13.3.1/../../../../arm-none-eabi/lib/thumb/v7e-m+fp/hard\libc_nano.a(libc_a-fwalk.o)
                0x080102a8                _fwalk_sglue
 .text.sprintf  0x080102e4       0x44 C:/ST/STM32CubeIDE_1.14.1/STM32CubeIDE/plugins/com.st.stm32cube.ide.mcu.externaltools.gnu-tools-for-stm32.13.3.rel1.win32_1.0.0.202411081344/tools/bin/../lib/gcc/arm-none-eabi/13.3.1/../../../../arm-none-eabi/lib/thumb/v7e-m+fp/hard\libc_nano.a(libc_a-sprintf.o)
                0x080102e4                siprintf
                0x080102e4                sprintf
 .text.__sread  0x08010328       0x22 C:/ST/STM32CubeIDE_1.14.1/STM32CubeIDE/plugins/com.st.stm32cube.ide.mcu.externaltools.gnu-tools-for-stm32.13.3.rel1.win32_1.0.0.202411081344/tools/bin/../lib/gcc/arm-none-eabi/13.3.1/../../../../arm-none-eabi/lib/thumb/v7e-m+fp/hard\libc_nano.a(libc_a-stdio.o)
                0x08010328                __sread
 .text.__swrite
                0x0801034a       0x38 C:/ST/STM32CubeIDE_1.14.1/STM32CubeIDE/plugins/com.st.stm32cube.ide.mcu.externaltools.gnu-tools-for-stm32.13.3.rel1.win32_1.0.0.202411081344/tools/bin/../lib/gcc/arm-none-eabi/13.3.1/../../../../arm-none-eabi/lib/thumb/v7e-m+fp/hard\libc_nano.a(libc_a-stdio.o)
                0x0801034a                __swrite
 .text.__sseek  0x08010382       0x24 C:/ST/STM32CubeIDE_1.14.1/STM32CubeIDE/plugins/com.st.stm32cube.ide.mcu.externaltools.gnu-tools-for-stm32.13.3.rel1.win32_1.0.0.202411081344/tools/bin/../lib/gcc/arm-none-eabi/13.3.1/../../../../arm-none-eabi/lib/thumb/v7e-m+fp/hard\libc_nano.a(libc_a-stdio.o)
                0x08010382                __sseek
 .text.__sclose
                0x080103a6        0x8 C:/ST/STM32CubeIDE_1.14.1/STM32CubeIDE/plugins/com.st.stm32cube.ide.mcu.externaltools.gnu-tools-for-stm32.13.3.rel1.win32_1.0.0.202411081344/tools/bin/../lib/gcc/arm-none-eabi/13.3.1/../../../../arm-none-eabi/lib/thumb/v7e-m+fp/hard\libc_nano.a(libc_a-stdio.o)
                0x080103a6                __sclose
 .text.memset   0x080103ae       0x10 C:/ST/STM32CubeIDE_1.14.1/STM32CubeIDE/plugins/com.st.stm32cube.ide.mcu.externaltools.gnu-tools-for-stm32.13.3.rel1.win32_1.0.0.202411081344/tools/bin/../lib/gcc/arm-none-eabi/13.3.1/../../../../arm-none-eabi/lib/thumb/v7e-m+fp/hard\libc_nano.a(libc_a-memset.o)
                0x080103ae                memset
 *fill*         0x080103be        0x2 
 .text._localeconv_r
                0x080103c0        0x8 C:/ST/STM32CubeIDE_1.14.1/STM32CubeIDE/plugins/com.st.stm32cube.ide.mcu.externaltools.gnu-tools-for-stm32.13.3.rel1.win32_1.0.0.202411081344/tools/bin/../lib/gcc/arm-none-eabi/13.3.1/../../../../arm-none-eabi/lib/thumb/v7e-m+fp/hard\libc_nano.a(libc_a-localeconv.o)
                0x080103c0                _localeconv_r
 .text._close_r
                0x080103c8       0x20 C:/ST/STM32CubeIDE_1.14.1/STM32CubeIDE/plugins/com.st.stm32cube.ide.mcu.externaltools.gnu-tools-for-stm32.13.3.rel1.win32_1.0.0.202411081344/tools/bin/../lib/gcc/arm-none-eabi/13.3.1/../../../../arm-none-eabi/lib/thumb/v7e-m+fp/hard\libc_nano.a(libc_a-closer.o)
                0x080103c8                _close_r
 .text._lseek_r
                0x080103e8       0x24 C:/ST/STM32CubeIDE_1.14.1/STM32CubeIDE/plugins/com.st.stm32cube.ide.mcu.externaltools.gnu-tools-for-stm32.13.3.rel1.win32_1.0.0.202411081344/tools/bin/../lib/gcc/arm-none-eabi/13.3.1/../../../../arm-none-eabi/lib/thumb/v7e-m+fp/hard\libc_nano.a(libc_a-lseekr.o)
                0x080103e8                _lseek_r
 .text._read_r  0x0801040c       0x24 C:/ST/STM32CubeIDE_1.14.1/STM32CubeIDE/plugins/com.st.stm32cube.ide.mcu.externaltools.gnu-tools-for-stm32.13.3.rel1.win32_1.0.0.202411081344/tools/bin/../lib/gcc/arm-none-eabi/13.3.1/../../../../arm-none-eabi/lib/thumb/v7e-m+fp/hard\libc_nano.a(libc_a-readr.o)
                0x0801040c                _read_r
 .text._write_r
                0x08010430       0x24 C:/ST/STM32CubeIDE_1.14.1/STM32CubeIDE/plugins/com.st.stm32cube.ide.mcu.externaltools.gnu-tools-for-stm32.13.3.rel1.win32_1.0.0.202411081344/tools/bin/../lib/gcc/arm-none-eabi/13.3.1/../../../../arm-none-eabi/lib/thumb/v7e-m+fp/hard\libc_nano.a(libc_a-writer.o)
                0x08010430                _write_r
 .text.__errno  0x08010454        0xc C:/ST/STM32CubeIDE_1.14.1/STM32CubeIDE/plugins/com.st.stm32cube.ide.mcu.externaltools.gnu-tools-for-stm32.13.3.rel1.win32_1.0.0.202411081344/tools/bin/../lib/gcc/arm-none-eabi/13.3.1/../../../../arm-none-eabi/lib/thumb/v7e-m+fp/hard\libc_nano.a(libc_a-errno.o)
                0x08010454                __errno
 .text.__libc_init_array
                0x08010460       0x48 C:/ST/STM32CubeIDE_1.14.1/STM32CubeIDE/plugins/com.st.stm32cube.ide.mcu.externaltools.gnu-tools-for-stm32.13.3.rel1.win32_1.0.0.202411081344/tools/bin/../lib/gcc/arm-none-eabi/13.3.1/../../../../arm-none-eabi/lib/thumb/v7e-m+fp/hard\libc_nano.a(libc_a-init.o)
                0x08010460                __libc_init_array
 .text.__retarget_lock_init_recursive
                0x080104a8        0x2 C:/ST/STM32CubeIDE_1.14.1/STM32CubeIDE/plugins/com.st.stm32cube.ide.mcu.externaltools.gnu-tools-for-stm32.13.3.rel1.win32_1.0.0.202411081344/tools/bin/../lib/gcc/arm-none-eabi/13.3.1/../../../../arm-none-eabi/lib/thumb/v7e-m+fp/hard\libc_nano.a(libc_a-lock.o)
                0x080104a8                __retarget_lock_init_recursive
 .text.__retarget_lock_acquire_recursive
                0x080104aa        0x2 C:/ST/STM32CubeIDE_1.14.1/STM32CubeIDE/plugins/com.st.stm32cube.ide.mcu.externaltools.gnu-tools-for-stm32.13.3.rel1.win32_1.0.0.202411081344/tools/bin/../lib/gcc/arm-none-eabi/13.3.1/../../../../arm-none-eabi/lib/thumb/v7e-m+fp/hard\libc_nano.a(libc_a-lock.o)
                0x080104aa                __retarget_lock_acquire_recursive
 .text.__retarget_lock_release_recursive
                0x080104ac        0x2 C:/ST/STM32CubeIDE_1.14.1/STM32CubeIDE/plugins/com.st.stm32cube.ide.mcu.externaltools.gnu-tools-for-stm32.13.3.rel1.win32_1.0.0.202411081344/tools/bin/../lib/gcc/arm-none-eabi/13.3.1/../../../../arm-none-eabi/lib/thumb/v7e-m+fp/hard\libc_nano.a(libc_a-lock.o)
                0x080104ac                __retarget_lock_release_recursive
 .text.memcpy   0x080104ae       0x1c C:/ST/STM32CubeIDE_1.14.1/STM32CubeIDE/plugins/com.st.stm32cube.ide.mcu.externaltools.gnu-tools-for-stm32.13.3.rel1.win32_1.0.0.202411081344/tools/bin/../lib/gcc/arm-none-eabi/13.3.1/../../../../arm-none-eabi/lib/thumb/v7e-m+fp/hard\libc_nano.a(libc_a-memcpy-stub.o)
                0x080104ae                memcpy
 *fill*         0x080104ca        0x2 
 .text.nanf     0x080104cc        0xc C:/ST/STM32CubeIDE_1.14.1/STM32CubeIDE/plugins/com.st.stm32cube.ide.mcu.externaltools.gnu-tools-for-stm32.13.3.rel1.win32_1.0.0.202411081344/tools/bin/../lib/gcc/arm-none-eabi/13.3.1/../../../../arm-none-eabi/lib/thumb/v7e-m+fp/hard\libc_nano.a(libm_a-sf_nan.o)
                0x080104cc                nanf
 .text.quorem   0x080104d8      0x110 C:/ST/STM32CubeIDE_1.14.1/STM32CubeIDE/plugins/com.st.stm32cube.ide.mcu.externaltools.gnu-tools-for-stm32.13.3.rel1.win32_1.0.0.202411081344/tools/bin/../lib/gcc/arm-none-eabi/13.3.1/../../../../arm-none-eabi/lib/thumb/v7e-m+fp/hard\libc_nano.a(libc_a-dtoa.o)
 .text._dtoa_r  0x080105e8      0xba0 C:/ST/STM32CubeIDE_1.14.1/STM32CubeIDE/plugins/com.st.stm32cube.ide.mcu.externaltools.gnu-tools-for-stm32.13.3.rel1.win32_1.0.0.202411081344/tools/bin/../lib/gcc/arm-none-eabi/13.3.1/../../../../arm-none-eabi/lib/thumb/v7e-m+fp/hard\libc_nano.a(libc_a-dtoa.o)
                0x080105e8                _dtoa_r
 .text._free_r  0x08011188       0x94 C:/ST/STM32CubeIDE_1.14.1/STM32CubeIDE/plugins/com.st.stm32cube.ide.mcu.externaltools.gnu-tools-for-stm32.13.3.rel1.win32_1.0.0.202411081344/tools/bin/../lib/gcc/arm-none-eabi/13.3.1/../../../../arm-none-eabi/lib/thumb/v7e-m+fp/hard\libc_nano.a(libc_a-freer.o)
                0x08011188                _free_r
 .text.malloc   0x0801121c       0x10 C:/ST/STM32CubeIDE_1.14.1/STM32CubeIDE/plugins/com.st.stm32cube.ide.mcu.externaltools.gnu-tools-for-stm32.13.3.rel1.win32_1.0.0.202411081344/tools/bin/../lib/gcc/arm-none-eabi/13.3.1/../../../../arm-none-eabi/lib/thumb/v7e-m+fp/hard\libc_nano.a(libc_a-malloc.o)
                0x0801121c                malloc
 .text.sbrk_aligned
                0x0801122c       0x44 C:/ST/STM32CubeIDE_1.14.1/STM32CubeIDE/plugins/com.st.stm32cube.ide.mcu.externaltools.gnu-tools-for-stm32.13.3.rel1.win32_1.0.0.202411081344/tools/bin/../lib/gcc/arm-none-eabi/13.3.1/../../../../arm-none-eabi/lib/thumb/v7e-m+fp/hard\libc_nano.a(libc_a-mallocr.o)
 .text._malloc_r
                0x08011270      0x100 C:/ST/STM32CubeIDE_1.14.1/STM32CubeIDE/plugins/com.st.stm32cube.ide.mcu.externaltools.gnu-tools-for-stm32.13.3.rel1.win32_1.0.0.202411081344/tools/bin/../lib/gcc/arm-none-eabi/13.3.1/../../../../arm-none-eabi/lib/thumb/v7e-m+fp/hard\libc_nano.a(libc_a-mallocr.o)
                0x08011270                _malloc_r
 .text.__malloc_lock
                0x08011370        0xc C:/ST/STM32CubeIDE_1.14.1/STM32CubeIDE/plugins/com.st.stm32cube.ide.mcu.externaltools.gnu-tools-for-stm32.13.3.rel1.win32_1.0.0.202411081344/tools/bin/../lib/gcc/arm-none-eabi/13.3.1/../../../../arm-none-eabi/lib/thumb/v7e-m+fp/hard\libc_nano.a(libc_a-mlock.o)
                0x08011370                __malloc_lock
 .text.__malloc_unlock
                0x0801137c        0xc C:/ST/STM32CubeIDE_1.14.1/STM32CubeIDE/plugins/com.st.stm32cube.ide.mcu.externaltools.gnu-tools-for-stm32.13.3.rel1.win32_1.0.0.202411081344/tools/bin/../lib/gcc/arm-none-eabi/13.3.1/../../../../arm-none-eabi/lib/thumb/v7e-m+fp/hard\libc_nano.a(libc_a-mlock.o)
                0x0801137c                __malloc_unlock
 .text._Balloc  0x08011388       0x80 C:/ST/STM32CubeIDE_1.14.1/STM32CubeIDE/plugins/com.st.stm32cube.ide.mcu.externaltools.gnu-tools-for-stm32.13.3.rel1.win32_1.0.0.202411081344/tools/bin/../lib/gcc/arm-none-eabi/13.3.1/../../../../arm-none-eabi/lib/thumb/v7e-m+fp/hard\libc_nano.a(libc_a-mprec.o)
                0x08011388                _Balloc
 .text._Bfree   0x08011408       0x44 C:/ST/STM32CubeIDE_1.14.1/STM32CubeIDE/plugins/com.st.stm32cube.ide.mcu.externaltools.gnu-tools-for-stm32.13.3.rel1.win32_1.0.0.202411081344/tools/bin/../lib/gcc/arm-none-eabi/13.3.1/../../../../arm-none-eabi/lib/thumb/v7e-m+fp/hard\libc_nano.a(libc_a-mprec.o)
                0x08011408                _Bfree
 .text.__multadd
                0x0801144c       0x8c C:/ST/STM32CubeIDE_1.14.1/STM32CubeIDE/plugins/com.st.stm32cube.ide.mcu.externaltools.gnu-tools-for-stm32.13.3.rel1.win32_1.0.0.202411081344/tools/bin/../lib/gcc/arm-none-eabi/13.3.1/../../../../arm-none-eabi/lib/thumb/v7e-m+fp/hard\libc_nano.a(libc_a-mprec.o)
                0x0801144c                __multadd
 .text.__s2b    0x080114d8       0x94 C:/ST/STM32CubeIDE_1.14.1/STM32CubeIDE/plugins/com.st.stm32cube.ide.mcu.externaltools.gnu-tools-for-stm32.13.3.rel1.win32_1.0.0.202411081344/tools/bin/../lib/gcc/arm-none-eabi/13.3.1/../../../../arm-none-eabi/lib/thumb/v7e-m+fp/hard\libc_nano.a(libc_a-mprec.o)
                0x080114d8                __s2b
 .text.__hi0bits
                0x0801156c       0x3e C:/ST/STM32CubeIDE_1.14.1/STM32CubeIDE/plugins/com.st.stm32cube.ide.mcu.externaltools.gnu-tools-for-stm32.13.3.rel1.win32_1.0.0.202411081344/tools/bin/../lib/gcc/arm-none-eabi/13.3.1/../../../../arm-none-eabi/lib/thumb/v7e-m+fp/hard\libc_nano.a(libc_a-mprec.o)
                0x0801156c                __hi0bits
 .text.__lo0bits
                0x080115aa       0x5a C:/ST/STM32CubeIDE_1.14.1/STM32CubeIDE/plugins/com.st.stm32cube.ide.mcu.externaltools.gnu-tools-for-stm32.13.3.rel1.win32_1.0.0.202411081344/tools/bin/../lib/gcc/arm-none-eabi/13.3.1/../../../../arm-none-eabi/lib/thumb/v7e-m+fp/hard\libc_nano.a(libc_a-mprec.o)
                0x080115aa                __lo0bits
 .text.__i2b    0x08011604       0x2c C:/ST/STM32CubeIDE_1.14.1/STM32CubeIDE/plugins/com.st.stm32cube.ide.mcu.externaltools.gnu-tools-for-stm32.13.3.rel1.win32_1.0.0.202411081344/tools/bin/../lib/gcc/arm-none-eabi/13.3.1/../../../../arm-none-eabi/lib/thumb/v7e-m+fp/hard\libc_nano.a(libc_a-mprec.o)
                0x08011604                __i2b
 .text.__multiply
                0x08011630      0x144 C:/ST/STM32CubeIDE_1.14.1/STM32CubeIDE/plugins/com.st.stm32cube.ide.mcu.externaltools.gnu-tools-for-stm32.13.3.rel1.win32_1.0.0.202411081344/tools/bin/../lib/gcc/arm-none-eabi/13.3.1/../../../../arm-none-eabi/lib/thumb/v7e-m+fp/hard\libc_nano.a(libc_a-mprec.o)
                0x08011630                __multiply
 .text.__pow5mult
                0x08011774       0xb4 C:/ST/STM32CubeIDE_1.14.1/STM32CubeIDE/plugins/com.st.stm32cube.ide.mcu.externaltools.gnu-tools-for-stm32.13.3.rel1.win32_1.0.0.202411081344/tools/bin/../lib/gcc/arm-none-eabi/13.3.1/../../../../arm-none-eabi/lib/thumb/v7e-m+fp/hard\libc_nano.a(libc_a-mprec.o)
                0x08011774                __pow5mult
 .text.__lshift
                0x08011828       0xd8 C:/ST/STM32CubeIDE_1.14.1/STM32CubeIDE/plugins/com.st.stm32cube.ide.mcu.externaltools.gnu-tools-for-stm32.13.3.rel1.win32_1.0.0.202411081344/tools/bin/../lib/gcc/arm-none-eabi/13.3.1/../../../../arm-none-eabi/lib/thumb/v7e-m+fp/hard\libc_nano.a(libc_a-mprec.o)
                0x08011828                __lshift
 .text.__mcmp   0x08011900       0x36 C:/ST/STM32CubeIDE_1.14.1/STM32CubeIDE/plugins/com.st.stm32cube.ide.mcu.externaltools.gnu-tools-for-stm32.13.3.rel1.win32_1.0.0.202411081344/tools/bin/../lib/gcc/arm-none-eabi/13.3.1/../../../../arm-none-eabi/lib/thumb/v7e-m+fp/hard\libc_nano.a(libc_a-mprec.o)
                0x08011900                __mcmp
 *fill*         0x08011936        0x2 
 .text.__mdiff  0x08011938      0x128 C:/ST/STM32CubeIDE_1.14.1/STM32CubeIDE/plugins/com.st.stm32cube.ide.mcu.externaltools.gnu-tools-for-stm32.13.3.rel1.win32_1.0.0.202411081344/tools/bin/../lib/gcc/arm-none-eabi/13.3.1/../../../../arm-none-eabi/lib/thumb/v7e-m+fp/hard\libc_nano.a(libc_a-mprec.o)
                0x08011938                __mdiff
 .text.__ulp    0x08011a60       0x4c C:/ST/STM32CubeIDE_1.14.1/STM32CubeIDE/plugins/com.st.stm32cube.ide.mcu.externaltools.gnu-tools-for-stm32.13.3.rel1.win32_1.0.0.202411081344/tools/bin/../lib/gcc/arm-none-eabi/13.3.1/../../../../arm-none-eabi/lib/thumb/v7e-m+fp/hard\libc_nano.a(libc_a-mprec.o)
                0x08011a60                __ulp
 .text.__b2d    0x08011aac       0x94 C:/ST/STM32CubeIDE_1.14.1/STM32CubeIDE/plugins/com.st.stm32cube.ide.mcu.externaltools.gnu-tools-for-stm32.13.3.rel1.win32_1.0.0.202411081344/tools/bin/../lib/gcc/arm-none-eabi/13.3.1/../../../../arm-none-eabi/lib/thumb/v7e-m+fp/hard\libc_nano.a(libc_a-mprec.o)
                0x08011aac                __b2d
 .text.__d2b    0x08011b40       0xb0 C:/ST/STM32CubeIDE_1.14.1/STM32CubeIDE/plugins/com.st.stm32cube.ide.mcu.externaltools.gnu-tools-for-stm32.13.3.rel1.win32_1.0.0.202411081344/tools/bin/../lib/gcc/arm-none-eabi/13.3.1/../../../../arm-none-eabi/lib/thumb/v7e-m+fp/hard\libc_nano.a(libc_a-mprec.o)
                0x08011b40                __d2b
 .text.__ratio  0x08011bf0       0x64 C:/ST/STM32CubeIDE_1.14.1/STM32CubeIDE/plugins/com.st.stm32cube.ide.mcu.externaltools.gnu-tools-for-stm32.13.3.rel1.win32_1.0.0.202411081344/tools/bin/../lib/gcc/arm-none-eabi/13.3.1/../../../../arm-none-eabi/lib/thumb/v7e-m+fp/hard\libc_nano.a(libc_a-mprec.o)
                0x08011bf0                __ratio
 .text.__copybits
                0x08011c54       0x46 C:/ST/STM32CubeIDE_1.14.1/STM32CubeIDE/plugins/com.st.stm32cube.ide.mcu.externaltools.gnu-tools-for-stm32.13.3.rel1.win32_1.0.0.202411081344/tools/bin/../lib/gcc/arm-none-eabi/13.3.1/../../../../arm-none-eabi/lib/thumb/v7e-m+fp/hard\libc_nano.a(libc_a-mprec.o)
                0x08011c54                __copybits
 .text.__any_on
                0x08011c9a       0x42 C:/ST/STM32CubeIDE_1.14.1/STM32CubeIDE/plugins/com.st.stm32cube.ide.mcu.externaltools.gnu-tools-for-stm32.13.3.rel1.win32_1.0.0.202411081344/tools/bin/../lib/gcc/arm-none-eabi/13.3.1/../../../../arm-none-eabi/lib/thumb/v7e-m+fp/hard\libc_nano.a(libc_a-mprec.o)
                0x08011c9a                __any_on
 .text.sulp     0x08011cdc       0x3c C:/ST/STM32CubeIDE_1.14.1/STM32CubeIDE/plugins/com.st.stm32cube.ide.mcu.externaltools.gnu-tools-for-stm32.13.3.rel1.win32_1.0.0.202411081344/tools/bin/../lib/gcc/arm-none-eabi/13.3.1/../../../../arm-none-eabi/lib/thumb/v7e-m+fp/hard\libc_nano.a(libc_a-strtod.o)
 .text._strtod_l
                0x08011d18      0xbc8 C:/ST/STM32CubeIDE_1.14.1/STM32CubeIDE/plugins/com.st.stm32cube.ide.mcu.externaltools.gnu-tools-for-stm32.13.3.rel1.win32_1.0.0.202411081344/tools/bin/../lib/gcc/arm-none-eabi/13.3.1/../../../../arm-none-eabi/lib/thumb/v7e-m+fp/hard\libc_nano.a(libc_a-strtod.o)
                0x08011d18                _strtod_l
 .text._strtod_r
                0x080128e0        0xc C:/ST/STM32CubeIDE_1.14.1/STM32CubeIDE/plugins/com.st.stm32cube.ide.mcu.externaltools.gnu-tools-for-stm32.13.3.rel1.win32_1.0.0.202411081344/tools/bin/../lib/gcc/arm-none-eabi/13.3.1/../../../../arm-none-eabi/lib/thumb/v7e-m+fp/hard\libc_nano.a(libc_a-strtod.o)
                0x080128e0                _strtod_r
 .text._strtol_l.isra.0
                0x080128ec       0xf4 C:/ST/STM32CubeIDE_1.14.1/STM32CubeIDE/plugins/com.st.stm32cube.ide.mcu.externaltools.gnu-tools-for-stm32.13.3.rel1.win32_1.0.0.202411081344/tools/bin/../lib/gcc/arm-none-eabi/13.3.1/../../../../arm-none-eabi/lib/thumb/v7e-m+fp/hard\libc_nano.a(libc_a-strtol.o)
 .text._strtol_r
                0x080129e0        0x4 C:/ST/STM32CubeIDE_1.14.1/STM32CubeIDE/plugins/com.st.stm32cube.ide.mcu.externaltools.gnu-tools-for-stm32.13.3.rel1.win32_1.0.0.202411081344/tools/bin/../lib/gcc/arm-none-eabi/13.3.1/../../../../arm-none-eabi/lib/thumb/v7e-m+fp/hard\libc_nano.a(libc_a-strtol.o)
                0x080129e0                _strtol_r
 .text.__ssputs_r
                0x080129e4       0xb6 C:/ST/STM32CubeIDE_1.14.1/STM32CubeIDE/plugins/com.st.stm32cube.ide.mcu.externaltools.gnu-tools-for-stm32.13.3.rel1.win32_1.0.0.202411081344/tools/bin/../lib/gcc/arm-none-eabi/13.3.1/../../../../arm-none-eabi/lib/thumb/v7e-m+fp/hard\libc_nano.a(libc_a-nano-svfprintf.o)
                0x080129e4                __ssputs_r
 *fill*         0x08012a9a        0x2 
 .text._svfprintf_r