Archive member included to satisfy reference by file (symbol)

C:/ST/STM32CubeIDE_1.14.1/STM32CubeIDE/plugins/com.st.stm32cube.ide.mcu.externaltools.gnu-tools-for-stm32.13.3.rel1.win32_1.0.0.202411081344/tools/bin/../lib/gcc/arm-none-eabi/13.3.1/../../../../arm-none-eabi/lib/thumb/v7e-m+fp/hard\libc_nano.a(libc_a-exit.o)
                              C:/ST/STM32CubeIDE_1.14.1/STM32CubeIDE/plugins/com.st.stm32cube.ide.mcu.externaltools.gnu-tools-for-stm32.13.3.rel1.win32_1.0.0.202411081344/tools/bin/../lib/gcc/arm-none-eabi/13.3.1/../../../../arm-none-eabi/lib/thumb/v7e-m+fp/hard/crt0.o (exit)
C:/ST/STM32CubeIDE_1.14.1/STM32CubeIDE/plugins/com.st.stm32cube.ide.mcu.externaltools.gnu-tools-for-stm32.13.3.rel1.win32_1.0.0.202411081344/tools/bin/../lib/gcc/arm-none-eabi/13.3.1/../../../../arm-none-eabi/lib/thumb/v7e-m+fp/hard\libc_nano.a(libc_a-findfp.o)
                              C:/ST/STM32CubeIDE_1.14.1/STM32CubeIDE/plugins/com.st.stm32cube.ide.mcu.externaltools.gnu-tools-for-stm32.13.3.rel1.win32_1.0.0.202411081344/tools/bin/../lib/gcc/arm-none-eabi/13.3.1/../../../../arm-none-eabi/lib/thumb/v7e-m+fp/hard\libc_nano.a(libc_a-exit.o) (__stdio_exit_handler)
C:/ST/STM32CubeIDE_1.14.1/STM32CubeIDE/plugins/com.st.stm32cube.ide.mcu.externaltools.gnu-tools-for-stm32.13.3.rel1.win32_1.0.0.202411081344/tools/bin/../lib/gcc/arm-none-eabi/13.3.1/../../../../arm-none-eabi/lib/thumb/v7e-m+fp/hard\libc_nano.a(libc_a-fwalk.o)
                              C:/ST/STM32CubeIDE_1.14.1/STM32CubeIDE/plugins/com.st.stm32cube.ide.mcu.externaltools.gnu-tools-for-stm32.13.3.rel1.win32_1.0.0.202411081344/tools/bin/../lib/gcc/arm-none-eabi/13.3.1/../../../../arm-none-eabi/lib/thumb/v7e-m+fp/hard\libc_nano.a(libc_a-findfp.o) (_fwalk_sglue)
C:/ST/STM32CubeIDE_1.14.1/STM32CubeIDE/plugins/com.st.stm32cube.ide.mcu.externaltools.gnu-tools-for-stm32.13.3.rel1.win32_1.0.0.202411081344/tools/bin/../lib/gcc/arm-none-eabi/13.3.1/../../../../arm-none-eabi/lib/thumb/v7e-m+fp/hard\libc_nano.a(libc_a-stdio.o)
                              C:/ST/STM32CubeIDE_1.14.1/STM32CubeIDE/plugins/com.st.stm32cube.ide.mcu.externaltools.gnu-tools-for-stm32.13.3.rel1.win32_1.0.0.202411081344/tools/bin/../lib/gcc/arm-none-eabi/13.3.1/../../../../arm-none-eabi/lib/thumb/v7e-m+fp/hard\libc_nano.a(libc_a-findfp.o) (__sread)
C:/ST/STM32CubeIDE_1.14.1/STM32CubeIDE/plugins/com.st.stm32cube.ide.mcu.externaltools.gnu-tools-for-stm32.13.3.rel1.win32_1.0.0.202411081344/tools/bin/../lib/gcc/arm-none-eabi/13.3.1/../../../../arm-none-eabi/lib/thumb/v7e-m+fp/hard\libc_nano.a(libc_a-memset.o)
                              C:/ST/STM32CubeIDE_1.14.1/STM32CubeIDE/plugins/com.st.stm32cube.ide.mcu.externaltools.gnu-tools-for-stm32.13.3.rel1.win32_1.0.0.202411081344/tools/bin/../lib/gcc/arm-none-eabi/13.3.1/../../../../arm-none-eabi/lib/thumb/v7e-m+fp/hard/crt0.o (memset)
C:/ST/STM32CubeIDE_1.14.1/STM32CubeIDE/plugins/com.st.stm32cube.ide.mcu.externaltools.gnu-tools-for-stm32.13.3.rel1.win32_1.0.0.202411081344/tools/bin/../lib/gcc/arm-none-eabi/13.3.1/../../../../arm-none-eabi/lib/thumb/v7e-m+fp/hard\libc_nano.a(libc_a-closer.o)
                              C:/ST/STM32CubeIDE_1.14.1/STM32CubeIDE/plugins/com.st.stm32cube.ide.mcu.externaltools.gnu-tools-for-stm32.13.3.rel1.win32_1.0.0.202411081344/tools/bin/../lib/gcc/arm-none-eabi/13.3.1/../../../../arm-none-eabi/lib/thumb/v7e-m+fp/hard\libc_nano.a(libc_a-stdio.o) (_close_r)
C:/ST/STM32CubeIDE_1.14.1/STM32CubeIDE/plugins/com.st.stm32cube.ide.mcu.externaltools.gnu-tools-for-stm32.13.3.rel1.win32_1.0.0.202411081344/tools/bin/../lib/gcc/arm-none-eabi/13.3.1/../../../../arm-none-eabi/lib/thumb/v7e-m+fp/hard\libc_nano.a(libc_a-reent.o)
                              C:/ST/STM32CubeIDE_1.14.1/STM32CubeIDE/plugins/com.st.stm32cube.ide.mcu.externaltools.gnu-tools-for-stm32.13.3.rel1.win32_1.0.0.202411081344/tools/bin/../lib/gcc/arm-none-eabi/13.3.1/../../../../arm-none-eabi/lib/thumb/v7e-m+fp/hard\libc_nano.a(libc_a-closer.o) (errno)
C:/ST/STM32CubeIDE_1.14.1/STM32CubeIDE/plugins/com.st.stm32cube.ide.mcu.externaltools.gnu-tools-for-stm32.13.3.rel1.win32_1.0.0.202411081344/tools/bin/../lib/gcc/arm-none-eabi/13.3.1/../../../../arm-none-eabi/lib/thumb/v7e-m+fp/hard\libc_nano.a(libc_a-impure.o)
                              C:/ST/STM32CubeIDE_1.14.1/STM32CubeIDE/plugins/com.st.stm32cube.ide.mcu.externaltools.gnu-tools-for-stm32.13.3.rel1.win32_1.0.0.202411081344/tools/bin/../lib/gcc/arm-none-eabi/13.3.1/../../../../arm-none-eabi/lib/thumb/v7e-m+fp/hard\libc_nano.a(libc_a-reent.o) (_impure_ptr)
C:/ST/STM32CubeIDE_1.14.1/STM32CubeIDE/plugins/com.st.stm32cube.ide.mcu.externaltools.gnu-tools-for-stm32.13.3.rel1.win32_1.0.0.202411081344/tools/bin/../lib/gcc/arm-none-eabi/13.3.1/../../../../arm-none-eabi/lib/thumb/v7e-m+fp/hard\libc_nano.a(libc_a-lseekr.o)
[...]
Memory Configuration

Name             Origin             Length             Attributes
CCMRAM           0x10000000         0x00010000         xrw
RAM              0x20000000         0x00020000         xrw
FLASH            0x08000000         0x00080000         xr
*default*        0x00000000         0xffffffff

Linker script and memory map

LOAD C:/ST/STM32CubeIDE_1.14.1/STM32CubeIDE/plugins/com.st.stm32cube.ide.mcu.externaltools.gnu-tools-for-stm32.13.3.rel1.win32_1.0.0.202411081344/tools/bin/../lib/gcc/arm-none-eabi/13.3.1/thumb/v7e-m+fp/hard/crti.o
LOAD C:/ST/STM32CubeIDE_1.14.1/STM32CubeIDE/plugins/com.st.stm32cube.ide.mcu.externaltools.gnu-tools-for-stm32.13.3.rel1.win32_1.0.0.202411081344/tools/bin/../lib/gcc/arm-none-eabi/13.3.1/thumb/v7e-m+fp/hard/crtbegin.o
LOAD C:/ST/STM32CubeIDE_1.14.1/STM32CubeIDE/plugins/com.st.stm32cube.ide.mcu.externaltools.gnu-tools-for-stm32.13.3.rel1.win32_1.0.0.202411081344/tools/bin/../lib/gcc/arm-none-eabi/13.3.1/../../../../arm-none-eabi/lib/thumb/v7e-m+fp/hard/crt0.o
LOAD ./Core/Src/freertos.o
LOAD ./Core/Src/main.o
LOAD ./Core/Src/stm32f4xx_hal_msp.o
LOAD ./Core/Src/stm32f4xx_it.o
LOAD ./Core/Src/syscalls.o
LOAD ./Core/Src/sysmem.o
LOAD ./Core/Src/system_stm32f4xx.o
LOAD ./Core/Startup/startup_stm32f407vetx.o
LOAD ./Drivers/STM32F4xx_HAL_Driver/Src/stm32f4xx_hal.o
LOAD ./Drivers/STM32F4xx_HAL_Driver/Src/stm32f4xx_hal_cortex.o
LOAD ./Drivers/STM32F4xx_HAL_Driver/Src/stm32f4xx_hal_dma.o
LOAD ./Drivers/STM32F4xx_HAL_Driver/Src/stm32f4xx_hal_dma_ex.o
LOAD ./Drivers/STM32F4xx_HAL_Driver/Src/stm32f4xx_hal_exti.o
LOAD ./Drivers/STM32F4xx_HAL_Driver/Src/stm32f4xx_hal_flash.o
LOAD ./Drivers/STM32F4xx_HAL_Driver/Src/stm32f4xx_hal_flash_ex.o
LOAD ./Drivers/STM32F4xx_HAL_Driver/Src/stm32f4xx_hal_flash_ramfunc.o
LOAD ./Drivers/STM32F4xx_HAL_Driver/Src/stm32f4xx_hal_gpio.o
LOAD ./Drivers/STM32F4xx_HAL_Driver/Src/stm32f4xx_hal_i2c.o
LOAD ./Drivers/STM32F4xx_HAL_Driver/Src/stm32f4xx_hal_i2c_ex.o
LOAD ./Drivers/STM32F4xx_HAL_Driver/Src/stm32f4xx_hal_mmc.o
LOAD ./Drivers/STM32F4xx_HAL_Driver/Src/stm32f4xx_hal_pwr.o
LOAD ./Drivers/STM32F4xx_HAL_Driver/Src/stm32f4xx_hal_pwr_ex.o
LOAD ./Drivers/STM32F4xx_HAL_Driver/Src/stm32f4xx_hal_rcc.o
LOAD ./Drivers/STM32F4xx_HAL_Driver/Src/stm32f4xx_hal_rcc_ex.o
LOAD ./Drivers/STM32F4xx_HAL_Driver/Src/stm32f4xx_hal_sd.o
LOAD ./Drivers/STM32F4xx_HAL_Driver/Src/stm32f4xx_hal_spi.o
LOAD ./Drivers/STM32F4xx_HAL_Driver/Src/stm32f4xx_hal_tim.o
LOAD ./Drivers/STM32F4xx_HAL_Driver/Src/stm32f4xx_hal_tim_ex.o
LOAD ./Drivers/STM32F4xx_HAL_Driver/Src/stm32f4xx_hal_uart.o
LOAD ./Drivers/STM32F4xx_HAL_Driver/Src/stm32f4xx_ll_sdmmc.o
LOAD ./FATFS/App/fatfs.o
LOAD ./FATFS/Target/bsp_driver_sd.o
LOAD ./FATFS/Target/sd_diskio.o
LOAD ./Middlewares/Third_Party/FatFs/src/diskio.o
LOAD ./Middlewares/Third_Party/FatFs/src/ff.o
LOAD ./Middlewares/Third_Party/FatFs/src/ff_gen_drv.o
LOAD ./Middlewares/Third_Party/FatFs/src/option/ccsbcs.o
LOAD ./Middlewares/Third_Party/FatFs/src/option/syscall.o
LOAD ./Middlewares/Third_Party/FreeRTOS/Source/CMSIS_RTOS/cmsis_os.o
LOAD ./Middlewares/Third_Party/FreeRTOS/Source/croutine.o
LOAD ./Middlewares/Third_Party/FreeRTOS/Source/event_groups.o
LOAD ./Middlewares/Third_Party/FreeRTOS/Source/list.o
LOAD ./Middlewares/Third_Party/FreeRTOS/Source/queue.o
LOAD ./Middlewares/Third_Party/FreeRTOS/Source/stream_buffer.o
LOAD ./Middlewares/Third_Party/FreeRTOS/Source/tasks.o
LOAD ./Middlewares/Third_Party/FreeRTOS/Source/timers.o
LOAD ./Middlewares/Third_Party/FreeRTOS/Source/portable/GCC/ARM_CM4F/port.o
LOAD ./Middlewares/Third_Party/FreeRTOS/Source/portable/MemMang/heap_4.o
START GROUP
LOAD C:/ST/STM32CubeIDE_1.14.1/STM32CubeIDE/plugins/com.st.stm32cube.ide.mcu.externaltools.gnu-tools-for-stm32.13.3.rel1.win32_1.0.0.202411081344/tools/bin/../lib/gcc/arm-none-eabi/13.3.1/../../../../arm-none-eabi/lib/thumb/v7e-m+fp/hard\libc_nano.a
LOAD C:/ST/STM32CubeIDE_1.14.1/STM32CubeIDE/plugins/com.st.stm32cube.ide.mcu.externaltools.gnu-tools-for-stm32.13.3.rel1.win32_1.0.0.202411081344/tools/bin/../lib/gcc/arm-none-eabi/13.3.1/../../../../arm-none-eabi/lib/thumb/v7e-m+fp/hard\libm.a
END GROUP
START GROUP
LOAD C:/ST/STM32CubeIDE_1.14.1/STM32CubeIDE/plugins/com.st.stm32cube.ide.mcu.externaltools.gnu-tools-for-stm32.13.3.rel1.win32_1.0.0.202411081344/tools/bin/../lib/gcc/arm-none-eabi/13.3.1/thumb/v7e-m+fp/hard\libgcc.a
LOAD C:/ST/STM32CubeIDE_1.14.1/STM32CubeIDE/plugins/com.st.stm32cube.ide.mcu.externaltools.gnu-tools-for-stm32.13.3.rel1.win32_1.0.0.202411081344/tools/bin/../lib/gcc/arm-none-eabi/13.3.1/../../../../arm-none-eabi/lib/thumb/v7e-m+fp/hard\libc_nano.a
END GROUP
START GROUP
LOAD C:/ST/STM32CubeIDE_1.14.1/STM32CubeIDE/plugins/com.st.stm32cube.ide.mcu.externaltools.gnu-tools-for-stm32.13.3.rel1.win32_1.0.0.202411081344/tools/bin/../lib/gcc/arm-none-eabi/13.3.1/thumb/v7e-m+fp/hard\libgcc.a
LOAD C:/ST/STM32CubeIDE_1.14.1/STM32CubeIDE/plugins/com.st.stm32cube.ide.mcu.externaltools.gnu-tools-for-stm32.13.3.rel1.win32_1.0.0.202411081344/tools/bin/../lib/gcc/arm-none-eabi/13.3.1/../../../../arm-none-eabi/lib/thumb/v7e-m+fp/hard\libc_nano.a
LOAD C:/ST/STM32CubeIDE_1.14.1/STM32CubeIDE/plugins/com.st.stm32cube.ide.mcu.externaltools.gnu-tools-for-stm32.13.3.rel1.win32_1.0.0.202411081344/tools/bin/../lib/gcc/arm-none-eabi/13.3.1/../../../../arm-none-eabi/lib/thumb/v7e-m+fp/hard\libnosys.a
END GROUP
START GROUP
LOAD C:/ST/STM32CubeIDE_1.14.1/STM32CubeIDE/plugins/com.st.stm32cube.ide.mcu.externaltools.gnu-tools-for-stm32.13.3.rel1.win32_1.0.0.202411081344/tools/bin/../lib/gcc/arm-none-eabi/13.3.1/thumb/v7e-m+fp/hard\libgcc.a
LOAD C:/ST/STM32CubeIDE_1.14.1/STM32CubeIDE/plugins/com.st.stm32cube.ide.mcu.externaltools.gnu-tools-for-stm32.13.3.rel1.win32_1.0.0.202411081344/tools/bin/../lib/gcc/arm-none-eabi/13.3.1/../../../../arm-none-eabi/lib/thumb/v7e-m+fp/hard\libc_nano.a
LOAD C:/ST/STM32CubeIDE_1.14.1/STM32CubeIDE/plugins/com.st.stm32cube.ide.mcu.externaltools.gnu-tools-for-stm32.13.3.rel1.win32_1.0.0.202411081344/tools/bin/../lib/gcc/arm-none-eabi/13.3.1/../../../../arm-none-eabi/lib/thumb/v7e-m+fp/hard\libnosys.a
END GROUP
LOAD C:/ST/STM32CubeIDE_1.14.1/STM32CubeIDE/plugins/com.st.stm32cube.ide.mcu.externaltools.gnu-tools-for-stm32.13.3.rel1.win32_1.0.0.202411081344/tools/bin/../lib/gcc/arm-none-eabi/13.3.1/thumb/v7e-m+fp/hard/crtend.o
LOAD C:/ST/STM32CubeIDE_1.14.1/STM32CubeIDE/plugins/com.st.stm32cube.ide.mcu.externaltools.gnu-tools-for-stm32.13.3.rel1.win32_1.0.0.202411081344/tools/bin/../lib/gcc/arm-none-eabi/13.3.1/thumb/v7e-m+fp/hard/crtn.o
                0x20020000                        _estack = (ORIGIN (RAM) + LENGTH (RAM))
                0x00000200                        _Min_Heap_Size = 0x200
                0x00000400                        _Min_Stack_Size = 0x400

.isr_vector     0x08000000      0x188
                0x08000000                        . = ALIGN (0x4)
 *(.isr_vector)
 .isr_vector    0x08000000      0x188 ./Core/Startup/startup_stm32f407vetx.o
                0x08000000                g_pfnVectors
                0x08000188                        . = ALIGN (0x4)

.text           0x08000190     0xbaa4
                0x08000190                        . = ALIGN (0x4)
 *(.text)
 .text          0x08000190       0x40 C:/ST/STM32CubeIDE_1.14.1/STM32CubeIDE/plugins/com.st.stm32cube.ide.mcu.externaltools.gnu-tools-for-stm32.13.3.rel1.win32_1.0.0.202411081344/tools/bin/../lib/gcc/arm-none-eabi/13.3.1/thumb/v7e-m+fp/hard/crtbegin.o
 .text          0x080001d0       0x10 C:/ST/STM32CubeIDE_1.14.1/STM32CubeIDE/plugins/com.st.stm32cube.ide.mcu.externaltools.gnu-tools-for-stm32.13.3.rel1.win32_1.0.0.202411081344/tools/bin/../lib/gcc/arm-none-eabi/13.3.1/../../../../arm-none-eabi/lib/thumb/v7e-m+fp/hard\libc_nano.a(libc_a-strlen.o)
                0x080001d0                strlen
 .text          0x080001e0       0x30 C:/ST/STM32CubeIDE_1.14.1/STM32CubeIDE/plugins/com.st.stm32cube.ide.mcu.externaltools.gnu-tools-for-stm32.13.3.rel1.win32_1.0.0.202411081344/tools/bin/../lib/gcc/arm-none-eabi/13.3.1/thumb/v7e-m+fp/hard\libgcc.a(_aeabi_uldivmod.o)
                0x080001e0                __aeabi_uldivmod
 .text          0x08000210      0x2f8 C:/ST/STM32CubeIDE_1.14.1/STM32CubeIDE/plugins/com.st.stm32cube.ide.mcu.externaltools.gnu-tools-for-stm32.13.3.rel1.win32_1.0.0.202411081344/tools/bin/../lib/gcc/arm-none-eabi/13.3.1/thumb/v7e-m+fp/hard\libgcc.a(_udivmoddi4.o)
                0x08000210                __udivmoddi4
 .text          0x08000508        0x4 C:/ST/STM32CubeIDE_1.14.1/STM32CubeIDE/plugins/com.st.stm32cube.ide.mcu.externaltools.gnu-tools-for-stm32.13.3.rel1.win32_1.0.0.202411081344/tools/bin/../lib/gcc/arm-none-eabi/13.3.1/thumb/v7e-m+fp/hard\libgcc.a(_dvmd_tls.o)
                0x08000508                __aeabi_idiv0
                0x08000508                __aeabi_ldiv0
 *(.text*)
 .text.vApplicationGetIdleTaskMemory
                0x0800050c       0x34 ./Core/Src/freertos.o
                0x0800050c                vApplicationGetIdleTaskMemory
 .text.main     0x08000540       0x60 ./Core/Src/main.o
                0x08000540                main
 .text.SystemClock_Config
                0x080005a0       0xd4 ./Core/Src/main.o
                0x080005a0                SystemClock_Config
 .text.MX_I2C1_Init
                0x08000674       0x5c ./Core/Src/main.o
 .text.MX_SDIO_SD_Init
                0x080006d0       0x44 ./Core/Src/main.o
 .text.MX_SPI1_Init
                0x08000714       0x6c ./Core/Src/main.o
 .text.MX_TIM1_Init
                0x08000780       0xe8 ./Core/Src/main.o
 .text.MX_USART1_UART_Init
                0x08000868       0x54 ./Core/Src/main.o
 .text.MX_DMA_Init
                0x080008bc       0x50 ./Core/Src/main.o
 .text.MX_GPIO_Init
                0x0800090c      0x16c ./Core/Src/main.o
 .text.StartDefaultTask
                0x08000a78       0xf0 ./Core/Src/main.o
                0x08000a78                StartDefaultTask
 .text.Error_Handler
                0x08000b68        0xc ./Core/Src/main.o
                0x08000b68                Error_Handler
 .text.HAL_MspInit
                0x08000b74       0x58 ./Core/Src/stm32f4xx_hal_msp.o
                0x08000b74                HAL_MspInit
 .text.HAL_I2C_MspInit
                0x08000bcc       0x90 ./Core/Src/stm32f4xx_hal_msp.o
                0x08000bcc                HAL_I2C_MspInit
 .text.HAL_SD_MspInit
                0x08000c5c      0x1d0 ./Core/Src/stm32f4xx_hal_msp.o
                0x08000c5c                HAL_SD_MspInit
 .text.HAL_SPI_MspInit
                0x08000e2c       0x90 ./Core/Src/stm32f4xx_hal_msp.o
                0x08000e2c                HAL_SPI_MspInit
 .text.HAL_TIM_Base_MspInit
                0x08000ebc       0xa0 ./Core/Src/stm32f4xx_hal_msp.o
                0x08000ebc                HAL_TIM_Base_MspInit
 .text.HAL_UART_MspInit
                0x08000f5c       0x90 ./Core/Src/stm32f4xx_hal_msp.o
                0x08000f5c                HAL_UART_MspInit
 .text.NMI_Handler
                0x08000fec        0x8 ./Core/Src/stm32f4xx_it.o
                0x08000fec                NMI_Handler
 .text.HardFault_Handler
                0x08000ff4        0x8 ./Core/Src/stm32f4xx_it.o
                0x08000ff4                HardFault_Handler
 .text.MemManage_Handler
                0x08000ffc        0x8 ./Core/Src/stm32f4xx_it.o
                0x08000ffc                MemManage_Handler
 .text.BusFault_Handler
                0x08001004        0x8 ./Core/Src/stm32f4xx_it.o
                0x08001004                BusFault_Handler
 .text.UsageFault_Handler
                0x0800100c        0x8 ./Core/Src/stm32f4xx_it.o
                0x0800100c                UsageFault_Handler
 .text.DebugMon_Handler
                0x08001014        0xe ./Core/Src/stm32f4xx_it.o
                0x08001014                DebugMon_Handler
 .text.SysTick_Handler
                0x08001022       0x1a ./Core/Src/stm32f4xx_it.o
                0x08001022                SysTick_Handler
 .text.TIM1_CC_IRQHandler
                0x0800103c       0x14 ./Core/Src/stm32f4xx_it.o
                0x0800103c                TIM1_CC_IRQHandler
 .text.DMA2_Stream3_IRQHandler
                0x08001050       0x14 ./Core/Src/stm32f4xx_it.o
                0x08001050                DMA2_Stream3_IRQHandler
 .text.DMA2_Stream6_IRQHandler
                0x08001064       0x14 ./Core/Src/stm32f4xx_it.o
                0x08001064                DMA2_Stream6_IRQHandler
 .text.SystemInit
                0x08001078       0x24 ./Core/Src/system_stm32f4xx.o
                0x08001078                SystemInit
 .text.Reset_Handler
                0x0800109c       0x50 ./Core/Startup/startup_stm32f407vetx.o
                0x0800109c                Reset_Handler
 .text.Default_Handler
                0x080010ec        0x2 ./Core/Startup/startup_stm32f407vetx.o
                0x080010ec                RTC_Alarm_IRQHandler
                0x080010ec                HASH_RNG_IRQHandler
                0x080010ec                EXTI2_IRQHandler
                0x080010ec                TIM8_CC_IRQHandler
                0x080010ec                DMA2_Stream5_IRQHandler
                0x080010ec                DMA1_Stream5_IRQHandler
                0x080010ec                PVD_IRQHandler
                0x080010ec                SDIO_IRQHandler
                0x080010ec                TAMP_STAMP_IRQHandler
                0x080010ec                CAN2_RX1_IRQHandler
                0x080010ec                EXTI3_IRQHandler
                0x080010ec                TIM8_TRG_COM_TIM14_IRQHandler
                0x080010ec                TIM1_UP_TIM10_IRQHandler
                0x080010ec                TIM8_UP_TIM13_IRQHandler
                0x080010ec                I2C3_ER_IRQHandler
                0x080010ec                EXTI0_IRQHandler
                0x080010ec                I2C2_EV_IRQHandler
                0x080010ec                DMA1_Stream2_IRQHandler
                0x080010ec                CAN1_RX0_IRQHandler
                0x080010ec                FPU_IRQHandler
                0x080010ec                OTG_HS_WKUP_IRQHandler
                0x080010ec                CAN2_SCE_IRQHandler
                0x080010ec                DMA2_Stream2_IRQHandler
                0x080010ec                SPI1_IRQHandler
                0x080010ec                TIM6_DAC_IRQHandler
                0x080010ec                TIM1_BRK_TIM9_IRQHandler
                0x080010ec                DCMI_IRQHandler
                0x080010ec                CAN2_RX0_IRQHandler
                0x080010ec                USART6_IRQHandler
                0x080010ec                USART3_IRQHandler
                0x080010ec                CAN1_RX1_IRQHandler
                0x080010ec                UART5_IRQHandler
                0x080010ec                DMA2_Stream0_IRQHandler
                0x080010ec                TIM4_IRQHandler
                0x080010ec                I2C1_EV_IRQHandler
                0x080010ec                DMA1_Stream6_IRQHandler
                0x080010ec                DMA1_Stream1_IRQHandler
                0x080010ec                UART4_IRQHandler
                0x080010ec                TIM3_IRQHandler
                0x080010ec                RCC_IRQHandler
                0x080010ec                TIM8_BRK_TIM12_IRQHandler
                0x080010ec                Default_Handler
                0x080010ec                EXTI15_10_IRQHandler
                0x080010ec                ADC_IRQHandler
                0x080010ec                DMA1_Stream7_IRQHandler
                0x080010ec                TIM7_IRQHandler
                0x080010ec                CAN2_TX_IRQHandler
                0x080010ec                TIM5_IRQHandler
                0x080010ec                DMA2_Stream7_IRQHandler
                0x080010ec                I2C3_EV_IRQHandler
                0x080010ec                EXTI9_5_IRQHandler
                0x080010ec                RTC_WKUP_IRQHandler
                0x080010ec                ETH_WKUP_IRQHandler
                0x080010ec                SPI2_IRQHandler
                0x080010ec                OTG_HS_EP1_IN_IRQHandler
                0x080010ec                DMA1_Stream0_IRQHandler
                0x080010ec                CAN1_TX_IRQHandler
                0x080010ec                EXTI4_IRQHandler
                0x080010ec                FSMC_IRQHandler
                0x080010ec                ETH_IRQHandler
                0x080010ec                OTG_HS_EP1_OUT_IRQHandler
                0x080010ec                WWDG_IRQHandler
                0x080010ec                TIM2_IRQHandler
                0x080010ec                OTG_FS_WKUP_IRQHandler
                0x080010ec                TIM1_TRG_COM_TIM11_IRQHandler
                0x080010ec                OTG_HS_IRQHandler
                0x080010ec                EXTI1_IRQHandler
                0x080010ec                USART2_IRQHandler
                0x080010ec                I2C2_ER_IRQHandler
                0x080010ec                DMA2_Stream1_IRQHandler
                0x080010ec                CAN1_SCE_IRQHandler
                0x080010ec                FLASH_IRQHandler
                0x080010ec                DMA2_Stream4_IRQHandler
                0x080010ec                USART1_IRQHandler
                0x080010ec                OTG_FS_IRQHandler
                0x080010ec                SPI3_IRQHandler
                0x080010ec                DMA1_Stream4_IRQHandler
                0x080010ec                I2C1_ER_IRQHandler
                0x080010ec                DMA1_Stream3_IRQHandler
 *fill*         0x080010ee        0x2 
 .text.HAL_Init
                0x080010f0       0x44 ./Drivers/STM32F4xx_HAL_Driver/Src/stm32f4xx_hal.o
                0x080010f0                HAL_Init
 .text.HAL_InitTick
                0x08001134       0x60 ./Drivers/STM32F4xx_HAL_Driver/Src/stm32f4xx_hal.o
                0x08001134                HAL_InitTick
 .text.HAL_IncTick
                0x08001194       0x28 ./Drivers/STM32F4xx_HAL_Driver/Src/stm32f4xx_hal.o
                0x08001194                HAL_IncTick
 .text.HAL_GetTick
                0x080011bc       0x18 ./Drivers/STM32F4xx_HAL_Driver/Src/stm32f4xx_hal.o
                0x080011bc                HAL_GetTick
 .text.HAL_Delay
                0x080011d4       0x48 ./Drivers/STM32F4xx_HAL_Driver/Src/stm32f4xx_hal.o
                0x080011d4                HAL_Delay
 .text.__NVIC_SetPriorityGrouping
                0x0800121c       0x48 ./Drivers/STM32F4xx_HAL_Driver/Src/stm32f4xx_hal_cortex.o
 .text.__NVIC_GetPriorityGrouping
                0x08001264       0x1c ./Drivers/STM32F4xx_HAL_Driver/Src/stm32f4xx_hal_cortex.o
 .text.__NVIC_EnableIRQ
                0x08001280       0x3c ./Drivers/STM32F4xx_HAL_Driver/Src/stm32f4xx_hal_cortex.o
 .text.__NVIC_SetPriority
                0x080012bc       0x54 ./Drivers/STM32F4xx_HAL_Driver/Src/stm32f4xx_hal_cortex.o
 .text.NVIC_EncodePriority
                0x08001310       0x66 ./Drivers/STM32F4xx_HAL_Driver/Src/stm32f4xx_hal_cortex.o
 *fill*         0x08001376        0x2 
 .text.SysTick_Config
                0x08001378       0x44 ./Drivers/STM32F4xx_HAL_Driver/Src/stm32f4xx_hal_cortex.o
 .text.HAL_NVIC_SetPriorityGrouping
                0x080013bc       0x16 ./Drivers/STM32F4xx_HAL_Driver/Src/stm32f4xx_hal_cortex.o
                0x080013bc                HAL_NVIC_SetPriorityGrouping
 .text.HAL_NVIC_SetPriority
                0x080013d2       0x38 ./Drivers/STM32F4xx_HAL_Driver/Src/stm32f4xx_hal_cortex.o
                0x080013d2                HAL_NVIC_SetPriority
 .text.HAL_NVIC_EnableIRQ
                0x0800140a       0x1c ./Drivers/STM32F4xx_HAL_Driver/Src/stm32f4xx_hal_cortex.o
                0x0800140a                HAL_NVIC_EnableIRQ
 .text.HAL_SYSTICK_Config
                0x08001426       0x18 ./Drivers/STM32F4xx_HAL_Driver/Src/stm32f4xx_hal_cortex.o
                0x08001426                HAL_SYSTICK_Config
 *fill*         0x0800143e        0x2 
 .text.HAL_DMA_Init
                0x08001440      0x15c ./Drivers/STM32F4xx_HAL_Driver/Src/stm32f4xx_hal_dma.o
                0x08001440                HAL_DMA_Init
 .text.HAL_DMA_Start_IT
                0x0800159c       0xb0 ./Drivers/STM32F4xx_HAL_Driver/Src/stm32f4xx_hal_dma.o
                0x0800159c                HAL_DMA_Start_IT
 .text.HAL_DMA_IRQHandler
                0x0800164c      0x314 ./Drivers/STM32F4xx_HAL_Driver/Src/stm32f4xx_hal_dma.o
                0x0800164c                HAL_DMA_IRQHandler
 .text.HAL_DMA_GetError
                0x08001960       0x18 ./Drivers/STM32F4xx_HAL_Driver/Src/stm32f4xx_hal_dma.o
                0x08001960                HAL_DMA_GetError
 .text.DMA_SetConfig
                0x08001978       0x5c ./Drivers/STM32F4xx_HAL_Driver/Src/stm32f4xx_hal_dma.o
 .text.DMA_CalcBaseAndBitshift
                0x080019d4       0x6c ./Drivers/STM32F4xx_HAL_Driver/Src/stm32f4xx_hal_dma.o
 .text.DMA_CheckFifoParam
                0x08001a40       0xf8 ./Drivers/STM32F4xx_HAL_Driver/Src/stm32f4xx_hal_dma.o
 .text.HAL_GPIO_Init
                0x08001b38      0x338 ./Drivers/STM32F4xx_HAL_Driver/Src/stm32f4xx_hal_gpio.o
                0x08001b38                HAL_GPIO_Init
 .text.HAL_GPIO_WritePin
                0x08001e70       0x32 ./Drivers/STM32F4xx_HAL_Driver/Src/stm32f4xx_hal_gpio.o
                0x08001e70                HAL_GPIO_WritePin
 .text.HAL_GPIO_TogglePin
                0x08001ea2       0x34 ./Drivers/STM32F4xx_HAL_Driver/Src/stm32f4xx_hal_gpio.o
                0x08001ea2                HAL_GPIO_TogglePin
 *fill*         0x08001ed6        0x2 
 .text.HAL_I2C_Init
                0x08001ed8      0x288 ./Drivers/STM32F4xx_HAL_Driver/Src/stm32f4xx_hal_i2c.o
                0x08001ed8                HAL_I2C_Init
 .text.HAL_RCC_OscConfig
                0x08002160      0x4f0 ./Drivers/STM32F4xx_HAL_Driver/Src/stm32f4xx_hal_rcc.o
                0x08002160                HAL_RCC_OscConfig
 .text.HAL_RCC_ClockConfig
                0x08002650      0x1cc ./Drivers/STM32F4xx_HAL_Driver/Src/stm32f4xx_hal_rcc.o
                0x08002650                HAL_RCC_ClockConfig
 .text.HAL_RCC_GetSysClockFreq
                0x0800281c      0x20c ./Drivers/STM32F4xx_HAL_Driver/Src/stm32f4xx_hal_rcc.o
                0x0800281c                HAL_RCC_GetSysClockFreq
 .text.HAL_RCC_GetHCLKFreq
                0x08002a28       0x18 ./Drivers/STM32F4xx_HAL_Driver/Src/stm32f4xx_hal_rcc.o
                0x08002a28                HAL_RCC_GetHCLKFreq
 .text.HAL_RCC_GetPCLK1Freq
                0x08002a40       0x28 ./Drivers/STM32F4xx_HAL_Driver/Src/stm32f4xx_hal_rcc.o
                0x08002a40                HAL_RCC_GetPCLK1Freq
 .text.HAL_RCC_GetPCLK2Freq
                0x08002a68       0x28 ./Drivers/STM32F4xx_HAL_Driver/Src/stm32f4xx_hal_rcc.o
                0x08002a68                HAL_RCC_GetPCLK2Freq
 .text.HAL_SD_Init
                0x08002a90       0x60 ./Drivers/STM32F4xx_HAL_Driver/Src/stm32f4xx_hal_sd.o
                0x08002a90                HAL_SD_Init
 .text.HAL_SD_InitCard
                0x08002af0       0xf0 ./Drivers/STM32F4xx_HAL_Driver/Src/stm32f4xx_hal_sd.o
                0x08002af0                HAL_SD_InitCard
 .text.HAL_SD_ReadBlocks_DMA
                0x08002be0      0x1c4 ./Drivers/STM32F4xx_HAL_Driver/Src/stm32f4xx_hal_sd.o
                0x08002be0                HAL_SD_ReadBlocks_DMA
 .text.HAL_SD_WriteBlocks_DMA
                0x08002da4      0x1cc ./Drivers/STM32F4xx_HAL_Driver/Src/stm32f4xx_hal_sd.o
                0x08002da4                HAL_SD_WriteBlocks_DMA
 .text.HAL_SD_ErrorCallback
                0x08002f70       0x14 ./Drivers/STM32F4xx_HAL_Driver/Src/stm32f4xx_hal_sd.o
                0x08002f70                HAL_SD_ErrorCallback
 .text.HAL_SD_GetCardCSD
                0x08002f84      0x348 ./Drivers/STM32F4xx_HAL_Driver/Src/stm32f4xx_hal_sd.o
                0x08002f84                HAL_SD_GetCardCSD
 .text.HAL_SD_GetCardInfo
                0x080032cc       0x58 ./Drivers/STM32F4xx_HAL_Driver/Src/stm32f4xx_hal_sd.o
                0x080032cc                HAL_SD_GetCardInfo
 .text.HAL_SD_ConfigWideBusOperation
                0x08003324      0x134 ./Drivers/STM32F4xx_HAL_Driver/Src/stm32f4xx_hal_sd.o
                0x08003324                HAL_SD_ConfigWideBusOperation
 .text.HAL_SD_GetCardState
                0x08003458       0x40 ./Drivers/STM32F4xx_HAL_Driver/Src/stm32f4xx_hal_sd.o
                0x08003458                HAL_SD_GetCardState
 .text.SD_DMATransmitCplt
                0x08003498       0x2a ./Drivers/STM32F4xx_HAL_Driver/Src/stm32f4xx_hal_sd.o
 .text.SD_DMAReceiveCplt
                0x080034c2       0x70 ./Drivers/STM32F4xx_HAL_Driver/Src/stm32f4xx_hal_sd.o
 *fill*         0x08003532        0x2 
 .text.SD_DMAError
                0x08003534       0xa4 ./Drivers/STM32F4xx_HAL_Driver/Src/stm32f4xx_hal_sd.o
 .text.SD_InitCard
                0x080035d8      0x19c ./Drivers/STM32F4xx_HAL_Driver/Src/stm32f4xx_hal_sd.o
 .text.SD_PowerON
                0x08003774      0x11c ./Drivers/STM32F4xx_HAL_Driver/Src/stm32f4xx_hal_sd.o
 .text.SD_SendStatus
                0x08003890       0x50 ./Drivers/STM32F4xx_HAL_Driver/Src/stm32f4xx_hal_sd.o
 .text.SD_WideBus_Enable
                0x080038e0       0x96 ./Drivers/STM32F4xx_HAL_Driver/Src/stm32f4xx_hal_sd.o
 .text.SD_WideBus_Disable
                0x08003976       0x96 ./Drivers/STM32F4xx_HAL_Driver/Src/stm32f4xx_hal_sd.o
 .text.SD_FindSCR
                0x08003a0c      0x1b4 ./Drivers/STM32F4xx_HAL_Driver/Src/stm32f4xx_hal_sd.o
 .text.HAL_SPI_Init
                0x08003bc0      0x112 ./Drivers/STM32F4xx_HAL_Driver/Src/stm32f4xx_hal_spi.o
                0x08003bc0                HAL_SPI_Init
 .text.HAL_TIM_Base_Init
                0x08003cd2       0x9e ./Drivers/STM32F4xx_HAL_Driver/Src/stm32f4xx_hal_tim.o
                0x08003cd2                HAL_TIM_Base_Init
 .text.HAL_TIM_IC_Init
                0x08003d70       0x9e ./Drivers/STM32F4xx_HAL_Driver/Src/stm32f4xx_hal_tim.o
                0x08003d70                HAL_TIM_IC_Init
 .text.HAL_TIM_IC_MspInit
                0x08003e0e       0x14 ./Drivers/STM32F4xx_HAL_Driver/Src/stm32f4xx_hal_tim.o
                0x08003e0e                HAL_TIM_IC_MspInit
 .text.HAL_TIM_IRQHandler
                0x08003e22      0x1e0 ./Drivers/STM32F4xx_HAL_Driver/Src/stm32f4xx_hal_tim.o
                0x08003e22                HAL_TIM_IRQHandler
 .text.HAL_TIM_IC_ConfigChannel
                0x08004002      0x138 ./Drivers/STM32F4xx_HAL_Driver/Src/stm32f4xx_hal_tim.o
                0x08004002                HAL_TIM_IC_ConfigChannel
 .text.HAL_TIM_ConfigClockSource
                0x0800413a      0x18e ./Drivers/STM32F4xx_HAL_Driver/Src/stm32f4xx_hal_tim.o
                0x0800413a                HAL_TIM_ConfigClockSource
 .text.HAL_TIM_PeriodElapsedCallback
                0x080042c8       0x14 ./Drivers/STM32F4xx_HAL_Driver/Src/stm32f4xx_hal_tim.o
                0x080042c8                HAL_TIM_PeriodElapsedCallback
 .text.HAL_TIM_OC_DelayElapsedCallback
                0x080042dc       0x14 ./Drivers/STM32F4xx_HAL_Driver/Src/stm32f4xx_hal_tim.o
                0x080042dc                HAL_TIM_OC_DelayElapsedCallback
 .text.HAL_TIM_IC_CaptureCallback
                0x080042f0       0x14 ./Drivers/STM32F4xx_HAL_Driver/Src/stm32f4xx_hal_tim.o
                0x080042f0                HAL_TIM_IC_CaptureCallback
 .text.HAL_TIM_PWM_PulseFinishedCallback
                0x08004304       0x14 ./Drivers/STM32F4xx_HAL_Driver/Src/stm32f4xx_hal_tim.o
                0x08004304                HAL_TIM_PWM_PulseFinishedCallback
 .text.HAL_TIM_TriggerCallback
                0x08004318       0x14 ./Drivers/STM32F4xx_HAL_Driver/Src/stm32f4xx_hal_tim.o
                0x08004318                HAL_TIM_TriggerCallback
 .text.TIM_Base_SetConfig
                0x0800432c      0x14c ./Drivers/STM32F4xx_HAL_Driver/Src/stm32f4xx_hal_tim.o
                0x0800432c                TIM_Base_SetConfig
 .text.TIM_TI1_SetConfig
                0x08004478       0xe8 ./Drivers/STM32F4xx_HAL_Driver/Src/stm32f4xx_hal_tim.o
                0x08004478                TIM_TI1_SetConfig
 .text.TIM_TI1_ConfigInputStage
                0x08004560       0x5e ./Drivers/STM32F4xx_HAL_Driver/Src/stm32f4xx_hal_tim.o
 .text.TIM_TI2_SetConfig
                0x080045be       0x7a ./Drivers/STM32F4xx_HAL_Driver/Src/stm32f4xx_hal_tim.o
 .text.TIM_TI2_ConfigInputStage
                0x08004638       0x60 ./Drivers/STM32F4xx_HAL_Driver/Src/stm32f4xx_hal_tim.o
 .text.TIM_TI3_SetConfig
                0x08004698       0x78 ./Drivers/STM32F4xx_HAL_Driver/Src/stm32f4xx_hal_tim.o
 .text.TIM_TI4_SetConfig
                0x08004710       0x7a ./Drivers/STM32F4xx_HAL_Driver/Src/stm32f4xx_hal_tim.o
 .text.TIM_ITRx_SetConfig
                0x0800478a       0x36 ./Drivers/STM32F4xx_HAL_Driver/Src/stm32f4xx_hal_tim.o
 .text.TIM_ETR_SetConfig
                0x080047c0       0x40 ./Drivers/STM32F4xx_HAL_Driver/Src/stm32f4xx_hal_tim.o
                0x080047c0                TIM_ETR_SetConfig
 .text.HAL_TIMEx_MasterConfigSynchronization
                0x08004800       0xf8 ./Drivers/STM32F4xx_HAL_Driver/Src/stm32f4xx_hal_tim_ex.o
                0x08004800                HAL_TIMEx_MasterConfigSynchronization
 .text.HAL_TIMEx_CommutCallback
                0x080048f8       0x14 ./Drivers/STM32F4xx_HAL_Driver/Src/stm32f4xx_hal_tim_ex.o
                0x080048f8                HAL_TIMEx_CommutCallback
 .text.HAL_TIMEx_BreakCallback
                0x0800490c       0x14 ./Drivers/STM32F4xx_HAL_Driver/Src/stm32f4xx_hal_tim_ex.o
                0x0800490c                HAL_TIMEx_BreakCallback
 .text.HAL_UART_Init
                0x08004920       0xa0 ./Drivers/STM32F4xx_HAL_Driver/Src/stm32f4xx_hal_uart.o
                0x08004920                HAL_UART_Init
 .text.UART_SetConfig
                0x080049c0      0x4e8 ./Drivers/STM32F4xx_HAL_Driver/Src/stm32f4xx_hal_uart.o
 .text.SDIO_Init
                0x08004ea8       0x56 ./Drivers/STM32F4xx_HAL_Driver/Src/stm32f4xx_ll_sdmmc.o
                0x08004ea8                SDIO_Init
 .text.SDIO_ReadFIFO
                0x08004efe       0x1a ./Drivers/STM32F4xx_HAL_Driver/Src/stm32f4xx_ll_sdmmc.o
                0x08004efe                SDIO_ReadFIFO
 .text.SDIO_PowerState_ON
                0x08004f18       0x1c ./Drivers/STM32F4xx_HAL_Driver/Src/stm32f4xx_ll_sdmmc.o
                0x08004f18                SDIO_PowerState_ON
 .text.SDIO_GetPowerState
                0x08004f34       0x1c ./Drivers/STM32F4xx_HAL_Driver/Src/stm32f4xx_ll_sdmmc.o
                0x08004f34                SDIO_GetPowerState
 .text.SDIO_SendCommand
                0x08004f50       0x54 ./Drivers/STM32F4xx_HAL_Driver/Src/stm32f4xx_ll_sdmmc.o
                0x08004f50                SDIO_SendCommand
 .text.SDIO_GetCommandResponse
                0x08004fa4       0x1a ./Drivers/STM32F4xx_HAL_Driver/Src/stm32f4xx_ll_sdmmc.o
                0x08004fa4                SDIO_GetCommandResponse
 .text.SDIO_GetResponse
                0x08004fbe       0x26 ./Drivers/STM32F4xx_HAL_Driver/Src/stm32f4xx_ll_sdmmc.o
                0x08004fbe                SDIO_GetResponse
 .text.SDIO_ConfigData
                0x08004fe4       0x58 ./Drivers/STM32F4xx_HAL_Driver/Src/stm32f4xx_ll_sdmmc.o
                0x08004fe4                SDIO_ConfigData
 .text.SDMMC_CmdBlockLength
                0x0800503c       0x44 ./Drivers/STM32F4xx_HAL_Driver/Src/stm32f4xx_ll_sdmmc.o
                0x0800503c                SDMMC_CmdBlockLength
 .text.SDMMC_CmdReadSingleBlock
                0x08005080       0x44 ./Drivers/STM32F4xx_HAL_Driver/Src/stm32f4xx_ll_sdmmc.o
                0x08005080                SDMMC_CmdReadSingleBlock
 .text.SDMMC_CmdReadMultiBlock
                0x080050c4       0x44 ./Drivers/STM32F4xx_HAL_Driver/Src/stm32f4xx_ll_sdmmc.o
                0x080050c4                SDMMC_CmdReadMultiBlock
 .text.SDMMC_CmdWriteSingleBlock
                0x08005108       0x44 ./Drivers/STM32F4xx_HAL_Driver/Src/stm32f4xx_ll_sdmmc.o
                0x08005108                SDMMC_CmdWriteSingleBlock
 .text.SDMMC_CmdWriteMultiBlock
                0x0800514c       0x44 ./Drivers/STM32F4xx_HAL_Driver/Src/stm32f4xx_ll_sdmmc.o
                0x0800514c                SDMMC_CmdWriteMultiBlock
 .text.SDMMC_CmdStopTransfer
                0x08005190       0x44 ./Drivers/STM32F4xx_HAL_Driver/Src/stm32f4xx_ll_sdmmc.o
                0x08005190                SDMMC_CmdStopTransfer
 .text.SDMMC_CmdSelDesel
                0x080051d4       0x46 ./Drivers/STM32F4xx_HAL_Driver/Src/stm32f4xx_ll_sdmmc.o
                0x080051d4                SDMMC_CmdSelDesel
 .text.SDMMC_CmdGoIdleState
                0x0800521a       0x3c ./Drivers/STM32F4xx_HAL_Driver/Src/stm32f4xx_ll_sdmmc.o
                0x0800521a                SDMMC_CmdGoIdleState
 .text.SDMMC_CmdOperCond
                0x08005256       0x3e ./Drivers/STM32F4xx_HAL_Driver/Src/stm32f4xx_ll_sdmmc.o
                0x08005256                SDMMC_CmdOperCond
 .text.SDMMC_CmdAppCommand
                0x08005294       0x44 ./Drivers/STM32F4xx_HAL_Driver/Src/stm32f4xx_ll_sdmmc.o
                0x08005294                SDMMC_CmdAppCommand
 .text.SDMMC_CmdAppOperCommand
                0x080052d8       0x46 ./Drivers/STM32F4xx_HAL_Driver/Src/stm32f4xx_ll_sdmmc.o
                0x080052d8                SDMMC_CmdAppOperCommand
 .text.SDMMC_CmdBusWidth
                0x0800531e       0x44 ./Drivers/STM32F4xx_HAL_Driver/Src/stm32f4xx_ll_sdmmc.o
                0x0800531e                SDMMC_CmdBusWidth
 .text.SDMMC_CmdSendSCR
                0x08005362       0x42 ./Drivers/STM32F4xx_HAL_Driver/Src/stm32f4xx_ll_sdmmc.o
                0x08005362                SDMMC_CmdSendSCR
 .text.SDMMC_CmdSendCID
                0x080053a4       0x3c ./Drivers/STM32F4xx_HAL_Driver/Src/stm32f4xx_ll_sdmmc.o
                0x080053a4                SDMMC_CmdSendCID
 .text.SDMMC_CmdSendCSD
                0x080053e0       0x3e ./Drivers/STM32F4xx_HAL_Driver/Src/stm32f4xx_ll_sdmmc.o
                0x080053e0                SDMMC_CmdSendCSD
 .text.SDMMC_CmdSetRelAdd
                0x0800541e       0x42 ./Drivers/STM32F4xx_HAL_Driver/Src/stm32f4xx_ll_sdmmc.o
                0x0800541e                SDMMC_CmdSetRelAdd
 .text.SDMMC_CmdSendStatus
                0x08005460       0x44 ./Drivers/STM32F4xx_HAL_Driver/Src/stm32f4xx_ll_sdmmc.o
                0x08005460                SDMMC_CmdSendStatus
 .text.SDMMC_GetCmdResp1
                0x080054a4      0x1dc ./Drivers/STM32F4xx_HAL_Driver/Src/stm32f4xx_ll_sdmmc.o
                0x080054a4                SDMMC_GetCmdResp1
 .text.SDMMC_GetCmdResp2
                0x08005680       0x90 ./Drivers/STM32F4xx_HAL_Driver/Src/stm32f4xx_ll_sdmmc.o
                0x08005680                SDMMC_GetCmdResp2
 .text.SDMMC_GetCmdResp3
                0x08005710       0x7c ./Drivers/STM32F4xx_HAL_Driver/Src/stm32f4xx_ll_sdmmc.o
                0x08005710                SDMMC_GetCmdResp3
 .text.SDMMC_GetCmdResp6
                0x0800578c       0xec ./Drivers/STM32F4xx_HAL_Driver/Src/stm32f4xx_ll_sdmmc.o
                0x0800578c                SDMMC_GetCmdResp6
 .text.SDMMC_GetCmdResp7
                0x08005878       0x9c ./Drivers/STM32F4xx_HAL_Driver/Src/stm32f4xx_ll_sdmmc.o
                0x08005878                SDMMC_GetCmdResp7
 .text.SDMMC_GetCmdError
                0x08005914       0x58 ./Drivers/STM32F4xx_HAL_Driver/Src/stm32f4xx_ll_sdmmc.o
 .text.MX_FATFS_Init
                0x0800596c       0x24 ./FATFS/App/fatfs.o
                0x0800596c                MX_FATFS_Init
 .text.get_fattime
                0x08005990       0x10 ./FATFS/App/fatfs.o
                0x08005990                get_fattime
 .text.BSP_SD_Init
                0x080059a0       0x4c ./FATFS/Target/bsp_driver_sd.o
                0x080059a0                BSP_SD_Init
 .text.BSP_SD_ReadBlocks_DMA
                0x080059ec       0x34 ./FATFS/Target/bsp_driver_sd.o
                0x080059ec                BSP_SD_ReadBlocks_DMA
 .text.BSP_SD_WriteBlocks_DMA
                0x08005a20       0x34 ./FATFS/Target/bsp_driver_sd.o
                0x08005a20                BSP_SD_WriteBlocks_DMA
 .text.BSP_SD_GetCardState
                0x08005a54       0x20 ./FATFS/Target/bsp_driver_sd.o
                0x08005a54                BSP_SD_GetCardState
 .text.BSP_SD_GetCardInfo
                0x08005a74       0x1c ./FATFS/Target/bsp_driver_sd.o
                0x08005a74                BSP_SD_GetCardInfo
 .text.HAL_SD_RxCpltCallback
                0x08005a90       0x14 ./FATFS/Target/bsp_driver_sd.o
                0x08005a90                HAL_SD_RxCpltCallback
 .text.BSP_SD_IsDetected
                0x08005aa4       0x1a ./FATFS/Target/bsp_driver_sd.o
                0x08005aa4                BSP_SD_IsDetected
 .text.SD_CheckStatusWithTimeout
                0x08005abe       0x3a ./FATFS/Target/sd_diskio.o
 .text.SD_CheckStatus
                0x08005af8       0x3c ./FATFS/Target/sd_diskio.o
 .text.SD_initialize
                0x08005b34       0x98 ./FATFS/Target/sd_diskio.o
                0x08005b34                SD_initialize
 .text.SD_status
                0x08005bcc       0x1c ./FATFS/Target/sd_diskio.o
                0x08005bcc                SD_status
 .text.SD_read  0x08005be8       0x9c ./FATFS/Target/sd_diskio.o
                0x08005be8                SD_read
 .text.SD_write
                0x08005c84       0x94 ./FATFS/Target/sd_diskio.o
                0x08005c84                SD_write
 .text.SD_ioctl
                0x08005d18       0xb0 ./FATFS/Target/sd_diskio.o
                0x08005d18                SD_ioctl
 .text.BSP_SD_ReadCpltCallback
                0x08005dc8       0x1c ./FATFS/Target/sd_diskio.o
                0x08005dc8                BSP_SD_ReadCpltCallback
 .text.disk_status
                0x08005de4       0x34 ./Middlewares/Third_Party/FatFs/src/diskio.o
                0x08005de4                disk_status
 .text.disk_initialize
                0x08005e18       0x50 ./Middlewares/Third_Party/FatFs/src/diskio.o
                0x08005e18                disk_initialize
 .text.disk_read
                0x08005e68       0x40 ./Middlewares/Third_Party/FatFs/src/diskio.o
                0x08005e68                disk_read
 .text.disk_write
                0x08005ea8       0x40 ./Middlewares/Third_Party/FatFs/src/diskio.o
                0x08005ea8                disk_write
 .text.disk_ioctl
                0x08005ee8       0x3c ./Middlewares/Third_Party/FatFs/src/diskio.o
                0x08005ee8                disk_ioctl
 .text.ld_word  0x08005f24       0x32 ./Middlewares/Third_Party/FatFs/src/ff.o
 .text.ld_dword
                0x08005f56       0x46 ./Middlewares/Third_Party/FatFs/src/ff.o
 .text.st_word  0x08005f9c       0x36 ./Middlewares/Third_Party/FatFs/src/ff.o
 .text.st_dword
                0x08005fd2       0x58 ./Middlewares/Third_Party/FatFs/src/ff.o
 .text.mem_cpy  0x0800602a       0x42 ./Middlewares/Third_Party/FatFs/src/ff.o
 .text.mem_set  0x0800606c       0x36 ./Middlewares/Third_Party/FatFs/src/ff.o
 .text.mem_cmp  0x080060a2       0x4e ./Middlewares/Third_Party/FatFs/src/ff.o
 .text.chk_chr  0x080060f0       0x36 ./Middlewares/Third_Party/FatFs/src/ff.o
 .text.lock_fs  0x08006126       0x2c ./Middlewares/Third_Party/FatFs/src/ff.o
 .text.unlock_fs
                0x08006152       0x36 ./Middlewares/Third_Party/FatFs/src/ff.o
 .text.chk_lock
                0x08006188       0xb8 ./Middlewares/Third_Party/FatFs/src/ff.o
 .text.enq_lock
                0x08006240       0x44 ./Middlewares/Third_Party/FatFs/src/ff.o
 .text.inc_lock
                0x08006284      0x11c ./Middlewares/Third_Party/FatFs/src/ff.o
 .text.dec_lock
                0x080063a0       0x78 ./Middlewares/Third_Party/FatFs/src/ff.o
 .text.clear_lock
                0x08006418       0x48 ./Middlewares/Third_Party/FatFs/src/ff.o
 .text.sync_window
                0x08006460       0x88 ./Middlewares/Third_Party/FatFs/src/ff.o
 .text.move_window
                0x080064e8       0x5a ./Middlewares/Third_Party/FatFs/src/ff.o
 *fill*         0x08006542        0x2 
 .text.sync_fs  0x08006544       0xdc ./Middlewares/Third_Party/FatFs/src/ff.o
 .text.clust2sect
                0x08006620       0x3e ./Middlewares/Third_Party/FatFs/src/ff.o
 .text.get_fat  0x0800665e      0x14e ./Middlewares/Third_Party/FatFs/src/ff.o
 .text.put_fat  0x080067ac      0x1d4 ./Middlewares/Third_Party/FatFs/src/ff.o
 .text.remove_chain
                0x08006980       0xca ./Middlewares/Third_Party/FatFs/src/ff.o
 .text.create_chain
                0x08006a4a      0x130 ./Middlewares/Third_Party/FatFs/src/ff.o
 .text.clmt_clust
                0x08006b7a       0x68 ./Middlewares/Third_Party/FatFs/src/ff.o
 .text.dir_sdi  0x08006be2       0xf6 ./Middlewares/Third_Party/FatFs/src/ff.o
 .text.dir_next
                0x08006cd8      0x18a ./Middlewares/Third_Party/FatFs/src/ff.o
 .text.dir_alloc
                0x08006e62       0x8e ./Middlewares/Third_Party/FatFs/src/ff.o
 .text.ld_clust
                0x08006ef0       0x3e ./Middlewares/Third_Party/FatFs/src/ff.o
 .text.st_clust
                0x08006f2e       0x40 ./Middlewares/Third_Party/FatFs/src/ff.o
 *fill*         0x08006f6e        0x2 
 .text.cmp_lfn  0x08006f70       0xe0 ./Middlewares/Third_Party/FatFs/src/ff.o
 .text.put_lfn  0x08007050       0xd0 ./Middlewares/Third_Party/FatFs/src/ff.o
 .text.gen_numname
                0x08007120      0x11c ./Middlewares/Third_Party/FatFs/src/ff.o
 .text.sum_sfn  0x0800723c       0x42 ./Middlewares/Third_Party/FatFs/src/ff.o
 .text.dir_find
                0x0800727e      0x180 ./Middlewares/Third_Party/FatFs/src/ff.o
 *fill*         0x080073fe        0x2 
 .text.dir_register
                0x08007400      0x1f0 ./Middlewares/Third_Party/FatFs/src/ff.o
 .text.create_name
                0x080075f0      0x370 ./Middlewares/Third_Party/FatFs/src/ff.o
 .text.follow_path
                0x08007960       0xe2 ./Middlewares/Third_Party/FatFs/src/ff.o
 .text.get_ldnumber
                0x08007a42       0x88 ./Middlewares/Third_Party/FatFs/src/ff.o
 *fill*         0x08007aca        0x2 
 .text.check_fs
                0x08007acc       0xac ./Middlewares/Third_Party/FatFs/src/ff.o
 .text.find_volume
                0x08007b78      0x4a8 ./Middlewares/Third_Party/FatFs/src/ff.o
 .text.validate
                0x08008020       0x8e ./Middlewares/Third_Party/FatFs/src/ff.o
 *fill*         0x080080ae        0x2 
 .text.f_mount  0x080080b0       0xc8 ./Middlewares/Third_Party/FatFs/src/ff.o
                0x080080b0                f_mount
 .text.f_open   0x08008178      0x3ac ./Middlewares/Third_Party/FatFs/src/ff.o
                0x08008178                f_open
 .text.f_write  0x08008524      0x348 ./Middlewares/Third_Party/FatFs/src/ff.o
                0x08008524                f_write
 .text.f_sync   0x0800886c      0x112 ./Middlewares/Third_Party/FatFs/src/ff.o
                0x0800886c                f_sync
 .text.f_close  0x0800897e       0x5e ./Middlewares/Third_Party/FatFs/src/ff.o
                0x0800897e                f_close
 .text.FATFS_LinkDriverEx
                0x080089dc       0x98 ./Middlewares/Third_Party/FatFs/src/ff_gen_drv.o
                0x080089dc                FATFS_LinkDriverEx
 .text.FATFS_LinkDriver
                0x08008a74       0x1e ./Middlewares/Third_Party/FatFs/src/ff_gen_drv.o
                0x08008a74                FATFS_LinkDriver
 *fill*         0x08008a92        0x2 
 .text.ff_convert
                0x08008a94       0x78 ./Middlewares/Third_Party/FatFs/src/option/ccsbcs.o
                0x08008a94                ff_convert
 .text.ff_wtoupper
                0x08008b0c      0x114 ./Middlewares/Third_Party/FatFs/src/option/ccsbcs.o
                0x08008b0c                ff_wtoupper
 .text.ff_cre_syncobj
                0x08008c20       0x40 ./Middlewares/Third_Party/FatFs/src/option/syscall.o
                0x08008c20                ff_cre_syncobj
 .text.ff_del_syncobj
                0x08008c60       0x18 ./Middlewares/Third_Party/FatFs/src/option/syscall.o
                0x08008c60                ff_del_syncobj
 .text.ff_req_grant
                0x08008c78       0x2a ./Middlewares/Third_Party/FatFs/src/option/syscall.o
                0x08008c78                ff_req_grant
 .text.ff_rel_grant
                0x08008ca2       0x16 ./Middlewares/Third_Party/FatFs/src/option/syscall.o
                0x08008ca2                ff_rel_grant
 .text.ff_memalloc
                0x08008cb8       0x18 ./Middlewares/Third_Party/FatFs/src/option/syscall.o
                0x08008cb8                ff_memalloc
 .text.ff_memfree
                0x08008cd0       0x16 ./Middlewares/Third_Party/FatFs/src/option/syscall.o
                0x08008cd0                ff_memfree
 .text.makeFreeRtosPriority
                0x08008ce6       0x30 ./Middlewares/Third_Party/FreeRTOS/Source/CMSIS_RTOS/cmsis_os.o
 .text.inHandlerMode
                0x08008d16       0x24 ./Middlewares/Third_Party/FreeRTOS/Source/CMSIS_RTOS/cmsis_os.o
 .text.osKernelStart
                0x08008d3a        0xe ./Middlewares/Third_Party/FreeRTOS/Source/CMSIS_RTOS/cmsis_os.o
                0x08008d3a                osKernelStart
 .text.osKernelRunning
                0x08008d48       0x18 ./Middlewares/Third_Party/FreeRTOS/Source/CMSIS_RTOS/cmsis_os.o
                0x08008d48                osKernelRunning
 .text.osKernelSysTick
                0x08008d60       0x20 ./Middlewares/Third_Party/FreeRTOS/Source/CMSIS_RTOS/cmsis_os.o
                0x08008d60                osKernelSysTick
 .text.osThreadCreate
                0x08008d80       0x98 ./Middlewares/Third_Party/FreeRTOS/Source/CMSIS_RTOS/cmsis_os.o
                0x08008d80                osThreadCreate
 .text.osDelay  0x08008e18       0x28 ./Middlewares/Third_Party/FreeRTOS/Source/CMSIS_RTOS/cmsis_os.o
                0x08008e18                osDelay
 .text.osSemaphoreCreate
                0x08008e40       0x64 ./Middlewares/Third_Party/FreeRTOS/Source/CMSIS_RTOS/cmsis_os.o
                0x08008e40                osSemaphoreCreate
 .text.osSemaphoreWait
                0x08008ea4       0x9c ./Middlewares/Third_Party/FreeRTOS/Source/CMSIS_RTOS/cmsis_os.o
                0x08008ea4                osSemaphoreWait
 .text.osSemaphoreRelease
                0x08008f40       0x6c ./Middlewares/Third_Party/FreeRTOS/Source/CMSIS_RTOS/cmsis_os.o
                0x08008f40                osSemaphoreRelease
 .text.osSemaphoreDelete
                0x08008fac       0x26 ./Middlewares/Third_Party/FreeRTOS/Source/CMSIS_RTOS/cmsis_os.o
                0x08008fac                osSemaphoreDelete
 .text.osMessageCreate
                0x08008fd2       0x50 ./Middlewares/Third_Party/FreeRTOS/Source/CMSIS_RTOS/cmsis_os.o
                0x08008fd2                osMessageCreate
 *fill*         0x08009022        0x2 
 .text.osMessagePut
                0x08009024       0x80 ./Middlewares/Third_Party/FreeRTOS/Source/CMSIS_RTOS/cmsis_os.o
                0x08009024                osMessagePut
 .text.osMessageGet
                0x080090a4       0xe8 ./Middlewares/Third_Party/FreeRTOS/Source/CMSIS_RTOS/cmsis_os.o
                0x080090a4                osMessageGet
 .text.osThreadSuspend
                0x0800918c       0x18 ./Middlewares/Third_Party/FreeRTOS/Source/CMSIS_RTOS/cmsis_os.o
                0x0800918c                osThreadSuspend
 .text.vListInitialise
                0x080091a4       0x40 ./Middlewares/Third_Party/FreeRTOS/Source/list.o
                0x080091a4                vListInitialise
 .text.vListInitialiseItem
                0x080091e4       0x1a ./Middlewares/Third_Party/FreeRTOS/Source/list.o
                0x080091e4                vListInitialiseItem
 .text.vListInsertEnd
                0x080091fe       0x48 ./Middlewares/Third_Party/FreeRTOS/Source/list.o
                0x080091fe                vListInsertEnd
 .text.vListInsert
                0x08009246       0x72 ./Middlewares/Third_Party/FreeRTOS/Source/list.o
                0x08009246                vListInsert
 .text.uxListRemove
                0x080092b8       0x54 ./Middlewares/Third_Party/FreeRTOS/Source/list.o
                0x080092b8                uxListRemove
 .text.xQueueGenericReset
                0x0800930c       0xd4 ./Middlewares/Third_Party/FreeRTOS/Source/queue.o
                0x0800930c                xQueueGenericReset
 .text.xQueueGenericCreateStatic
                0x080093e0       0xfa ./Middlewares/Third_Party/FreeRTOS/Source/queue.o
                0x080093e0                xQueueGenericCreateStatic
 .text.xQueueGenericCreate
                0x080094da       0x76 ./Middlewares/Third_Party/FreeRTOS/Source/queue.o
                0x080094da                xQueueGenericCreate
 .text.prvInitialiseNewQueue
                0x08009550       0x3e ./Middlewares/Third_Party/FreeRTOS/Source/queue.o
 *fill*         0x0800958e        0x2 
 .text.xQueueGenericSend
                0x08009590      0x204 ./Middlewares/Third_Party/FreeRTOS/Source/queue.o
                0x08009590                xQueueGenericSend
 .text.xQueueGenericSendFromISR
                0x08009794      0x13c ./Middlewares/Third_Party/FreeRTOS/Source/queue.o
                0x08009794                xQueueGenericSendFromISR
 .text.xQueueGiveFromISR
                0x080098d0      0x120 ./Middlewares/Third_Party/FreeRTOS/Source/queue.o
                0x080098d0                xQueueGiveFromISR
 .text.xQueueReceive
                0x080099f0      0x1c4 ./Middlewares/Third_Party/FreeRTOS/Source/queue.o
                0x080099f0                xQueueReceive
 .text.xQueueSemaphoreTake
                0x08009bb4      0x220 ./Middlewares/Third_Party/FreeRTOS/Source/queue.o
                0x08009bb4                xQueueSemaphoreTake
 .text.xQueueReceiveFromISR
                0x08009dd4      0x104 ./Middlewares/Third_Party/FreeRTOS/Source/queue.o
                0x08009dd4                xQueueReceiveFromISR
 .text.vQueueDelete
                0x08009ed8       0x48 ./Middlewares/Third_Party/FreeRTOS/Source/queue.o
                0x08009ed8                vQueueDelete
 .text.prvGetDisinheritPriorityAfterTimeout
                0x08009f20       0x30 ./Middlewares/Third_Party/FreeRTOS/Source/queue.o
 .text.prvCopyDataToQueue
                0x08009f50       0xd4 ./Middlewares/Third_Party/FreeRTOS/Source/queue.o
 .text.prvCopyDataFromQueue
                0x0800a024       0x4c ./Middlewares/Third_Party/FreeRTOS/Source/queue.o
 .text.prvUnlockQueue
                0x0800a070       0xa4 ./Middlewares/Third_Party/FreeRTOS/Source/queue.o
 .text.prvIsQueueEmpty
                0x0800a114       0x2c ./Middlewares/Third_Party/FreeRTOS/Source/queue.o
 .text.prvIsQueueFull
                0x0800a140       0x30 ./Middlewares/Third_Party/FreeRTOS/Source/queue.o
 .text.vQueueUnregisterQueue
                0x0800a170       0x54 ./Middlewares/Third_Party/FreeRTOS/Source/queue.o
                0x0800a170                vQueueUnregisterQueue
 .text.xTaskCreateStatic
                0x0800a1c4       0xc0 ./Middlewares/Third_Party/FreeRTOS/Source/tasks.o
                0x0800a1c4                xTaskCreateStatic
 .text.xTaskCreate
                0x0800a284       0x8a ./Middlewares/Third_Party/FreeRTOS/Source/tasks.o
                0x0800a284                xTaskCreate
 .text.prvInitialiseNewTask
                0x0800a30e      0x110 ./Middlewares/Third_Party/FreeRTOS/Source/tasks.o
 *fill*         0x0800a41e        0x2 
 .text.prvAddNewTaskToReadyList
                0x0800a420       0xd4 ./Middlewares/Third_Party/FreeRTOS/Source/tasks.o
 .text.vTaskDelay
                0x0800a4f4       0x6c ./Middlewares/Third_Party/FreeRTOS/Source/tasks.o
                0x0800a4f4                vTaskDelay
 .text.vTaskSuspend
                0x0800a560      0x128 ./Middlewares/Third_Party/FreeRTOS/Source/tasks.o
                0x0800a560                vTaskSuspend
 .text.vTaskStartScheduler
                0x0800a688       0xc4 ./Middlewares/Third_Party/FreeRTOS/Source/tasks.o
                0x0800a688                vTaskStartScheduler
 .text.vTaskSuspendAll
                0x0800a74c       0x1c ./Middlewares/Third_Party/FreeRTOS/Source/tasks.o
                0x0800a74c                vTaskSuspendAll
 .text.xTaskResumeAll
                0x0800a768      0x13c ./Middlewares/Third_Party/FreeRTOS/Source/tasks.o
                0x0800a768                xTaskResumeAll
 .text.xTaskGetTickCount
                0x0800a8a4       0x20 ./Middlewares/Third_Party/FreeRTOS/Source/tasks.o
                0x0800a8a4                xTaskGetTickCount
 .text.xTaskGetTickCountFromISR
                0x0800a8c4       0x24 ./Middlewares/Third_Party/FreeRTOS/Source/tasks.o
                0x0800a8c4                xTaskGetTickCountFromISR
 .text.xTaskIncrementTick
                0x0800a8e8      0x174 ./Middlewares/Third_Party/FreeRTOS/Source/tasks.o
                0x0800a8e8                xTaskIncrementTick
 .text.vTaskSwitchContext
                0x0800aa5c       0xb8 ./Middlewares/Third_Party/FreeRTOS/Source/tasks.o
                0x0800aa5c                vTaskSwitchContext
 .text.vTaskPlaceOnEventList
                0x0800ab14       0x4c ./Middlewares/Third_Party/FreeRTOS/Source/tasks.o
                0x0800ab14                vTaskPlaceOnEventList
 .text.xTaskRemoveFromEventList
                0x0800ab60       0xc8 ./Middlewares/Third_Party/FreeRTOS/Source/tasks.o
                0x0800ab60                xTaskRemoveFromEventList
 .text.vTaskInternalSetTimeOutState
                0x0800ac28       0x2c ./Middlewares/Third_Party/FreeRTOS/Source/tasks.o
                0x0800ac28                vTaskInternalSetTimeOutState
 .text.xTaskCheckForTimeOut
                0x0800ac54       0xc8 ./Middlewares/Third_Party/FreeRTOS/Source/tasks.o
                0x0800ac54                xTaskCheckForTimeOut
 .text.vTaskMissedYield
                0x0800ad1c       0x18 ./Middlewares/Third_Party/FreeRTOS/Source/tasks.o
                0x0800ad1c                vTaskMissedYield
 .text.prvIdleTask
                0x0800ad34       0x30 ./Middlewares/Third_Party/FreeRTOS/Source/tasks.o
 .text.prvInitialiseTaskLists
                0x0800ad64       0x80 ./Middlewares/Third_Party/FreeRTOS/Source/tasks.o
 .text.prvCheckTasksWaitingTermination
                0x0800ade4       0x5c ./Middlewares/Third_Party/FreeRTOS/Source/tasks.o
 .text.prvDeleteTCB
                0x0800ae40       0x60 ./Middlewares/Third_Party/FreeRTOS/Source/tasks.o
 .text.prvResetNextTaskUnblockTime
                0x0800aea0       0x40 ./Middlewares/Third_Party/FreeRTOS/Source/tasks.o
 .text.xTaskGetSchedulerState
                0x0800aee0       0x3c ./Middlewares/Third_Party/FreeRTOS/Source/tasks.o
                0x0800aee0                xTaskGetSchedulerState
 .text.xTaskPriorityInherit
                0x0800af1c       0xec ./Middlewares/Third_Party/FreeRTOS/Source/tasks.o
                0x0800af1c                xTaskPriorityInherit
 .text.xTaskPriorityDisinherit
                0x0800b008      0x110 ./Middlewares/Third_Party/FreeRTOS/Source/tasks.o
                0x0800b008                xTaskPriorityDisinherit
 .text.vTaskPriorityDisinheritAfterTimeout
                0x0800b118      0x120 ./Middlewares/Third_Party/FreeRTOS/Source/tasks.o
                0x0800b118                vTaskPriorityDisinheritAfterTimeout
 .text.pvTaskIncrementMutexHeldCount
                0x0800b238       0x28 ./Middlewares/Third_Party/FreeRTOS/Source/tasks.o
                0x0800b238                pvTaskIncrementMutexHeldCount
 .text.prvAddCurrentTaskToDelayedList
                0x0800b260       0xcc ./Middlewares/Third_Party/FreeRTOS/Source/tasks.o
 .text.pxPortInitialiseStack
                0x0800b32c       0x68 ./Middlewares/Third_Party/FreeRTOS/Source/portable/GCC/ARM_CM4F/port.o
                0x0800b32c                pxPortInitialiseStack
 .text.prvTaskExitError
                0x0800b394       0x5c ./Middlewares/Third_Party/FreeRTOS/Source/portable/GCC/ARM_CM4F/port.o
 .text.SVC_Handler
                0x0800b3f0       0x28 ./Middlewares/Third_Party/FreeRTOS/Source/portable/GCC/ARM_CM4F/port.o
                0x0800b3f0                SVC_Handler
 .text.prvPortStartFirstTask
                0x0800b418       0x28 ./Middlewares/Third_Party/FreeRTOS/Source/portable/GCC/ARM_CM4F/port.o
 .text.xPortStartScheduler
                0x0800b440      0x148 ./Middlewares/Third_Party/FreeRTOS/Source/portable/GCC/ARM_CM4F/port.o
                0x0800b440                xPortStartScheduler
 .text.vPortEnterCritical
                0x0800b588       0x64 ./Middlewares/Third_Party/FreeRTOS/Source/portable/GCC/ARM_CM4F/port.o
                0x0800b588                vPortEnterCritical
 .text.vPortExitCritical
                0x0800b5ec       0x54 ./Middlewares/Third_Party/FreeRTOS/Source/portable/GCC/ARM_CM4F/port.o
                0x0800b5ec                vPortExitCritical
 .text.PendSV_Handler
                0x0800b640       0x68 ./Middlewares/Third_Party/FreeRTOS/Source/portable/GCC/ARM_CM4F/port.o
                0x0800b640                PendSV_Handler
 .text.xPortSysTickHandler
                0x0800b6a8       0x44 ./Middlewares/Third_Party/FreeRTOS/Source/portable/GCC/ARM_CM4F/port.o
                0x0800b6a8                xPortSysTickHandler
 .text.vPortSetupTimerInterrupt
                0x0800b6ec       0x48 ./Middlewares/Third_Party/FreeRTOS/Source/portable/GCC/ARM_CM4F/port.o
                0x0800b6ec                vPortSetupTimerInterrupt
 .text.vPortEnableVFP
                0x0800b734       0x14 ./Middlewares/Third_Party/FreeRTOS/Source/portable/GCC/ARM_CM4F/port.o
 .text.vPortValidateInterruptPriority
                0x0800b748       0x84 ./Middlewares/Third_Party/FreeRTOS/Source/portable/GCC/ARM_CM4F/port.o
                0x0800b748                vPortValidateInterruptPriority
 .text.pvPortMalloc
                0x0800b7cc      0x19c ./Middlewares/Third_Party/FreeRTOS/Source/portable/MemMang/heap_4.o
                0x0800b7cc                pvPortMalloc
 .text.vPortFree
                0x0800b968       0xc8 ./Middlewares/Third_Party/FreeRTOS/Source/portable/MemMang/heap_4.o
                0x0800b968                vPortFree
 .text.prvHeapInit
                0x0800ba30       0xc4 ./Middlewares/Third_Party/FreeRTOS/Source/portable/MemMang/heap_4.o
 .text.prvInsertBlockIntoFreeList
                0x0800baf4       0xb4 ./Middlewares/Third_Party/FreeRTOS/Source/portable/MemMang/heap_4.o
 .text.memset   0x0800bba8       0x10 C:/ST/STM32CubeIDE_1.14.1/STM32CubeIDE/plugins/com.st.stm32cube.ide.mcu.externaltools.gnu-tools-for-stm32.13.3.rel1.win32_1.0.0.202411081344/tools/bin/../lib/gcc/arm-none-eabi/13.3.1/../../../../arm-none-eabi/lib/thumb/v7e-m+fp/hard\libc_nano.a(libc_a-memset.o)
                0x0800bba8                memset
 .text.__libc_init_array
                0x0800bbb8       0x48 C:/ST/STM32CubeIDE_1.14.1/STM32CubeIDE/plugins/com.st.stm32cube.ide.mcu.externaltools.gnu-tools-for-stm32.13.3.rel1.win32_1.0.0.202411081344/tools/bin/../lib/gcc/arm-none-eabi/13.3.1/../../../../arm-none-eabi/lib/thumb/v7e-m+fp/hard\libc_nano.a(libc_a-init.o)
                0x0800bbb8                __libc_init_array
 .text.memcpy   0x0800bc00       0x1c C:/ST/STM32CubeIDE_1.14.1/STM32CubeIDE/plugins/com.st.stm32cube.ide.mcu.externaltools.gnu-tools-for-stm32.13.3.rel1.win32_1.0.0.202411081344/tools/bin/../lib/gcc/arm-none-eabi/13.3.1/../../../../arm-none-eabi/lib/thumb/v7e-m+fp/hard\libc_nano.a(libc_a-memcpy-stub.o)
                0x0800bc00                memcpy
 *(.glue_7)
 .glue_7        0x0800bc1c        0x0 linker stubs
 *(.glue_7t)
 .glue_7t       0x0800bc1c        0x0 linker stubs
 *(.eh_frame)
 .eh_frame      0x0800bc1c        0x0 C:/ST/STM32CubeIDE_1.14.1/STM32CubeIDE/plugins/com.st.stm32cube.ide.mcu.externaltools.gnu-tools-for-stm32.13.3.rel1.win32_1.0.0.202411081344/tools/bin/../lib/gcc/arm-none-eabi/13.3.1/thumb/v7e-m+fp/hard/crtbegin.o
 *(.init)
 .init          0x0800bc1c        0x4 C:/ST/STM32CubeIDE_1.14.1/STM32CubeIDE/plugins/com.st.stm32cube.ide.mcu.externaltools.gnu-tools-for-stm32.13.3.rel1.win32_1.0.0.202411081344/tools/bin/../lib/gcc/arm-none-eabi/13.3.1/thumb/v7e-m+fp/hard/crti.o
                0x0800bc1c                _init
 .init          0x0800bc20        0x8 C:/ST/STM32CubeIDE_1.14.1/STM32CubeIDE/plugins/com.st.stm32cube.ide.mcu.externaltools.gnu-tools-for-stm32.13.3.rel1.win32_1.0.0.202411081344/tools/bin/../lib/gcc/arm-none-eabi/13.3.1/thumb/v7e-m+fp/hard/crtn.o
 *(.fini)
 .fini          0x0800bc28        0x4 C:/ST/STM32CubeIDE_1.14.1/STM32CubeIDE/plugins/com.st.stm32cube.ide.mcu.externaltools.gnu-tools-for-stm32.13.3.rel1.win32_1.0.0.202411081344/tools/bin/../lib/gcc/arm-none-eabi/13.3.1/thumb/v7e-m+fp/hard/crti.o
                0x0800bc28                _fini
 .fini          0x0800bc2c        0x8 C:/ST/STM32CubeIDE_1.14.1/STM32CubeIDE/plugins/com.st.stm32cube.ide.mcu.externaltools.gnu-tools-for-stm32.13.3.rel1.win32_1.0.0.202411081344/tools/bin/../lib/gcc/arm-none-eabi/13.3.1/thumb/v7e-m+fp/hard/crtn.o
                0x0800bc34                        . = ALIGN (0x4)
                0x0800bc34                        _etext = .

.vfp11_veneer   0x0800bc34        0x0
 .vfp11_veneer  0x0800bc34        0x0 linker stubs

.v4_bx          0x0800bc34        0x0
 .v4_bx         0x0800bc34        0x0 linker stubs

.iplt           0x0800bc34        0x0
 .iplt          0x0800bc34        0x0 C:/ST/STM32CubeIDE_1.14.1/STM32CubeIDE/plugins/com.st.stm32cube.ide.mcu.externaltools.gnu-tools-for-stm32.13.3.rel1.win32_1.0.0.202411081344/tools/bin/../lib/gcc/arm-none-eabi/13.3.1/thumb/v7e-m+fp/hard/crtbegin.o

.rodata         0x0800bc34      0x538
                0x0800bc34                        . = ALIGN (0x4)
 *(.rodata)
 .rodata        0x0800bc34       0x61 ./Core/Src/main.o
 *fill*         0x0800bc95        0x3 
 .rodata        0x0800bc98       0x10 ./FATFS/Target/sd_diskio.o
 .rodata        0x0800bca8       0x48 ./Middlewares/Third_Party/FatFs/src/ff.o
 .rodata        0x0800bcf0        0x5 ./Middlewares/Third_Party/FreeRTOS/Source/tasks.o
 *(.rodata*)
 *fill*         0x0800bcf5        0x3 
 .rodata.AHBPrescTable
                0x0800bcf8       0x10 ./Core/Src/system_stm32f4xx.o
                0x0800bcf8                AHBPrescTable
 .rodata.APBPrescTable
                0x0800bd08        0x8 ./Core/Src/system_stm32f4xx.o
                0x0800bd08                APBPrescTable
 .rodata.flagBitshiftOffset.0
                0x0800bd10        0x8 ./Drivers/STM32F4xx_HAL_Driver/Src/stm32f4xx_hal_dma.o
 .rodata.SD_Driver
                0x0800bd18       0x14 ./FATFS/Target/sd_diskio.o
                0x0800bd18                SD_Driver
 .rodata.ExCvt  0x0800bd2c       0x80 ./Middlewares/Third_Party/FatFs/src/ff.o
 .rodata.LfnOfs
                0x0800bdac        0xd ./Middlewares/Third_Party/FatFs/src/ff.o
 *fill*         0x0800bdb9        0x3 
 .rodata.Tbl    0x0800bdbc      0x100 ./Middlewares/Third_Party/FatFs/src/option/ccsbcs.o
 .rodata.cvt1.1
                0x0800bebc      0x1f2 ./Middlewares/Third_Party/FatFs/src/option/ccsbcs.o
 *fill*         0x0800c0ae        0x2 
 .rodata.cvt2.0
                0x0800c0b0       0xbc ./Middlewares/Third_Party/FatFs/src/option/ccsbcs.o
                0x0800c16c                        . = ALIGN (0x4)

.ARM.extab      0x0800c16c        0x0
                0x0800c16c                        . = ALIGN (0x4)
 *(.ARM.extab* .gnu.linkonce.armextab.*)
                0x0800c16c                        . = ALIGN (0x4)

.ARM            0x0800c16c        0x8
                0x0800c16c                        . = ALIGN (0x4)
                0x0800c16c                        __exidx_start = .
 *(.ARM.exidx*)
 .ARM.exidx     0x0800c16c        0x8 C:/ST/STM32CubeIDE_1.14.1/STM32CubeIDE/plugins/com.st.stm32cube.ide.mcu.externaltools.gnu-tools-for-stm32.13.3.rel1.win32_1.0.0.202411081344/tools/bin/../lib/gcc/arm-none-eabi/13.3.1/../../../../arm-none-eabi/lib/thumb/v7e-m+fp/hard\libc_nano.a(libc_a-strlen.o)
 .ARM.exidx     0x0800c174        0x0 C:/ST/STM32CubeIDE_1.14.1/STM32CubeIDE/plugins/com.st.stm32cube.ide.mcu.externaltools.gnu-tools-for-stm32.13.3.rel1.win32_1.0.0.202411081344/tools/bin/../lib/gcc/arm-none-eabi/13.3.1/thumb/v7e-m+fp/hard\libgcc.a(_udivmoddi4.o)
                                  0x8 (size before relaxing)
                0x0800c174                        __exidx_end = .
                0x0800c174                        . = ALIGN (0x4)

.preinit_array  0x0800c174        0x0
                0x0800c174                        . = ALIGN (0x4)
                0x0800c174                        PROVIDE (__preinit_array_start = .)
 *(.preinit_array*)
                0x0800c174                        PROVIDE (__preinit_array_end = .)
                0x0800c174                        . = ALIGN (0x4)

.init_array     0x0800c174        0x4
                0x0800c174                        . = ALIGN (0x4)
                0x0800c174                        PROVIDE (__init_array_start = .)
 *(SORT_BY_NAME(.init_array.*))
 *(.init_array*)
 .init_array    0x0800c174        0x4 C:/ST/STM32CubeIDE_1.14.1/STM32CubeIDE/plugins/com.st.stm32cube.ide.mcu.externaltools.gnu-tools-for-stm32.13.3.rel1.win32_1.0.0.202411081344/tools/bin/../lib/gcc/arm-none-eabi/13.3.1/thumb/v7e-m+fp/hard/crtbegin.o
                0x0800c178                        PROVIDE (__init_array_end = .)
                0x0800c178                        . = ALIGN (0x4)

.fini_array     0x0800c178        0x4
                0x0800c178                        . = ALIGN (0x4)
                [!provide]                        PROVIDE (__fini_array_start = .)
 *(SORT_BY_NAME(.fini_array.*))
 *(.fini_array*)
 .fini_array    0x0800c178        0x4 C:/ST/STM32CubeIDE_1.14.1/STM32CubeIDE/plugins/com.st.stm32cube.ide.mcu.externaltools.gnu-tools-for-stm32.13.3.rel1.win32_1.0.0.202411081344/tools/bin/../lib/gcc/arm-none-eabi/13.3.1/thumb/v7e-m+fp/hard/crtbegin.o
                [!provide]                        PROVIDE (__fini_array_end = .)
                0x0800c17c                        . = ALIGN (0x4)
                0x0800c17c                        _sidata = LOADADDR (.data)

.rel.dyn        0x0800c17c        0x0
 .rel.iplt      0x0800c17c        0x0 C:/ST/STM32CubeIDE_1.14.1/STM32CubeIDE/plugins/com.st.stm32cube.ide.mcu.externaltools.gnu-tools-for-stm32.13.3.rel1.win32_1.0.0.202411081344/tools/bin/../lib/gcc/arm-none-eabi/13.3.1/thumb/v7e-m+fp/hard/crtbegin.o

.data           0x20000000       0x10 load address 0x0800c17c
                0x20000000                        . = ALIGN (0x4)
                0x20000000                        _sdata = .
 *(.data)
 *(.data*)
 .data.SystemCoreClock
                0x20000000        0x4 ./Core/Src/system_stm32f4xx.o
                0x20000000                SystemCoreClock
 .data.uwTickPrio
                0x20000004        0x4 ./Drivers/STM32F4xx_HAL_Driver/Src/stm32f4xx_hal.o
                0x20000004                uwTickPrio
 .data.uwTickFreq
                0x20000008        0x1 ./Drivers/STM32F4xx_HAL_Driver/Src/stm32f4xx_hal.o
                0x20000008                uwTickFreq
 .data.Stat     0x20000009        0x1 ./FATFS/Target/sd_diskio.o
 *fill*         0x2000000a        0x2 
 .data.uxCriticalNesting
                0x2000000c        0x4 ./Middlewares/Third_Party/FreeRTOS/Source/portable/GCC/ARM_CM4F/port.o
 *(.RamFunc)
 *(.RamFunc*)
                0x20000010                        . = ALIGN (0x4)
                0x20000010                        _edata = .
                0x0800c18c                        _siccmram = LOADADDR (.ccmram)

.igot.plt       0x20000010        0x0 load address 0x0800c18c
 .igot.plt      0x20000010        0x0 C:/ST/STM32CubeIDE_1.14.1/STM32CubeIDE/plugins/com.st.stm32cube.ide.mcu.externaltools.gnu-tools-for-stm32.13.3.rel1.win32_1.0.0.202411081344/tools/bin/../lib/gcc/arm-none-eabi/13.3.1/thumb/v7e-m+fp/hard/crtbegin.o

.ccmram         0x10000000        0x0 load address 0x0800c18c
                0x10000000                        . = ALIGN (0x4)
                0x10000000                        _sccmram = .
 *(.ccmram)
 *(.ccmram*)
                0x10000000                        . = ALIGN (0x4)
                0x10000000                        _eccmram = .
                0x10000000                        . = ALIGN (0x4)

.bss            0x20000010     0x42cc
                0x20000010                        _sbss = .
                0x20000010                        __bss_start__ = _sbss
 *(.bss)
 .bss           0x20000010       0x1c C:/ST/STM32CubeIDE_1.14.1/STM32CubeIDE/plugins/com.st.stm32cube.ide.mcu.externaltools.gnu-tools-for-stm32.13.3.rel1.win32_1.0.0.202411081344/tools/bin/../lib/gcc/arm-none-eabi/13.3.1/thumb/v7e-m+fp/hard/crtbegin.o
 *(.bss*)
 .bss.xIdleTaskTCBBuffer
                0x2000002c       0x54 ./Core/Src/freertos.o
 .bss.xIdleStack
                0x20000080      0x200 ./Core/Src/freertos.o
 .bss.hi2c1     0x20000280       0x54 ./Core/Src/main.o
                0x20000280                hi2c1
 .bss.hsd       0x200002d4       0x84 ./Core/Src/main.o
                0x200002d4                hsd
 .bss.hdma_sdio_rx
                0x20000358       0x60 ./Core/Src/main.o
                0x20000358                hdma_sdio_rx
 .bss.hdma_sdio_tx
                0x200003b8       0x60 ./Core/Src/main.o
                0x200003b8                hdma_sdio_tx
 .bss.hspi1     0x20000418       0x58 ./Core/Src/main.o
                0x20000418                hspi1
 .bss.htim1     0x20000470       0x48 ./Core/Src/main.o
                0x20000470                htim1
 .bss.huart1    0x200004b8       0x48 ./Core/Src/main.o
                0x200004b8                huart1
 .bss.defaultTaskHandle
                0x20000500        0x4 ./Core/Src/main.o
                0x20000500                defaultTaskHandle
 .bss.uwTick    0x20000504        0x4 ./Drivers/STM32F4xx_HAL_Driver/Src/stm32f4xx_hal.o
                0x20000504                uwTick
 .bss.retSD     0x20000508        0x1 ./FATFS/App/fatfs.o
                0x20000508                retSD
 *fill*         0x20000509        0x3 
 .bss.SDPath    0x2000050c        0x4 ./FATFS/App/fatfs.o
                0x2000050c                SDPath
 .bss.SDQueueID
                0x20000510        0x4 ./FATFS/Target/sd_diskio.o
 .bss.FatFs     0x20000514        0x4 ./Middlewares/Third_Party/FatFs/src/ff.o
 .bss.Fsid      0x20000518        0x2 ./Middlewares/Third_Party/FatFs/src/ff.o
 *fill*         0x2000051a        0x2 
 .bss.Files     0x2000051c       0x20 ./Middlewares/Third_Party/FatFs/src/ff.o
 .bss.disk      0x2000053c        0xc ./Middlewares/Third_Party/FatFs/src/ff_gen_drv.o
                0x2000053c                disk
 .bss.xQueueRegistry
                0x20000548       0x40 ./Middlewares/Third_Party/FreeRTOS/Source/queue.o
                0x20000548                xQueueRegistry
 .bss.pxCurrentTCB
                0x20000588        0x4 ./Middlewares/Third_Party/FreeRTOS/Source/tasks.o
                0x20000588                pxCurrentTCB
 .bss.pxReadyTasksLists
                0x2000058c       0x8c ./Middlewares/Third_Party/FreeRTOS/Source/tasks.o
 .bss.xDelayedTaskList1
                0x20000618       0x14 ./Middlewares/Third_Party/FreeRTOS/Source/tasks.o
 .bss.xDelayedTaskList2
                0x2000062c       0x14 ./Middlewares/Third_Party/FreeRTOS/Source/tasks.o
 .bss.pxDelayedTaskList
                0x20000640        0x4 ./Middlewares/Third_Party/FreeRTOS/Source/tasks.o
 .bss.pxOverflowDelayedTaskList
                0x20000644        0x4 ./Middlewares/Third_Party/FreeRTOS/Source/tasks.o
 .bss.xPendingReadyList
                0x20000648       0x14 ./Middlewares/Third_Party/FreeRTOS/Source/tasks.o
 .bss.xTasksWaitingTermination
                0x2000065c       0x14 ./Middlewares/Third_Party/FreeRTOS/Source/tasks.o
 .bss.uxDeletedTasksWaitingCleanUp
                0x20000670        0x4 ./Middlewares/Third_Party/FreeRTOS/Source/tasks.o
 .bss.xSuspendedTaskList
                0x20000674       0x14 ./Middlewares/Third_Party/FreeRTOS/Source/tasks.o
 .bss.uxCurrentNumberOfTasks
                0x20000688        0x4 ./Middlewares/Third_Party/FreeRTOS/Source/tasks.o
 .bss.xTickCount
                0x2000068c        0x4 ./Middlewares/Third_Party/FreeRTOS/Source/tasks.o
 .bss.uxTopReadyPriority
                0x20000690        0x4 ./Middlewares/Third_Party/FreeRTOS/Source/tasks.o
 .bss.xSchedulerRunning
                0x20000694        0x4 ./Middlewares/Third_Party/FreeRTOS/Source/tasks.o
 .bss.xPendedTicks
                0x20000698        0x4 ./Middlewares/Third_Party/FreeRTOS/Source/tasks.o
 .bss.xYieldPending
                0x2000069c        0x4 ./Middlewares/Third_Party/FreeRTOS/Source/tasks.o
 .bss.xNumOfOverflows
                0x200006a0        0x4 ./Middlewares/Third_Party/FreeRTOS/Source/tasks.o
 .bss.uxTaskNumber
                0x200006a4        0x4 ./Middlewares/Third_Party/FreeRTOS/Source/tasks.o
 .bss.xNextTaskUnblockTime
                0x200006a8        0x4 ./Middlewares/Third_Party/FreeRTOS/Source/tasks.o
 .bss.xIdleTaskHandle
                0x200006ac        0x4 ./Middlewares/Third_Party/FreeRTOS/Source/tasks.o
 .bss.uxSchedulerSuspended
                0x200006b0        0x4 ./Middlewares/Third_Party/FreeRTOS/Source/tasks.o
 .bss.ucMaxSysCallPriority
                0x200006b4        0x1 ./Middlewares/Third_Party/FreeRTOS/Source/portable/GCC/ARM_CM4F/port.o
 *fill*         0x200006b5        0x3 
 .bss.ulMaxPRIGROUPValue
                0x200006b8        0x4 ./Middlewares/Third_Party/FreeRTOS/Source/portable/GCC/ARM_CM4F/port.o
 .bss.ucHeap    0x200006bc     0x3c00 ./Middlewares/Third_Party/FreeRTOS/Source/portable/MemMang/heap_4.o
 .bss.xStart    0x200042bc        0x8 ./Middlewares/Third_Party/FreeRTOS/Source/portable/MemMang/heap_4.o
 .bss.pxEnd     0x200042c4        0x4 ./Middlewares/Third_Party/FreeRTOS/Source/portable/MemMang/heap_4.o
 .bss.xFreeBytesRemaining
                0x200042c8        0x4 ./Middlewares/Third_Party/FreeRTOS/Source/portable/MemMang/heap_4.o
 .bss.xMinimumEverFreeBytesRemaining
                0x200042cc        0x4 ./Middlewares/Third_Party/FreeRTOS/Source/portable/MemMang/heap_4.o
 .bss.xNumberOfSuccessfulAllocations
                0x200042d0        0x4 ./Middlewares/Third_Party/FreeRTOS/Source/portable/MemMang/heap_4.o
 .bss.xNumberOfSuccessfulFrees
                0x200042d4        0x4 ./Middlewares/Third_Party/FreeRTOS/Source/portable/MemMang/heap_4.o
 .bss.xBlockAllocatedBit
                0x200042d8        0x4 ./Middlewares/Third_Party/FreeRTOS/Source/portable/MemMang/heap_4.o
 *(COMMON)
                0x200042dc                        . = ALIGN (0x4)
                0x200042dc                        _ebss = .
                0x200042dc                        __bss_end__ = _ebss

._user_heap_stack
                0x200042dc      0x604
                0x200042e0                        . = ALIGN (0x8)
 *fill*         0x200042dc        0x4 
                [!provide]                        PROVIDE (end = .)
                0x200042e0                        PROVIDE (_end = .)
                0x200044e0                        . = (. + _Min_Heap_Size)
 *fill*         0x200042e0      0x200 
                0x200048e0                        . = (. + _Min_Stack_Size)
 *fill*         0x200044e0      0x400 
                0x200048e0                        . = ALIGN (0x8)

/DISCARD/
 libc.a(*)
 libm.a(*)
 libgcc.a(*)

.ARM.attributes
                0x00000000       0x30
 *(.ARM.attributes)
 .ARM.attributes
                0x00000000       0x22 C:/ST/STM32CubeIDE_1.14.1/STM32CubeIDE/plugins/com.st.stm32cube.ide.mcu.externaltools.gnu-tools-for-stm32.13.3.rel1.win32_1.0.0.202411081344/tools/bin/../lib/gcc/arm-none-eabi/13.3.1/thumb/v7e-m+fp/hard/crti.o
 .ARM.attributes
                0x00000022       0x34 C:/ST/STM32CubeIDE_1.14.1/STM32CubeIDE/plugins/com.st.stm32cube.ide.mcu.externaltools.gnu-tools-for-stm32.13.3.rel1.win32_1.0.0.202411081344/tools/bin/../lib/gcc/arm-none-eabi/13.3.1/thumb/v7e-m+fp/hard/crtbegin.o
 .ARM.attributes
                0x00000056       0x34 ./Core/Src/freertos.o
 .ARM.attributes
                0x0000008a       0x34 ./Core/Src/main.o
 .ARM.attributes
                0x000000be       0x34 ./Core/Src/stm32f4xx_hal_msp.o
 .ARM.attributes
                0x000000f2       0x34 ./Core/Src/stm32f4xx_it.o
 .ARM.attributes
                0x00000126       0x34 ./Core/Src/system_stm32f4xx.o
 .ARM.attributes
                0x0000015a       0x21 ./Core/Startup/startup_stm32f407vetx.o
 .ARM.attributes
                0x0000017b       0x34 ./Drivers/STM32F4xx_HAL_Driver/Src/stm32f4xx_hal.o
 .ARM.attributes
                0x000001af       0x34 ./Drivers/STM32F4xx_HAL_Driver/Src/stm32f4xx_hal_cortex.o
 .ARM.attributes
                0x000001e3       0x34 ./Drivers/STM32F4xx_HAL_Driver/Src/stm32f4xx_hal_dma.o
 .ARM.attributes
                0x00000217       0x34 ./Drivers/STM32F4xx_HAL_Driver/Src/stm32f4xx_hal_gpio.o
 .ARM.attributes
                0x0000024b       0x34 ./Drivers/STM32F4xx_HAL_Driver/Src/stm32f4xx_hal_i2c.o
 .ARM.attributes
                0x0000027f       0x34 ./Drivers/STM32F4xx_HAL_Driver/Src/stm32f4xx_hal_rcc.o
 .ARM.attributes
                0x000002b3       0x34 ./Drivers/STM32F4xx_HAL_Driver/Src/stm32f4xx_hal_sd.o
 .ARM.attributes
                0x000002e7       0x34 ./Drivers/STM32F4xx_HAL_Driver/Src/stm32f4xx_hal_spi.o
 .ARM.attributes
                0x0000031b       0x34 ./Drivers/STM32F4xx_HAL_Driver/Src/stm32f4xx_hal_tim.o
 .ARM.attributes
                0x0000034f       0x34 ./Drivers/STM32F4xx_HAL_Driver/Src/stm32f4xx_hal_tim_ex.o
 .ARM.attributes
                0x00000383       0x34 ./Drivers/STM32F4xx_HAL_Driver/Src/stm32f4xx_hal_uart.o
 .ARM.attributes
                0x000003b7       0x34 ./Drivers/STM32F4xx_HAL_Driver/Src/stm32f4xx_ll_sdmmc.o
 .ARM.attributes
                0x000003eb       0x34 ./FATFS/App/fatfs.o
 .ARM.attributes
                0x0000041f       0x34 ./FATFS/Target/bsp_driver_sd.o
 .ARM.attributes
                0x00000453       0x34 ./FATFS/Target/sd_diskio.o
 .ARM.attributes
                0x00000487       0x34 ./Middlewares/Third_Party/FatFs/src/diskio.o
 .ARM.attributes
                0x000004bb       0x34 ./Middlewares/Third_Party/FatFs/src/ff.o
 .ARM.attributes
                0x000004ef       0x34 ./Middlewares/Third_Party/FatFs/src/ff_gen_drv.o
 .ARM.attributes
                0x00000523       0x34 ./Middlewares/Third_Party/FatFs/src/option/ccsbcs.o
 .ARM.attributes
                0x00000557       0x34 ./Middlewares/Third_Party/FatFs/src/option/syscall.o
 .ARM.attributes
                0x0000058b       0x34 ./Middlewares/Third_Party/FreeRTOS/Source/CMSIS_RTOS/cmsis_os.o
 .ARM.attributes
                0x000005bf       0x34 ./Middlewares/Third_Party/FreeRTOS/Source/list.o
 .ARM.attributes
                0x000005f3       0x34 ./Middlewares/Third_Party/FreeRTOS/Source/queue.o
 .ARM.attributes
                0x00000627       0x34 ./Middlewares/Third_Party/FreeRTOS/Source/tasks.o
 .ARM.attributes
                0x0000065b       0x34 ./Middlewares/Third_Party/FreeRTOS/Source/portable/GCC/ARM_CM4F/port.o
 .ARM.attributes
                0x0000068f       0x34 ./Middlewares/Third_Party/FreeRTOS/Source/portable/MemMang/heap_4.o
 .ARM.attributes
                0x000006c3       0x34 C:/ST/STM32CubeIDE_1.14.1/STM32CubeIDE/plugins/com.st.stm32cube.ide.mcu.externaltools.gnu-tools-for-stm32.13.3.rel1.win32_1.0.0.202411081344/tools/bin/../lib/gcc/arm-none-eabi/13.3.1/../../../../arm-none-eabi/lib/thumb/v7e-m+fp/hard\libc_nano.a(libc_a-memset.o)
 .ARM.attributes
                0x000006f7       0x34 C:/ST/STM32CubeIDE_1.14.1/STM32CubeIDE/plugins/com.st.stm32cube.ide.mcu.externaltools.gnu-tools-for-stm32.13.3.rel1.win32_1.0.0.202411081344/tools/bin/../lib/gcc/arm-none-eabi/13.3.1/../../../../arm-none-eabi/lib/thumb/v7e-m+fp/hard\libc_nano.a(libc_a-init.o)
 .ARM.attributes
                0x0000072b       0x34 C:/ST/STM32CubeIDE_1.14.1/STM32CubeIDE/plugins/com.st.stm32cube.ide.mcu.externaltools.gnu-tools-for-stm32.13.3.rel1.win32_1.0.0.202411081344/tools/bin/../lib/gcc/arm-none-eabi/13.3.1/../../../../arm-none-eabi/lib/thumb/v7e-m+fp/hard\libc_nano.a(libc_a-memcpy-stub.o)
 .ARM.attributes
                0x0000075f       0x17 C:/ST/STM32CubeIDE_1.14.1/STM32CubeIDE/plugins/com.st.stm32cube.ide.mcu.externaltools.gnu-tools-for-stm32.13.3.rel1.win32_1.0.0.202411081344/tools/bin/../lib/gcc/arm-none-eabi/13.3.1/../../../../arm-none-eabi/lib/thumb/v7e-m+fp/hard\libc_nano.a(libc_a-strlen.o)
 .ARM.attributes
                0x00000776       0x22 C:/ST/STM32CubeIDE_1.14.1/STM32CubeIDE/plugins/com.st.stm32cube.ide.mcu.externaltools.gnu-tools-for-stm32.13.3.rel1.win32_1.0.0.202411081344/tools/bin/../lib/gcc/arm-none-eabi/13.3.1/thumb/v7e-m+fp/hard\libgcc.a(_aeabi_uldivmod.o)
 .ARM.attributes
                0x00000798       0x34 C:/ST/STM32CubeIDE_1.14.1/STM32CubeIDE/plugins/com.st.stm32cube.ide.mcu.externaltools.gnu-tools-for-stm32.13.3.rel1.win32_1.0.0.202411081344/tools/bin/../lib/gcc/arm-none-eabi/13.3.1/thumb/v7e-m+fp/hard\libgcc.a(_udivmoddi4.o)
 .ARM.attributes
                0x000007cc       0x22 C:/ST/STM32CubeIDE_1.14.1/STM32CubeIDE/plugins/com.st.stm32cube.ide.mcu.externaltools.gnu-tools-for-stm32.13.3.rel1.win32_1.0.0.202411081344/tools/bin/../lib/gcc/arm-none-eabi/13.3.1/thumb/v7e-m+fp/hard\libgcc.a(_dvmd_tls.o)
 .ARM.attributes
                0x000007ee       0x22 C:/ST/STM32CubeIDE_1.14.1/STM32CubeIDE/plugins/com.st.stm32cube.ide.mcu.externaltools.gnu-tools-for-stm32.13.3.rel1.win32_1.0.0.202411081344/tools/bin/../lib/gcc/arm-none-eabi/13.3.1/thumb/v7e-m+fp/hard/crtn.o
OUTPUT(Lab02.elf elf32-littlearm)
LOAD linker stubs
LOAD C:/ST/STM32CubeIDE_1.14.1/STM32CubeIDE/plugins/com.st.stm32cube.ide.mcu.externaltools.gnu-tools-for-stm32.13.3.rel1.win32_1.0.0.202411081344/tools/bin/../lib/gcc/arm-none-eabi/13.3.1/../../../../arm-none-eabi/lib/thumb/v7e-m+fp/hard\libc.a
LOAD C:/ST/STM32CubeIDE_1.14.1/STM32CubeIDE/plugins/com.st.stm32cube.ide.mcu.externaltools.gnu-tools-for-stm32.13.3.rel1.win32_1.0.0.202411081344/tools/bin/../lib/gcc/arm-none-eabi/13.3.1/../../../../arm-none-eabi/lib/thumb/v7e-m+fp/hard\libm.a
LOAD C:/ST/STM32CubeIDE_1.14.1/STM32CubeIDE/plugins/com.st.stm32cube.ide.mcu.externaltools.gnu-tools-for-stm32.13.3.rel1.win32_1.0.0.202411081344/tools/bin/../lib/gcc/arm-none-eabi/13.3.1/thumb/v7e-m+fp/hard\libgcc.a

.debug_info     0x00000000    0x1fc53
 .debug_info    0x00000000      0x279 ./Core/Src/freertos.o
 .debug_info    0x00000279     0x2537 ./Core/Src/main.o
 .debug_info    0x000027b0     0x1a1e ./Core/Src/stm32f4xx_hal_msp.o
 .debug_info    0x000041ce      0x72e ./Core/Src/stm32f4xx_it.o
 .debug_info    0x000048fc      0x512 ./Core/Src/system_stm32f4xx.o
 .debug_info    0x00004e0e       0x30 ./Core/Startup/startup_stm32f407vetx.o
 .debug_info    0x00004e3e      0x944 ./Drivers/STM32F4xx_HAL_Driver/Src/stm32f4xx_hal.o
 .debug_info    0x00005782      0xd8c ./Drivers/STM32F4xx_HAL_Driver/Src/stm32f4xx_hal_cortex.o
 .debug_info    0x0000650e      0x8e7 ./Drivers/STM32F4xx_HAL_Driver/Src/stm32f4xx_hal_dma.o
 .debug_info    0x00006df5      0x6c3 ./Drivers/STM32F4xx_HAL_Driver/Src/stm32f4xx_hal_gpio.o
 .debug_info    0x000074b8     0x2415 ./Drivers/STM32F4xx_HAL_Driver/Src/stm32f4xx_hal_i2c.o
 .debug_info    0x000098cd      0x8c3 ./Drivers/STM32F4xx_HAL_Driver/Src/stm32f4xx_hal_rcc.o
 .debug_info    0x0000a190     0x1bfb ./Drivers/STM32F4xx_HAL_Driver/Src/stm32f4xx_hal_sd.o
 .debug_info    0x0000bd8b     0x1525 ./Drivers/STM32F4xx_HAL_Driver/Src/stm32f4xx_hal_spi.o
 .debug_info    0x0000d2b0     0x299d ./Drivers/STM32F4xx_HAL_Driver/Src/stm32f4xx_hal_tim.o
 .debug_info    0x0000fc4d     0x14db ./Drivers/STM32F4xx_HAL_Driver/Src/stm32f4xx_hal_tim_ex.o
 .debug_info    0x00011128     0x2f4f ./Drivers/STM32F4xx_HAL_Driver/Src/stm32f4xx_hal_uart.o
 .debug_info    0x00014077     0x10c4 ./Drivers/STM32F4xx_HAL_Driver/Src/stm32f4xx_ll_sdmmc.o
 .debug_info    0x0001513b      0x536 ./FATFS/App/fatfs.o
 .debug_info    0x00015671      0xadc ./FATFS/Target/bsp_driver_sd.o
 .debug_info    0x0001614d      0x958 ./FATFS/Target/sd_diskio.o
 .debug_info    0x00016aa5      0x3df ./Middlewares/Third_Party/FatFs/src/diskio.o
 .debug_info    0x00016e84     0x2747 ./Middlewares/Third_Party/FatFs/src/ff.o
 .debug_info    0x000195cb      0x37f ./Middlewares/Third_Party/FatFs/src/ff_gen_drv.o
 .debug_info    0x0001994a      0x1b9 ./Middlewares/Third_Party/FatFs/src/option/ccsbcs.o
 .debug_info    0x00019b03      0x51a ./Middlewares/Third_Party/FatFs/src/option/syscall.o
 .debug_info    0x0001a01d     0x1b60 ./Middlewares/Third_Party/FreeRTOS/Source/CMSIS_RTOS/cmsis_os.o
 .debug_info    0x0001bb7d      0x2af ./Middlewares/Third_Party/FreeRTOS/Source/list.o
 .debug_info    0x0001be2c     0x17cd ./Middlewares/Third_Party/FreeRTOS/Source/queue.o
 .debug_info    0x0001d5f9     0x1ca7 ./Middlewares/Third_Party/FreeRTOS/Source/tasks.o
 .debug_info    0x0001f2a0      0x4de ./Middlewares/Third_Party/FreeRTOS/Source/portable/GCC/ARM_CM4F/port.o
 .debug_info    0x0001f77e      0x4d5 ./Middlewares/Third_Party/FreeRTOS/Source/portable/MemMang/heap_4.o

.debug_abbrev   0x00000000     0x4757
 .debug_abbrev  0x00000000       0xd2 ./Core/Src/freertos.o
 .debug_abbrev  0x000000d2      0x3c1 ./Core/Src/main.o
 .debug_abbrev  0x00000493      0x271 ./Core/Src/stm32f4xx_hal_msp.o
 .debug_abbrev  0x00000704      0x1a9 ./Core/Src/stm32f4xx_it.o
 .debug_abbrev  0x000008ad      0x11a ./Core/Src/system_stm32f4xx.o
 .debug_abbrev  0x000009c7       0x24 ./Core/Startup/startup_stm32f407vetx.o
 .debug_abbrev  0x000009eb      0x214 ./Drivers/STM32F4xx_HAL_Driver/Src/stm32f4xx_hal.o
 .debug_abbrev  0x00000bff      0x31d ./Drivers/STM32F4xx_HAL_Driver/Src/stm32f4xx_hal_cortex.o
 .debug_abbrev  0x00000f1c      0x264 ./Drivers/STM32F4xx_HAL_Driver/Src/stm32f4xx_hal_dma.o
 .debug_abbrev  0x00001180      0x1d4 ./Drivers/STM32F4xx_HAL_Driver/Src/stm32f4xx_hal_gpio.o
 .debug_abbrev  0x00001354      0x2ad ./Drivers/STM32F4xx_HAL_Driver/Src/stm32f4xx_hal_i2c.o
 .debug_abbrev  0x00001601      0x2b7 ./Drivers/STM32F4xx_HAL_Driver/Src/stm32f4xx_hal_rcc.o
 .debug_abbrev  0x000018b8      0x297 ./Drivers/STM32F4xx_HAL_Driver/Src/stm32f4xx_hal_sd.o
 .debug_abbrev  0x00001b4f      0x27a ./Drivers/STM32F4xx_HAL_Driver/Src/stm32f4xx_hal_spi.o
 .debug_abbrev  0x00001dc9      0x278 ./Drivers/STM32F4xx_HAL_Driver/Src/stm32f4xx_hal_tim.o
 .debug_abbrev  0x00002041      0x283 ./Drivers/STM32F4xx_HAL_Driver/Src/stm32f4xx_hal_tim_ex.o
 .debug_abbrev  0x000022c4      0x30e ./Drivers/STM32F4xx_HAL_Driver/Src/stm32f4xx_hal_uart.o
 .debug_abbrev  0x000025d2      0x1d6 ./Drivers/STM32F4xx_HAL_Driver/Src/stm32f4xx_ll_sdmmc.o
 .debug_abbrev  0x000027a8      0x167 ./FATFS/App/fatfs.o
 .debug_abbrev  0x0000290f      0x2a2 ./FATFS/Target/bsp_driver_sd.o
 .debug_abbrev  0x00002bb1      0x30c ./FATFS/Target/sd_diskio.o
 .debug_abbrev  0x00002ebd      0x181 ./Middlewares/Third_Party/FatFs/src/diskio.o
 .debug_abbrev  0x0000303e      0x2a9 ./Middlewares/Third_Party/FatFs/src/ff.o
 .debug_abbrev  0x000032e7      0x19f ./Middlewares/Third_Party/FatFs/src/ff_gen_drv.o
 .debug_abbrev  0x00003486       0xde ./Middlewares/Third_Party/FatFs/src/option/ccsbcs.o
 .debug_abbrev  0x00003564      0x1c0 ./Middlewares/Third_Party/FatFs/src/option/syscall.o
 .debug_abbrev  0x00003724      0x3b7 ./Middlewares/Third_Party/FreeRTOS/Source/CMSIS_RTOS/cmsis_os.o
 .debug_abbrev  0x00003adb       0xf5 ./Middlewares/Third_Party/FreeRTOS/Source/list.o
 .debug_abbrev  0x00003bd0      0x3b5 ./Middlewares/Third_Party/FreeRTOS/Source/queue.o
 .debug_abbrev  0x00003f85      0x359 ./Middlewares/Third_Party/FreeRTOS/Source/tasks.o
 .debug_abbrev  0x000042de      0x25c ./Middlewares/Third_Party/FreeRTOS/Source/portable/GCC/ARM_CM4F/port.o
 .debug_abbrev  0x0000453a      0x21d ./Middlewares/Third_Party/FreeRTOS/Source/portable/MemMang/heap_4.o

.debug_aranges  0x00000000     0x1e00
 .debug_aranges
                0x00000000       0x20 ./Core/Src/freertos.o
 .debug_aranges
                0x00000020       0x70 ./Core/Src/main.o
 .debug_aranges
                0x00000090       0x70 ./Core/Src/stm32f4xx_hal_msp.o
 .debug_aranges
                0x00000100       0x68 ./Core/Src/stm32f4xx_it.o
 .debug_aranges
                0x00000168       0x28 ./Core/Src/system_stm32f4xx.o
 .debug_aranges
                0x00000190       0x28 ./Core/Startup/startup_stm32f407vetx.o
 .debug_aranges
                0x000001b8       0xf0 ./Drivers/STM32F4xx_HAL_Driver/Src/stm32f4xx_hal.o
 .debug_aranges
                0x000002a8      0x130 ./Drivers/STM32F4xx_HAL_Driver/Src/stm32f4xx_hal_cortex.o
 .debug_aranges
                0x000003d8       0x90 ./Drivers/STM32F4xx_HAL_Driver/Src/stm32f4xx_hal_dma.o
 .debug_aranges
                0x00000468       0x58 ./Drivers/STM32F4xx_HAL_Driver/Src/stm32f4xx_hal_gpio.o
 .debug_aranges
                0x000004c0      0x2a8 ./Drivers/STM32F4xx_HAL_Driver/Src/stm32f4xx_hal_i2c.o
 .debug_aranges
                0x00000768       0x88 ./Drivers/STM32F4xx_HAL_Driver/Src/stm32f4xx_hal_rcc.o
 .debug_aranges
                0x000007f0      0x168 ./Drivers/STM32F4xx_HAL_Driver/Src/stm32f4xx_hal_sd.o
 .debug_aranges
                0x00000958      0x1d0 ./Drivers/STM32F4xx_HAL_Driver/Src/stm32f4xx_hal_spi.o
 .debug_aranges
                0x00000b28      0x3d0 ./Drivers/STM32F4xx_HAL_Driver/Src/stm32f4xx_hal_tim.o
 .debug_aranges
                0x00000ef8      0x168 ./Drivers/STM32F4xx_HAL_Driver/Src/stm32f4xx_hal_tim_ex.o
 .debug_aranges
                0x00001060      0x208 ./Drivers/STM32F4xx_HAL_Driver/Src/stm32f4xx_hal_uart.o
 .debug_aranges
                0x00001268      0x188 ./Drivers/STM32F4xx_HAL_Driver/Src/stm32f4xx_ll_sdmmc.o
 .debug_aranges
                0x000013f0       0x28 ./FATFS/App/fatfs.o
 .debug_aranges
                0x00001418       0xa0 ./FATFS/Target/bsp_driver_sd.o
 .debug_aranges
                0x000014b8       0x60 ./FATFS/Target/sd_diskio.o
 .debug_aranges
                0x00001518       0x48 ./Middlewares/Third_Party/FatFs/src/diskio.o
 .debug_aranges
                0x00001560      0x240 ./Middlewares/Third_Party/FatFs/src/ff.o
 .debug_aranges
                0x000017a0       0x40 ./Middlewares/Third_Party/FatFs/src/ff_gen_drv.o
 .debug_aranges
                0x000017e0       0x28 ./Middlewares/Third_Party/FatFs/src/option/ccsbcs.o
 .debug_aranges
                0x00001808       0x48 ./Middlewares/Third_Party/FatFs/src/option/syscall.o
 .debug_aranges
                0x00001850      0x1d8 ./Middlewares/Third_Party/FreeRTOS/Source/CMSIS_RTOS/cmsis_os.o
 .debug_aranges
                0x00001a28       0x40 ./Middlewares/Third_Party/FreeRTOS/Source/list.o
 .debug_aranges
                0x00001a68      0x108 ./Middlewares/Third_Party/FreeRTOS/Source/queue.o
 .debug_aranges
                0x00001b70      0x1b8 ./Middlewares/Third_Party/FreeRTOS/Source/tasks.o
 .debug_aranges
                0x00001d28       0x80 ./Middlewares/Third_Party/FreeRTOS/Source/portable/GCC/ARM_CM4F/port.o
 .debug_aranges
                0x00001da8       0x58 ./Middlewares/Third_Party/FreeRTOS/Source/portable/MemMang/heap_4.o

.debug_rnglists
                0x00000000     0x1776
 .debug_rnglists
                0x00000000       0x13 ./Core/Src/freertos.o
 .debug_rnglists
                0x00000013       0x53 ./Core/Src/main.o
 .debug_rnglists
                0x00000066       0x54 ./Core/Src/stm32f4xx_hal_msp.o
 .debug_rnglists
                0x000000ba       0x49 ./Core/Src/stm32f4xx_it.o
 .debug_rnglists
                0x00000103       0x1a ./Core/Src/system_stm32f4xx.o
 .debug_rnglists
                0x0000011d       0x19 ./Core/Startup/startup_stm32f407vetx.o
 .debug_rnglists
                0x00000136       0xaf ./Drivers/STM32F4xx_HAL_Driver/Src/stm32f4xx_hal.o
 .debug_rnglists
                0x000001e5       0xe0 ./Drivers/STM32F4xx_HAL_Driver/Src/stm32f4xx_hal_cortex.o
 .debug_rnglists
                0x000002c5       0x70 ./Drivers/STM32F4xx_HAL_Driver/Src/stm32f4xx_hal_dma.o
 .debug_rnglists
                0x00000335       0x3f ./Drivers/STM32F4xx_HAL_Driver/Src/stm32f4xx_hal_gpio.o
 .debug_rnglists
                0x00000374      0x23c ./Drivers/STM32F4xx_HAL_Driver/Src/stm32f4xx_hal_i2c.o
 .debug_rnglists
                0x000005b0       0x66 ./Drivers/STM32F4xx_HAL_Driver/Src/stm32f4xx_hal_rcc.o
 .debug_rnglists
                0x00000616      0x121 ./Drivers/STM32F4xx_HAL_Driver/Src/stm32f4xx_hal_sd.o
 .debug_rnglists
                0x00000737      0x16f ./Drivers/STM32F4xx_HAL_Driver/Src/stm32f4xx_hal_spi.o
 .debug_rnglists
                0x000008a6      0x31a ./Drivers/STM32F4xx_HAL_Driver/Src/stm32f4xx_hal_tim.o
 .debug_rnglists
                0x00000bc0      0x125 ./Drivers/STM32F4xx_HAL_Driver/Src/stm32f4xx_hal_tim_ex.o
 .debug_rnglists
                0x00000ce5      0x1bc ./Drivers/STM32F4xx_HAL_Driver/Src/stm32f4xx_hal_uart.o
 .debug_rnglists
                0x00000ea1      0x125 ./Drivers/STM32F4xx_HAL_Driver/Src/stm32f4xx_ll_sdmmc.o
 .debug_rnglists
                0x00000fc6       0x19 ./FATFS/App/fatfs.o
 .debug_rnglists
                0x00000fdf       0x73 ./FATFS/Target/bsp_driver_sd.o
 .debug_rnglists
                0x00001052       0x47 ./FATFS/Target/sd_diskio.o
 .debug_rnglists
                0x00001099       0x31 ./Middlewares/Third_Party/FatFs/src/diskio.o
 .debug_rnglists
                0x000010ca      0x1d5 ./Middlewares/Third_Party/FatFs/src/ff.o
 .debug_rnglists
                0x0000129f       0x2c ./Middlewares/Third_Party/FatFs/src/ff_gen_drv.o
 .debug_rnglists
                0x000012cb       0x1a ./Middlewares/Third_Party/FatFs/src/option/ccsbcs.o
 .debug_rnglists
                0x000012e5       0x31 ./Middlewares/Third_Party/FatFs/src/option/syscall.o
 .debug_rnglists
                0x00001316      0x16a ./Middlewares/Third_Party/FreeRTOS/Source/CMSIS_RTOS/cmsis_os.o
 .debug_rnglists
                0x00001480       0x2b ./Middlewares/Third_Party/FreeRTOS/Source/list.o
 .debug_rnglists
                0x000014ab       0xcd ./Middlewares/Third_Party/FreeRTOS/Source/queue.o
 .debug_rnglists
                0x00001578      0x15f ./Middlewares/Third_Party/FreeRTOS/Source/tasks.o
 .debug_rnglists
                0x000016d7       0x5d ./Middlewares/Third_Party/FreeRTOS/Source/portable/GCC/ARM_CM4F/port.o
 .debug_rnglists