../Core/Inc/mpu6050.h:31:21:mpu6050_accel_g	1
../Core/Inc/mpu6050.h:32:21:mpu6050_gyro_dps	1
../Core/Src/main.c:104:5:main	2
../Core/Src/main.c:231:6:SystemClock_Config	3
../Core/Src/main.c:277:13:MX_I2C1_Init	2
../Core/Src/main.c:311:13:MX_SDIO_SD_Init	1
../Core/Src/main.c:338:13:MX_SPI1_Init	2
../Core/Src/main.c:376:13:MX_TIM1_Init	6
../Core/Src/main.c:435:13:MX_USART1_UART_Init	2
../Core/Src/main.c:466:13:MX_DMA_Init	1
../Core/Src/main.c:487:13:MX_GPIO_Init	1
../Core/Src/main.c:544:6:HAL_TIM_IC_CaptureCallback	2
../Core/Src/main.c:554:6:StartEventDetectTask	2
../Core/Src/main.c:584:6:StartDisplayTask	2
../Core/Src/main.c:626:6:StartSensorsTask	3
../Core/Src/main.c:685:6:StartSDCardTask	3
../Core/Src/main.c:750:6:Error_Handler	1
