../Core/Src/main.c:86:5:main	48	static
../Core/Src/main.c:167:6:SystemClock_Config	88	static
../Core/Src/main.c:213:13:MX_I2C1_Init	8	static
../Core/Src/main.c:247:13:MX_SDIO_SD_Init	4	static
../Core/Src/main.c:283:13:MX_SPI1_Init	8	static
../Core/Src/main.c:321:13:MX_TIM1_Init	48	static
../Core/Src/main.c:380:13:MX_USART1_UART_Init	8	static
../Core/Src/main.c:411:13:MX_DMA_Init	16	static
../Core/Src/main.c:432:13:MX_GPIO_Init	56	static
../Core/Src/main.c:499:6:StartDefaultTask	1216	static
../Core/Src/main.c:563:6:Error_Handler	4	static,ignoring_inline_asm
