../Core/Src/st7789.c:18:13:ST7789_Select	8	static
../Core/Src/st7789.c:22:13:ST7789_Unselect	8	static
../Core/Src/st7789.c:26:13:ST7789_Reset	8	static
../Core/Src/st7789.c:33:13:ST7789_WriteCommand	16	static
../Core/Src/st7789.c:40:13:ST7789_WriteData	16	static
../Core/Src/st7789.c:48:13:ST7789_SetAddressWindow	32	static
../Core/Src/st7789.c:72:6:ST7789_Init	16	static
../Core/Src/st7789.c:95:6:ST7789_DrawPixel	24	static
../Core/Src/st7789.c:103:6:ST7789_FillRectangle	32	static
../Core/Src/st7789.c:122:6:ST7789_FillScreen	24	static
../Core/Src/st7789.c:134:6:ST7789_DrawChar	48	static
../Core/Src/st7789.c:167:6:ST7789_DrawText	48	static
../Core/Src/st7789.c:183:13:swap_uint16	24	static
../Core/Src/st7789.c:192:6:ST7789_DrawHorizontalLine	32	static
../Core/Src/st7789.c:200:6:ST7789_DrawVerticalLine	32	static
../Core/Src/st7789.c:208:6:ST7789_DrawLine	40	static
../Core/Src/st7789.c:247:6:ST7789_DrawRectangle	24	static
../Core/Src/st7789.c:257:6:ST7789_DrawTriangle	32	static
../Core/Src/st7789.c:266:6:ST7789_FillTriangle	56	static
../Core/Src/st7789.c:318:6:ST7789_DrawCircle	32	static
../Core/Src/st7789.c:334:6:ST7789_FillCircle	32	static
../Core/Src/st7789.c:346:13:drawCircleHelper	40	static
../Core/Src/st7789.c:382:13:fillCircleHelper	40	static
../Core/Src/st7789.c:414:6:ST7789_DrawRoundRect	32	static
../Core/Src/st7789.c:430:6:ST7789_FillRoundRect	32	static
